Archive member included to satisfy reference by file (symbol)

c:/program files (x86)/gnu arm embedded toolchain/10 2021.10/bin/../lib/gcc/arm-none-eabi/10.3.1/../../../../arm-none-eabi/lib/thumb/v7e-m+fp/hard\libc_nano.a(lib_a-exit.o)
                              c:/program files (x86)/gnu arm embedded toolchain/10 2021.10/bin/../lib/gcc/arm-none-eabi/10.3.1/../../../../arm-none-eabi/lib/thumb/v7e-m+fp/hard/crt0.o (exit)
c:/program files (x86)/gnu arm embedded toolchain/10 2021.10/bin/../lib/gcc/arm-none-eabi/10.3.1/../../../../arm-none-eabi/lib/thumb/v7e-m+fp/hard\libc_nano.a(lib_a-impure.o)
                              c:/program files (x86)/gnu arm embedded toolchain/10 2021.10/bin/../lib/gcc/arm-none-eabi/10.3.1/../../../../arm-none-eabi/lib/thumb/v7e-m+fp/hard\libc_nano.a(lib_a-exit.o) (_global_impure_ptr)
c:/program files (x86)/gnu arm embedded toolchain/10 2021.10/bin/../lib/gcc/arm-none-eabi/10.3.1/../../../../arm-none-eabi/lib/thumb/v7e-m+fp/hard\libc_nano.a(lib_a-init.o)
                              c:/program files (x86)/gnu arm embedded toolchain/10 2021.10/bin/../lib/gcc/arm-none-eabi/10.3.1/../../../../arm-none-eabi/lib/thumb/v7e-m+fp/hard/crt0.o (__libc_init_array)
c:/program files (x86)/gnu arm embedded toolchain/10 2021.10/bin/../lib/gcc/arm-none-eabi/10.3.1/../../../../arm-none-eabi/lib/thumb/v7e-m+fp/hard\libc_nano.a(lib_a-malloc.o)
                              build/usbh_cdc.o (malloc)
c:/program files (x86)/gnu arm embedded toolchain/10 2021.10/bin/../lib/gcc/arm-none-eabi/10.3.1/../../../../arm-none-eabi/lib/thumb/v7e-m+fp/hard\libc_nano.a(lib_a-memset.o)
                              c:/program files (x86)/gnu arm embedded toolchain/10 2021.10/bin/../lib/gcc/arm-none-eabi/10.3.1/../../../../arm-none-eabi/lib/thumb/v7e-m+fp/hard/crt0.o (memset)
c:/program files (x86)/gnu arm embedded toolchain/10 2021.10/bin/../lib/gcc/arm-none-eabi/10.3.1/../../../../arm-none-eabi/lib/thumb/v7e-m+fp/hard\libc_nano.a(lib_a-nano-freer.o)
                              c:/program files (x86)/gnu arm embedded toolchain/10 2021.10/bin/../lib/gcc/arm-none-eabi/10.3.1/../../../../arm-none-eabi/lib/thumb/v7e-m+fp/hard\libc_nano.a(lib_a-malloc.o) (_free_r)
c:/program files (x86)/gnu arm embedded toolchain/10 2021.10/bin/../lib/gcc/arm-none-eabi/10.3.1/../../../../arm-none-eabi/lib/thumb/v7e-m+fp/hard\libc_nano.a(lib_a-nano-mallocr.o)
                              c:/program files (x86)/gnu arm embedded toolchain/10 2021.10/bin/../lib/gcc/arm-none-eabi/10.3.1/../../../../arm-none-eabi/lib/thumb/v7e-m+fp/hard\libc_nano.a(lib_a-malloc.o) (_malloc_r)
c:/program files (x86)/gnu arm embedded toolchain/10 2021.10/bin/../lib/gcc/arm-none-eabi/10.3.1/../../../../arm-none-eabi/lib/thumb/v7e-m+fp/hard\libc_nano.a(lib_a-sbrkr.o)
                              c:/program files (x86)/gnu arm embedded toolchain/10 2021.10/bin/../lib/gcc/arm-none-eabi/10.3.1/../../../../arm-none-eabi/lib/thumb/v7e-m+fp/hard\libc_nano.a(lib_a-nano-mallocr.o) (_sbrk_r)
c:/program files (x86)/gnu arm embedded toolchain/10 2021.10/bin/../lib/gcc/arm-none-eabi/10.3.1/../../../../arm-none-eabi/lib/thumb/v7e-m+fp/hard\libc_nano.a(lib_a-mlock.o)
                              c:/program files (x86)/gnu arm embedded toolchain/10 2021.10/bin/../lib/gcc/arm-none-eabi/10.3.1/../../../../arm-none-eabi/lib/thumb/v7e-m+fp/hard\libc_nano.a(lib_a-nano-freer.o) (__malloc_lock)
c:/program files (x86)/gnu arm embedded toolchain/10 2021.10/bin/../lib/gcc/arm-none-eabi/10.3.1/../../../../arm-none-eabi/lib/thumb/v7e-m+fp/hard\libc_nano.a(lib_a-reent.o)
                              c:/program files (x86)/gnu arm embedded toolchain/10 2021.10/bin/../lib/gcc/arm-none-eabi/10.3.1/../../../../arm-none-eabi/lib/thumb/v7e-m+fp/hard\libc_nano.a(lib_a-sbrkr.o) (errno)
c:/program files (x86)/gnu arm embedded toolchain/10 2021.10/bin/../lib/gcc/arm-none-eabi/10.3.1/../../../../arm-none-eabi/lib/thumb/v7e-m+fp/hard\libc_nano.a(lib_a-lock.o)
                              c:/program files (x86)/gnu arm embedded toolchain/10 2021.10/bin/../lib/gcc/arm-none-eabi/10.3.1/../../../../arm-none-eabi/lib/thumb/v7e-m+fp/hard\libc_nano.a(lib_a-mlock.o) (__retarget_lock_acquire_recursive)
c:/program files (x86)/gnu arm embedded toolchain/10 2021.10/bin/../lib/gcc/arm-none-eabi/10.3.1/../../../../arm-none-eabi/lib/thumb/v7e-m+fp/hard\libnosys.a(sbrk.o)
                              c:/program files (x86)/gnu arm embedded toolchain/10 2021.10/bin/../lib/gcc/arm-none-eabi/10.3.1/../../../../arm-none-eabi/lib/thumb/v7e-m+fp/hard\libc_nano.a(lib_a-sbrkr.o) (_sbrk)
c:/program files (x86)/gnu arm embedded toolchain/10 2021.10/bin/../lib/gcc/arm-none-eabi/10.3.1/../../../../arm-none-eabi/lib/thumb/v7e-m+fp/hard\libnosys.a(_exit.o)
                              c:/program files (x86)/gnu arm embedded toolchain/10 2021.10/bin/../lib/gcc/arm-none-eabi/10.3.1/../../../../arm-none-eabi/lib/thumb/v7e-m+fp/hard\libc_nano.a(lib_a-exit.o) (_exit)
[...]
Memory Configuration

Name             Origin             Length             Attributes
RAM              0x20000000         0x00020000         xrw
CCMRAM           0x10000000         0x00010000         xrw
FLASH            0x08000000         0x00100000         xr
*default*        0x00000000         0xffffffff

Linker script and memory map

LOAD c:/program files (x86)/gnu arm embedded toolchain/10 2021.10/bin/../lib/gcc/arm-none-eabi/10.3.1/thumb/v7e-m+fp/hard/crti.o
LOAD c:/program files (x86)/gnu arm embedded toolchain/10 2021.10/bin/../lib/gcc/arm-none-eabi/10.3.1/thumb/v7e-m+fp/hard/crtbegin.o
LOAD c:/program files (x86)/gnu arm embedded toolchain/10 2021.10/bin/../lib/gcc/arm-none-eabi/10.3.1/../../../../arm-none-eabi/lib/thumb/v7e-m+fp/hard/crt0.o
LOAD build/main.o
LOAD build/gpio.o
LOAD build/i2c.o
LOAD build/i2s.o
LOAD build/spi.o
LOAD build/stm32f4xx_it.o
LOAD build/stm32f4xx_hal_msp.o
LOAD build/usb_host.o
LOAD build/usbh_conf.o
LOAD build/usbh_platform.o
LOAD build/stm32f4xx_hal_hcd.o
LOAD build/stm32f4xx_ll_usb.o
LOAD build/stm32f4xx_hal_rcc.o
LOAD build/stm32f4xx_hal_rcc_ex.o
LOAD build/stm32f4xx_hal_flash.o
LOAD build/stm32f4xx_hal_flash_ex.o
LOAD build/stm32f4xx_hal_flash_ramfunc.o
LOAD build/stm32f4xx_hal_gpio.o
LOAD build/stm32f4xx_hal_dma_ex.o
LOAD build/stm32f4xx_hal_dma.o
LOAD build/stm32f4xx_hal_pwr.o
LOAD build/stm32f4xx_hal_pwr_ex.o
LOAD build/stm32f4xx_hal_cortex.o
LOAD build/stm32f4xx_hal.o
LOAD build/stm32f4xx_hal_exti.o
LOAD build/stm32f4xx_hal_i2c.o
LOAD build/stm32f4xx_hal_i2c_ex.o
LOAD build/stm32f4xx_hal_i2s.o
LOAD build/stm32f4xx_hal_i2s_ex.o
LOAD build/stm32f4xx_hal_spi.o
LOAD build/stm32f4xx_hal_tim.o
LOAD build/stm32f4xx_hal_tim_ex.o
LOAD build/system_stm32f4xx.o
LOAD build/usbh_core.o
LOAD build/usbh_ctlreq.o
LOAD build/usbh_ioreq.o
LOAD build/usbh_pipes.o
LOAD build/usbh_cdc.o
LOAD build/startup_stm32f407xx.o
LOAD c:/program files (x86)/gnu arm embedded toolchain/10 2021.10/bin/../lib/gcc/arm-none-eabi/10.3.1/../../../../arm-none-eabi/lib/thumb/v7e-m+fp/hard\libc_nano.a
LOAD c:/program files (x86)/gnu arm embedded toolchain/10 2021.10/bin/../lib/gcc/arm-none-eabi/10.3.1/../../../../arm-none-eabi/lib/thumb/v7e-m+fp/hard\libm.a
LOAD c:/program files (x86)/gnu arm embedded toolchain/10 2021.10/bin/../lib/gcc/arm-none-eabi/10.3.1/../../../../arm-none-eabi/lib/thumb/v7e-m+fp/hard\libnosys.a
START GROUP
LOAD c:/program files (x86)/gnu arm embedded toolchain/10 2021.10/bin/../lib/gcc/arm-none-eabi/10.3.1/thumb/v7e-m+fp/hard\libgcc.a
LOAD c:/program files (x86)/gnu arm embedded toolchain/10 2021.10/bin/../lib/gcc/arm-none-eabi/10.3.1/../../../../arm-none-eabi/lib/thumb/v7e-m+fp/hard\libc_nano.a
END GROUP
START GROUP
LOAD c:/program files (x86)/gnu arm embedded toolchain/10 2021.10/bin/../lib/gcc/arm-none-eabi/10.3.1/thumb/v7e-m+fp/hard\libgcc.a
LOAD c:/program files (x86)/gnu arm embedded toolchain/10 2021.10/bin/../lib/gcc/arm-none-eabi/10.3.1/../../../../arm-none-eabi/lib/thumb/v7e-m+fp/hard\libc_nano.a
END GROUP
LOAD c:/program files (x86)/gnu arm embedded toolchain/10 2021.10/bin/../lib/gcc/arm-none-eabi/10.3.1/thumb/v7e-m+fp/hard/crtend.o
LOAD c:/program files (x86)/gnu arm embedded toolchain/10 2021.10/bin/../lib/gcc/arm-none-eabi/10.3.1/thumb/v7e-m+fp/hard/crtn.o
                0x20020000                _estack = (ORIGIN (RAM) + LENGTH (RAM))
                0x00000200                _Min_Heap_Size = 0x200
                0x00000400                _Min_Stack_Size = 0x400

.isr_vector     0x08000000      0x188
                0x08000000                . = ALIGN (0x4)
 *(.isr_vector)
 .isr_vector    0x08000000      0x188 build/startup_stm32f407xx.o
                0x08000000                g_pfnVectors
                0x08000188                . = ALIGN (0x4)

.text           0x08000188     0x1d14
                0x08000188                . = ALIGN (0x4)
 *(.text)
 .text          0x08000188       0x40 c:/program files (x86)/gnu arm embedded toolchain/10 2021.10/bin/../lib/gcc/arm-none-eabi/10.3.1/thumb/v7e-m+fp/hard/crtbegin.o
 .text          0x080001c8       0x30 c:/program files (x86)/gnu arm embedded toolchain/10 2021.10/bin/../lib/gcc/arm-none-eabi/10.3.1/thumb/v7e-m+fp/hard\libgcc.a(_aeabi_uldivmod.o)
                0x080001c8                __aeabi_uldivmod
 .text          0x080001f8      0x2d0 c:/program files (x86)/gnu arm embedded toolchain/10 2021.10/bin/../lib/gcc/arm-none-eabi/10.3.1/thumb/v7e-m+fp/hard\libgcc.a(_udivmoddi4.o)
                0x080001f8                __udivmoddi4
 .text          0x080004c8        0x4 c:/program files (x86)/gnu arm embedded toolchain/10 2021.10/bin/../lib/gcc/arm-none-eabi/10.3.1/thumb/v7e-m+fp/hard\libgcc.a(_dvmd_tls.o)
                0x080004c8                __aeabi_idiv0
                0x080004c8                __aeabi_ldiv0
 *(.text*)
 .text.Error_Handler
                0x080004cc        0x4 build/main.o
                0x080004cc                Error_Handler
 .text.SystemClock_Config
                0x080004d0       0xa4 build/main.o
                0x080004d0                SystemClock_Config
 .text.main     0x08000574       0x6c build/main.o
                0x08000574                main
 .text.gpio_led_state
                0x080005e0       0x4c build/gpio.o
                0x080005e0                gpio_led_state
 .text.MX_GPIO_Init
                0x0800062c      0x1a8 build/gpio.o
                0x0800062c                MX_GPIO_Init
 .text.NMI_Handler
                0x080007d4        0x2 build/stm32f4xx_it.o
                0x080007d4                NMI_Handler
 .text.HardFault_Handler
                0x080007d6        0x2 build/stm32f4xx_it.o
                0x080007d6                HardFault_Handler
 .text.MemManage_Handler
                0x080007d8        0x2 build/stm32f4xx_it.o
                0x080007d8                MemManage_Handler
 .text.BusFault_Handler
                0x080007da        0x2 build/stm32f4xx_it.o
                0x080007da                BusFault_Handler
 .text.UsageFault_Handler
                0x080007dc        0x2 build/stm32f4xx_it.o
                0x080007dc                UsageFault_Handler
 .text.SVC_Handler
                0x080007de        0x2 build/stm32f4xx_it.o
                0x080007de                SVC_Handler
 .text.DebugMon_Handler
                0x080007e0        0x2 build/stm32f4xx_it.o
                0x080007e0                DebugMon_Handler
 .text.PendSV_Handler
                0x080007e2        0x2 build/stm32f4xx_it.o
                0x080007e2                PendSV_Handler
 .text.SysTick_Handler
                0x080007e4        0x8 build/stm32f4xx_it.o
                0x080007e4                SysTick_Handler
 .text.OTG_FS_IRQHandler
                0x080007ec       0x10 build/stm32f4xx_it.o
                0x080007ec                OTG_FS_IRQHandler
 .text.HAL_MspInit
                0x080007fc       0x40 build/stm32f4xx_hal_msp.o
                0x080007fc                HAL_MspInit
 .text.HAL_HCD_SOF_Callback
                0x0800083c        0xc build/usbh_conf.o
                0x0800083c                HAL_HCD_SOF_Callback
 .text.HAL_HCD_Connect_Callback
                0x08000848        0xc build/usbh_conf.o
                0x08000848                HAL_HCD_Connect_Callback
 .text.HAL_HCD_Disconnect_Callback
                0x08000854        0xc build/usbh_conf.o
                0x08000854                HAL_HCD_Disconnect_Callback
 .text.HAL_HCD_HC_NotifyURBChange_Callback
                0x08000860        0x2 build/usbh_conf.o
                0x08000860                HAL_HCD_HC_NotifyURBChange_Callback
 .text.HAL_HCD_PortEnabled_Callback
                0x08000862        0xc build/usbh_conf.o
                0x08000862                HAL_HCD_PortEnabled_Callback
 .text.HAL_HCD_PortDisabled_Callback
                0x0800086e        0xc build/usbh_conf.o
                0x0800086e                HAL_HCD_PortDisabled_Callback
 .text.USBH_Get_USB_Status
                0x0800087a       0x14 build/usbh_conf.o
                0x0800087a                USBH_Get_USB_Status
 .text.USBH_LL_Stop
                0x0800088e       0x10 build/usbh_conf.o
                0x0800088e                USBH_LL_Stop
 .text.HCD_RXQLVL_IRQHandler
                0x0800089e       0x9e build/stm32f4xx_hal_hcd.o
 .text.HCD_Port_IRQHandler
                0x0800093c       0xb0 build/stm32f4xx_hal_hcd.o
 .text.HCD_HC_IN_IRQHandler
                0x080009ec      0x2b6 build/stm32f4xx_hal_hcd.o
 .text.HCD_HC_OUT_IRQHandler
                0x08000ca2      0x2c2 build/stm32f4xx_hal_hcd.o
 .text.HAL_HCD_IRQHandler
                0x08000f64      0x154 build/stm32f4xx_hal_hcd.o
                0x08000f64                HAL_HCD_IRQHandler
 .text.HAL_HCD_Stop
                0x080010b8       0x24 build/stm32f4xx_hal_hcd.o
                0x080010b8                HAL_HCD_Stop
 .text.USB_EnableGlobalInt
                0x080010dc        0xc build/stm32f4xx_ll_usb.o
                0x080010dc                USB_EnableGlobalInt
 .text.USB_DisableGlobalInt
                0x080010e8        0xc build/stm32f4xx_ll_usb.o
                0x080010e8                USB_DisableGlobalInt
 .text.USB_FlushTxFifo
                0x080010f4       0x50 build/stm32f4xx_ll_usb.o
                0x080010f4                USB_FlushTxFifo
 .text.USB_FlushRxFifo
                0x08001144       0x4c build/stm32f4xx_ll_usb.o
                0x08001144                USB_FlushRxFifo
 .text.USB_ReadPacket
                0x08001190       0x54 build/stm32f4xx_ll_usb.o
                0x08001190                USB_ReadPacket
 .text.USB_ReadInterrupts
                0x080011e4        0x8 build/stm32f4xx_ll_usb.o
                0x080011e4                USB_ReadInterrupts
 .text.USB_GetMode
                0x080011ec        0x8 build/stm32f4xx_ll_usb.o
                0x080011ec                USB_GetMode
 .text.USB_InitFSLSPClkSel
                0x080011f4       0x3e build/stm32f4xx_ll_usb.o
                0x080011f4                USB_InitFSLSPClkSel
 .text.USB_HC_ReadInterrupt
                0x08001232        0xa build/stm32f4xx_ll_usb.o
                0x08001232                USB_HC_ReadInterrupt
 .text.USB_HC_Halt
                0x0800123c       0xe6 build/stm32f4xx_ll_usb.o
                0x0800123c                USB_HC_Halt
 .text.USB_StopHost
                0x08001322       0x92 build/stm32f4xx_ll_usb.o
                0x08001322                USB_StopHost
 .text.HAL_RCC_OscConfig
                0x080013b4      0x3f8 build/stm32f4xx_hal_rcc.o
                0x080013b4                HAL_RCC_OscConfig
 .text.HAL_RCC_GetSysClockFreq
                0x080017ac       0xd4 build/stm32f4xx_hal_rcc.o
                0x080017ac                HAL_RCC_GetSysClockFreq
 .text.HAL_RCC_ClockConfig
                0x08001880      0x160 build/stm32f4xx_hal_rcc.o
                0x08001880                HAL_RCC_ClockConfig
 .text.HAL_GPIO_Init
                0x080019e0      0x1e4 build/stm32f4xx_hal_gpio.o
                0x080019e0                HAL_GPIO_Init
 .text.HAL_GPIO_WritePin
                0x08001bc4        0xc build/stm32f4xx_hal_gpio.o
                0x08001bc4                HAL_GPIO_WritePin
 .text.HAL_NVIC_SetPriorityGrouping
                0x08001bd0       0x24 build/stm32f4xx_hal_cortex.o
                0x08001bd0                HAL_NVIC_SetPriorityGrouping
 .text.HAL_NVIC_SetPriority
                0x08001bf4       0x70 build/stm32f4xx_hal_cortex.o
                0x08001bf4                HAL_NVIC_SetPriority
 .text.HAL_SYSTICK_Config
                0x08001c64       0x28 build/stm32f4xx_hal_cortex.o
                0x08001c64                HAL_SYSTICK_Config
 .text.HAL_InitTick
                0x08001c8c       0x4c build/stm32f4xx_hal.o
                0x08001c8c                HAL_InitTick
 .text.HAL_Init
                0x08001cd8       0x34 build/stm32f4xx_hal.o
                0x08001cd8                HAL_Init
 .text.HAL_IncTick
                0x08001d0c       0x18 build/stm32f4xx_hal.o
                0x08001d0c                HAL_IncTick
 .text.HAL_GetTick
                0x08001d24        0xc build/stm32f4xx_hal.o
                0x08001d24                HAL_GetTick
 .text.SystemInit
                0x08001d30       0x14 build/system_stm32f4xx.o
                0x08001d30                SystemInit
 .text.USBH_HandleSof
                0x08001d44       0x1a build/usbh_core.o
 .text.USBH_LL_IncTimer
                0x08001d5e       0x12 build/usbh_core.o
                0x08001d5e                USBH_LL_IncTimer
 .text.USBH_LL_PortEnabled
                0x08001d70        0x8 build/usbh_core.o
                0x08001d70                USBH_LL_PortEnabled
 .text.USBH_LL_PortDisabled
                0x08001d78        0x8 build/usbh_core.o
                0x08001d78                USBH_LL_PortDisabled
 .text.USBH_LL_Connect
                0x08001d80       0x14 build/usbh_core.o
                0x08001d80                USBH_LL_Connect
 .text.USBH_LL_Disconnect
                0x08001d94       0x2c build/usbh_core.o
                0x08001d94                USBH_LL_Disconnect
 .text.USBH_FreePipe
                0x08001dc0       0x16 build/usbh_pipes.o
                0x08001dc0                USBH_FreePipe
 *fill*         0x08001dd6        0x2 
 .text.Reset_Handler
                0x08001dd8       0x50 build/startup_stm32f407xx.o
                0x08001dd8                Reset_Handler
 .text.Default_Handler
                0x08001e28        0x2 build/startup_stm32f407xx.o
                0x08001e28                RTC_Alarm_IRQHandler
                0x08001e28                HASH_RNG_IRQHandler
                0x08001e28                EXTI2_IRQHandler
                0x08001e28                TIM8_CC_IRQHandler
                0x08001e28                TIM1_CC_IRQHandler
                0x08001e28                DMA2_Stream5_IRQHandler
                0x08001e28                DMA1_Stream5_IRQHandler
                0x08001e28                PVD_IRQHandler
                0x08001e28                SDIO_IRQHandler
                0x08001e28                TAMP_STAMP_IRQHandler
                0x08001e28                CAN2_RX1_IRQHandler
                0x08001e28                EXTI3_IRQHandler
                0x08001e28                TIM8_TRG_COM_TIM14_IRQHandler
                0x08001e28                TIM1_UP_TIM10_IRQHandler
                0x08001e28                TIM8_UP_TIM13_IRQHandler
                0x08001e28                I2C3_ER_IRQHandler
                0x08001e28                EXTI0_IRQHandler
                0x08001e28                I2C2_EV_IRQHandler
                0x08001e28                DMA1_Stream2_IRQHandler
                0x08001e28                CAN1_RX0_IRQHandler
                0x08001e28                FPU_IRQHandler
                0x08001e28                OTG_HS_WKUP_IRQHandler
                0x08001e28                CAN2_SCE_IRQHandler
                0x08001e28                DMA2_Stream2_IRQHandler
                0x08001e28                SPI1_IRQHandler
                0x08001e28                TIM6_DAC_IRQHandler
                0x08001e28                TIM1_BRK_TIM9_IRQHandler
                0x08001e28                DCMI_IRQHandler
                0x08001e28                CAN2_RX0_IRQHandler
                0x08001e28                DMA2_Stream3_IRQHandler
                0x08001e28                USART6_IRQHandler
                0x08001e28                USART3_IRQHandler
                0x08001e28                CAN1_RX1_IRQHandler
                0x08001e28                UART5_IRQHandler
                0x08001e28                DMA2_Stream0_IRQHandler
                0x08001e28                TIM4_IRQHandler
                0x08001e28                I2C1_EV_IRQHandler
                0x08001e28                DMA1_Stream6_IRQHandler
                0x08001e28                DMA1_Stream1_IRQHandler
                0x08001e28                UART4_IRQHandler
                0x08001e28                TIM3_IRQHandler
                0x08001e28                RCC_IRQHandler
                0x08001e28                TIM8_BRK_TIM12_IRQHandler
                0x08001e28                Default_Handler
                0x08001e28                EXTI15_10_IRQHandler
                0x08001e28                ADC_IRQHandler
                0x08001e28                DMA1_Stream7_IRQHandler
                0x08001e28                TIM7_IRQHandler
                0x08001e28                CAN2_TX_IRQHandler
                0x08001e28                TIM5_IRQHandler
                0x08001e28                DMA2_Stream7_IRQHandler
                0x08001e28                I2C3_EV_IRQHandler
                0x08001e28                EXTI9_5_IRQHandler
                0x08001e28                RTC_WKUP_IRQHandler
                0x08001e28                ETH_WKUP_IRQHandler
                0x08001e28                SPI2_IRQHandler
                0x08001e28                OTG_HS_EP1_IN_IRQHandler
                0x08001e28                DMA1_Stream0_IRQHandler
                0x08001e28                CAN1_TX_IRQHandler
                0x08001e28                EXTI4_IRQHandler
                0x08001e28                FSMC_IRQHandler
                0x08001e28                ETH_IRQHandler
                0x08001e28                OTG_HS_EP1_OUT_IRQHandler
                0x08001e28                WWDG_IRQHandler
                0x08001e28                TIM2_IRQHandler
                0x08001e28                OTG_FS_WKUP_IRQHandler
                0x08001e28                TIM1_TRG_COM_TIM11_IRQHandler
                0x08001e28                OTG_HS_IRQHandler
                0x08001e28                EXTI1_IRQHandler
                0x08001e28                USART2_IRQHandler
                0x08001e28                I2C2_ER_IRQHandler
                0x08001e28                DMA2_Stream1_IRQHandler
                0x08001e28                CAN1_SCE_IRQHandler
                0x08001e28                FLASH_IRQHandler
                0x08001e28                DMA2_Stream4_IRQHandler
                0x08001e28                USART1_IRQHandler
                0x08001e28                SPI3_IRQHandler
                0x08001e28                DMA1_Stream4_IRQHandler
                0x08001e28                I2C1_ER_IRQHandler
                0x08001e28                DMA2_Stream6_IRQHandler
                0x08001e28                DMA1_Stream3_IRQHandler
 *fill*         0x08001e2a        0x2 
 .text.__libc_init_array
                0x08001e2c       0x48 c:/program files (x86)/gnu arm embedded toolchain/10 2021.10/bin/../lib/gcc/arm-none-eabi/10.3.1/../../../../arm-none-eabi/lib/thumb/v7e-m+fp/hard\libc_nano.a(lib_a-init.o)
                0x08001e2c                __libc_init_array
 .text.memset   0x08001e74       0x10 c:/program files (x86)/gnu arm embedded toolchain/10 2021.10/bin/../lib/gcc/arm-none-eabi/10.3.1/../../../../arm-none-eabi/lib/thumb/v7e-m+fp/hard\libc_nano.a(lib_a-memset.o)
                0x08001e74                memset
 *(.glue_7)
 .glue_7        0x08001e84        0x0 linker stubs
 *(.glue_7t)
 .glue_7t       0x08001e84        0x0 linker stubs
 *(.eh_frame)
 .eh_frame      0x08001e84        0x0 c:/program files (x86)/gnu arm embedded toolchain/10 2021.10/bin/../lib/gcc/arm-none-eabi/10.3.1/thumb/v7e-m+fp/hard/crtbegin.o
 *(.init)
 .init          0x08001e84        0x4 c:/program files (x86)/gnu arm embedded toolchain/10 2021.10/bin/../lib/gcc/arm-none-eabi/10.3.1/thumb/v7e-m+fp/hard/crti.o
                0x08001e84                _init
 .init          0x08001e88        0x8 c:/program files (x86)/gnu arm embedded toolchain/10 2021.10/bin/../lib/gcc/arm-none-eabi/10.3.1/thumb/v7e-m+fp/hard/crtn.o
 *(.fini)
 .fini          0x08001e90        0x4 c:/program files (x86)/gnu arm embedded toolchain/10 2021.10/bin/../lib/gcc/arm-none-eabi/10.3.1/thumb/v7e-m+fp/hard/crti.o
                0x08001e90                _fini
 .fini          0x08001e94        0x8 c:/program files (x86)/gnu arm embedded toolchain/10 2021.10/bin/../lib/gcc/arm-none-eabi/10.3.1/thumb/v7e-m+fp/hard/crtn.o
                0x08001e9c                . = ALIGN (0x4)
                0x08001e9c                _etext = .

.vfp11_veneer   0x08001e9c        0x0
 .vfp11_veneer  0x08001e9c        0x0 linker stubs

.v4_bx          0x08001e9c        0x0
 .v4_bx         0x08001e9c        0x0 linker stubs

.iplt           0x08001e9c        0x0
 .iplt          0x08001e9c        0x0 c:/program files (x86)/gnu arm embedded toolchain/10 2021.10/bin/../lib/gcc/arm-none-eabi/10.3.1/thumb/v7e-m+fp/hard/crtbegin.o

.rodata         0x08001e9c       0x10
                0x08001e9c                . = ALIGN (0x4)
 *(.rodata)
 *(.rodata*)
 .rodata.AHBPrescTable
                0x08001e9c       0x10 build/system_stm32f4xx.o
                0x08001e9c                AHBPrescTable
                0x08001eac                . = ALIGN (0x4)

.ARM.extab
 *(.ARM.extab* .gnu.linkonce.armextab.*)

.ARM            0x08001eac        0x8
                0x08001eac                __exidx_start = .
 *(.ARM.exidx*)
 .ARM.exidx     0x08001eac        0x8 c:/program files (x86)/gnu arm embedded toolchain/10 2021.10/bin/../lib/gcc/arm-none-eabi/10.3.1/thumb/v7e-m+fp/hard\libgcc.a(_udivmoddi4.o)
                0x08001eb4                __exidx_end = .

.rel.dyn        0x08001eb4        0x0
 .rel.iplt      0x08001eb4        0x0 c:/program files (x86)/gnu arm embedded toolchain/10 2021.10/bin/../lib/gcc/arm-none-eabi/10.3.1/thumb/v7e-m+fp/hard/crtbegin.o

.preinit_array  0x08001eb4        0x0
                0x08001eb4                PROVIDE (__preinit_array_start = .)
 *(.preinit_array*)
                0x08001eb4                PROVIDE (__preinit_array_end = .)

.init_array     0x08001eb4        0x4
                0x08001eb4                PROVIDE (__init_array_start = .)
 *(SORT_BY_NAME(.init_array.*))
 *(.init_array*)
 .init_array    0x08001eb4        0x4 c:/program files (x86)/gnu arm embedded toolchain/10 2021.10/bin/../lib/gcc/arm-none-eabi/10.3.1/thumb/v7e-m+fp/hard/crtbegin.o
                0x08001eb8                PROVIDE (__init_array_end = .)

.fini_array     0x08001eb8        0x4
                [!provide]                PROVIDE (__fini_array_start = .)
 *(SORT_BY_NAME(.fini_array.*))
 *(.fini_array*)
 .fini_array    0x08001eb8        0x4 c:/program files (x86)/gnu arm embedded toolchain/10 2021.10/bin/../lib/gcc/arm-none-eabi/10.3.1/thumb/v7e-m+fp/hard/crtbegin.o
                [!provide]                PROVIDE (__fini_array_end = .)
                0x08001ebc                _sidata = LOADADDR (.data)

.data           0x20000000        0xc load address 0x08001ebc
                0x20000000                . = ALIGN (0x4)
                0x20000000                _sdata = .
 *(.data)
 *(.data*)
 .data.uwTickFreq
                0x20000000        0x1 build/stm32f4xx_hal.o
                0x20000000                uwTickFreq
 *fill*         0x20000001        0x3 
 .data.uwTickPrio
                0x20000004        0x4 build/stm32f4xx_hal.o
                0x20000004                uwTickPrio
 .data.SystemCoreClock
                0x20000008        0x4 build/system_stm32f4xx.o
                0x20000008                SystemCoreClock
                0x2000000c                . = ALIGN (0x4)
                0x2000000c                _edata = .
                0x08001ec8                _siccmram = LOADADDR (.ccmram)

.igot.plt       0x2000000c        0x0 load address 0x08001ec8
 .igot.plt      0x2000000c        0x0 c:/program files (x86)/gnu arm embedded toolchain/10 2021.10/bin/../lib/gcc/arm-none-eabi/10.3.1/thumb/v7e-m+fp/hard/crtbegin.o

.ccmram         0x10000000        0x0 load address 0x08001ec8
                0x10000000                . = ALIGN (0x4)
                0x10000000                _sccmram = .
 *(.ccmram)
 *(.ccmram*)
                0x10000000                . = ALIGN (0x4)
                0x10000000                _eccmram = .
                0x10000000                . = ALIGN (0x4)

.bss            0x2000000c      0x324
                0x2000000c                _sbss = .
                0x2000000c                __bss_start__ = _sbss
 *(.bss)
 .bss           0x2000000c       0x1c c:/program files (x86)/gnu arm embedded toolchain/10 2021.10/bin/../lib/gcc/arm-none-eabi/10.3.1/thumb/v7e-m+fp/hard/crtbegin.o
 *(.bss*)
 .bss.hhcd_USB_OTG_FS
                0x20000028      0x304 build/usbh_conf.o
                0x20000028                hhcd_USB_OTG_FS
 .bss.uwTick    0x2000032c        0x4 build/stm32f4xx_hal.o
                0x2000032c                uwTick
 *(COMMON)
                0x20000330                . = ALIGN (0x4)
                0x20000330                _ebss = .
                0x20000330                __bss_end__ = _ebss

._user_heap_stack
                0x20000330      0x600
                0x20000330                . = ALIGN (0x8)
                0x20000330                PROVIDE (end = .)
                [!provide]                PROVIDE (_end = .)
                0x20000530                . = (. + _Min_Heap_Size)
 *fill*         0x20000330      0x200 
                0x20000930                . = (. + _Min_Stack_Size)
 *fill*         0x20000530      0x400 
                0x20000930                . = ALIGN (0x8)

/DISCARD/
 libc.a(*)
 libm.a(*)
 libgcc.a(*)

.ARM.attributes
                0x00000000       0x30
 *(.ARM.attributes)
 .ARM.attributes
                0x00000000       0x1e c:/program files (x86)/gnu arm embedded toolchain/10 2021.10/bin/../lib/gcc/arm-none-eabi/10.3.1/thumb/v7e-m+fp/hard/crti.o
 .ARM.attributes
                0x0000001e       0x34 c:/program files (x86)/gnu arm embedded toolchain/10 2021.10/bin/../lib/gcc/arm-none-eabi/10.3.1/thumb/v7e-m+fp/hard/crtbegin.o
 .ARM.attributes
                0x00000052       0x34 build/main.o
 .ARM.attributes
                0x00000086       0x34 build/gpio.o
 .ARM.attributes
                0x000000ba       0x34 build/stm32f4xx_it.o
 .ARM.attributes
                0x000000ee       0x34 build/stm32f4xx_hal_msp.o
 .ARM.attributes
                0x00000122       0x34 build/usbh_conf.o
 .ARM.attributes
                0x00000156       0x34 build/stm32f4xx_hal_hcd.o
 .ARM.attributes
                0x0000018a       0x34 build/stm32f4xx_ll_usb.o
 .ARM.attributes
                0x000001be       0x34 build/stm32f4xx_hal_rcc.o
 .ARM.attributes
                0x000001f2       0x34 build/stm32f4xx_hal_gpio.o
 .ARM.attributes
                0x00000226       0x34 build/stm32f4xx_hal_cortex.o
 .ARM.attributes
                0x0000025a       0x34 build/stm32f4xx_hal.o
 .ARM.attributes
                0x0000028e       0x34 build/system_stm32f4xx.o
 .ARM.attributes
                0x000002c2       0x34 build/usbh_core.o
 .ARM.attributes
                0x000002f6       0x34 build/usbh_pipes.o
 .ARM.attributes
                0x0000032a       0x21 build/startup_stm32f407xx.o
 .ARM.attributes
                0x0000034b       0x34 c:/program files (x86)/gnu arm embedded toolchain/10 2021.10/bin/../lib/gcc/arm-none-eabi/10.3.1/../../../../arm-none-eabi/lib/thumb/v7e-m+fp/hard\libc_nano.a(lib_a-init.o)
 .ARM.attributes
                0x0000037f       0x34 c:/program files (x86)/gnu arm embedded toolchain/10 2021.10/bin/../lib/gcc/arm-none-eabi/10.3.1/../../../../arm-none-eabi/lib/thumb/v7e-m+fp/hard\libc_nano.a(lib_a-memset.o)
 .ARM.attributes
                0x000003b3       0x1e c:/program files (x86)/gnu arm embedded toolchain/10 2021.10/bin/../lib/gcc/arm-none-eabi/10.3.1/thumb/v7e-m+fp/hard\libgcc.a(_aeabi_uldivmod.o)
 .ARM.attributes
                0x000003d1       0x34 c:/program files (x86)/gnu arm embedded toolchain/10 2021.10/bin/../lib/gcc/arm-none-eabi/10.3.1/thumb/v7e-m+fp/hard\libgcc.a(_udivmoddi4.o)
 .ARM.attributes
                0x00000405       0x1e c:/program files (x86)/gnu arm embedded toolchain/10 2021.10/bin/../lib/gcc/arm-none-eabi/10.3.1/thumb/v7e-m+fp/hard\libgcc.a(_dvmd_tls.o)
 .ARM.attributes
                0x00000423       0x1e c:/program files (x86)/gnu arm embedded toolchain/10 2021.10/bin/../lib/gcc/arm-none-eabi/10.3.1/thumb/v7e-m+fp/hard/crtn.o
OUTPUT(build/Labos_zadaca_GPIO.elf elf32-littlearm)
LOAD linker stubs
LOAD c:/program files (x86)/gnu arm embedded toolchain/10 2021.10/bin/../lib/gcc/arm-none-eabi/10.3.1/../../../../arm-none-eabi/lib/thumb/v7e-m+fp/hard\libc.a
LOAD c:/program files (x86)/gnu arm embedded toolchain/10 2021.10/bin/../lib/gcc/arm-none-eabi/10.3.1/../../../../arm-none-eabi/lib/thumb/v7e-m+fp/hard\libm.a
LOAD c:/program files (x86)/gnu arm embedded toolchain/10 2021.10/bin/../lib/gcc/arm-none-eabi/10.3.1/thumb/v7e-m+fp/hard\libgcc.a

.debug_info     0x00000000     0xc9a9
 .debug_info    0x00000000      0x6fb build/main.o
 .debug_info    0x000006fb      0x739 build/gpio.o
 .debug_info    0x00000e34      0x72d build/stm32f4xx_it.o
 .debug_info    0x00001561      0x311 build/stm32f4xx_hal_msp.o
 .debug_info    0x00001872     0x212a build/usbh_conf.o
 .debug_info    0x0000399c     0x15ae build/stm32f4xx_hal_hcd.o
 .debug_info    0x00004f4a     0x2164 build/stm32f4xx_ll_usb.o
 .debug_info    0x000070ae      0xbe6 build/stm32f4xx_hal_rcc.o
 .debug_info    0x00007c94      0x848 build/stm32f4xx_hal_gpio.o
 .debug_info    0x000084dc     0x1174 build/stm32f4xx_hal_cortex.o
 .debug_info    0x00009650      0xacf build/stm32f4xx_hal.o
 .debug_info    0x0000a11f      0x5b3 build/system_stm32f4xx.o
 .debug_info    0x0000a6d2     0x1658 build/usbh_core.o
 .debug_info    0x0000bd2a      0xc5d build/usbh_pipes.o
 .debug_info    0x0000c987       0x22 build/startup_stm32f407xx.o

.debug_abbrev   0x00000000     0x2073
 .debug_abbrev  0x00000000      0x200 build/main.o
 .debug_abbrev  0x00000200      0x179 build/gpio.o
 .debug_abbrev  0x00000379      0x168 build/stm32f4xx_it.o
 .debug_abbrev  0x000004e1       0xf7 build/stm32f4xx_hal_msp.o
 .debug_abbrev  0x000005d8      0x380 build/usbh_conf.o
 .debug_abbrev  0x00000958      0x2b8 build/stm32f4xx_hal_hcd.o
 .debug_abbrev  0x00000c10      0x2f9 build/stm32f4xx_ll_usb.o
 .debug_abbrev  0x00000f09      0x2aa build/stm32f4xx_hal_rcc.o
 .debug_abbrev  0x000011b3      0x22b build/stm32f4xx_hal_gpio.o
 .debug_abbrev  0x000013de      0x382 build/stm32f4xx_hal_cortex.o
 .debug_abbrev  0x00001760      0x209 build/stm32f4xx_hal.o
 .debug_abbrev  0x00001969      0x11b build/system_stm32f4xx.o
 .debug_abbrev  0x00001a84      0x359 build/usbh_core.o
 .debug_abbrev  0x00001ddd      0x284 build/usbh_pipes.o
 .debug_abbrev  0x00002061       0x12 build/startup_stm32f407xx.o

.debug_loc      0x00000000     0x71e8
 .debug_loc     0x00000000       0xac build/main.o
 .debug_loc     0x000000ac      0x136 build/gpio.o
 .debug_loc     0x000001e2       0x40 build/stm32f4xx_it.o
 .debug_loc     0x00000222       0x38 build/stm32f4xx_hal_msp.o
 .debug_loc     0x0000025a      0xba3 build/usbh_conf.o
 .debug_loc     0x00000dfd     0x1454 build/stm32f4xx_hal_hcd.o
 .debug_loc     0x00002251     0x2abe build/stm32f4xx_ll_usb.o
 .debug_loc     0x00004d0f      0x6e4 build/stm32f4xx_hal_rcc.o
 .debug_loc     0x000053f3      0x5e8 build/stm32f4xx_hal_gpio.o
 .debug_loc     0x000059db      0x7a4 build/stm32f4xx_hal_cortex.o
 .debug_loc     0x0000617f      0x1e1 build/stm32f4xx_hal.o
 .debug_loc     0x00006360      0x158 build/system_stm32f4xx.o
 .debug_loc     0x000064b8      0xac2 build/usbh_core.o
 .debug_loc     0x00006f7a      0x26e build/usbh_pipes.o

.debug_aranges  0x00000000      0x818
 .debug_aranges
                0x00000000       0x30 build/main.o
 .debug_aranges
                0x00000030       0x28 build/gpio.o
 .debug_aranges
                0x00000058       0x68 build/stm32f4xx_it.o
 .debug_aranges
                0x000000c0       0x20 build/stm32f4xx_hal_msp.o
 .debug_aranges
                0x000000e0       0xd8 build/usbh_conf.o
 .debug_aranges
                0x000001b8       0xf8 build/stm32f4xx_hal_hcd.o
 .debug_aranges
                0x000002b0      0x1a0 build/stm32f4xx_ll_usb.o
 .debug_aranges
                0x00000450       0x88 build/stm32f4xx_hal_rcc.o
 .debug_aranges
                0x000004d8       0x58 build/stm32f4xx_hal_gpio.o
 .debug_aranges
                0x00000530       0xa8 build/stm32f4xx_hal_cortex.o
 .debug_aranges
                0x000005d8       0xf0 build/stm32f4xx_hal.o
 .debug_aranges
                0x000006c8       0x28 build/system_stm32f4xx.o
 .debug_aranges
                0x000006f0       0xc0 build/usbh_core.o
 .debug_aranges
                0x000007b0       0x40 build/usbh_pipes.o
 .debug_aranges
                0x000007f0       0x28 build/startup_stm32f407xx.o

.debug_ranges   0x00000000      0x7c0
 .debug_ranges  0x00000000       0x38 build/main.o
 .debug_ranges  0x00000038       0x18 build/gpio.o
 .debug_ranges  0x00000050       0x58 build/stm32f4xx_it.o
 .debug_ranges  0x000000a8       0x10 build/stm32f4xx_hal_msp.o
 .debug_ranges  0x000000b8       0xc8 build/usbh_conf.o
 .debug_ranges  0x00000180       0xe8 build/stm32f4xx_hal_hcd.o
 .debug_ranges  0x00000268      0x190 build/stm32f4xx_ll_usb.o
 .debug_ranges  0x000003f8       0x90 build/stm32f4xx_hal_rcc.o
 .debug_ranges  0x00000488       0x48 build/stm32f4xx_hal_gpio.o
 .debug_ranges  0x000004d0       0xf8 build/stm32f4xx_hal_cortex.o
 .debug_ranges  0x000005c8       0xe0 build/stm32f4xx_hal.o
 .debug_ranges  0x000006a8       0x18 build/system_stm32f4xx.o
 .debug_ranges  0x000006c0       0xb0 build/usbh_core.o
 .debug_ranges  0x00000770       0x30 build/usbh_pipes.o
 .debug_ranges  0x000007a0       0x20 build/startup_stm32f407xx.o

.debug_line     0x00000000     0x73c5
 .debug_line    0x00000000      0x37b build/main.o
 .debug_line    0x0000037b      0x33f build/gpio.o
 .debug_line    0x000006ba      0x2e2 build/stm32f4xx_it.o
 .debug_line    0x0000099c      0x1ab build/stm32f4xx_hal_msp.o
 .debug_line    0x00000b47      0x6f6 build/usbh_conf.o
 .debug_line    0x0000123d     0x10cf build/stm32f4xx_hal_hcd.o
 .debug_line    0x0000230c     0x1e46 build/stm32f4xx_ll_usb.o
 .debug_line    0x00004152      0xb24 build/stm32f4xx_hal_rcc.o
 .debug_line    0x00004c76      0x6f5 build/stm32f4xx_hal_gpio.o
 .debug_line    0x0000536b      0x78c build/stm32f4xx_hal_cortex.o
 .debug_line    0x00005af7      0x579 build/stm32f4xx_hal.o
 .debug_line    0x00006070      0x264 build/system_stm32f4xx.o
 .debug_line    0x000062d4      0xdf5 build/usbh_core.o
 .debug_line    0x000070c9      0x286 build/usbh_pipes.o
 .debug_line    0x0000734f       0x76 build/startup_stm32f407xx.o

.debug_str      0x00000000     0x3118
 .debug_str     0x00000000      0x42a build/main.o
                                0x47b (size before relaxing)
 .debug_str     0x0000042a       0xd7 build/gpio.o
                                0x3a1 (size before relaxing)
 .debug_str     0x00000501      0x487 build/stm32f4xx_it.o
                                0x689 (size before relaxing)
 .debug_str     0x00000988       0x46 build/stm32f4xx_hal_msp.o
                                0x2c8 (size before relaxing)
 .debug_str     0x000009ce     0x1172 build/usbh_conf.o
                               0x193b (size before relaxing)
 .debug_str     0x00001b40      0x33b build/stm32f4xx_hal_hcd.o
                                0xb2e (size before relaxing)
 .debug_str     0x00001e7b      0x531 build/stm32f4xx_ll_usb.o
                                0xc8f (size before relaxing)
 .debug_str     0x000023ac      0x22f build/stm32f4xx_hal_rcc.o
                                0x6f6 (size before relaxing)
 .debug_str     0x000025db      0x117 build/stm32f4xx_hal_gpio.o
                                0x4d0 (size before relaxing)
 .debug_str     0x000026f2      0x4bd build/stm32f4xx_hal_cortex.o
                                0xc1c (size before relaxing)
 .debug_str     0x00002baf      0x295 build/stm32f4xx_hal.o
                                0xb4a (size before relaxing)
 .debug_str     0x00002e44       0x47 build/system_stm32f4xx.o
                                0x365 (size before relaxing)
 .debug_str     0x00002e8b      0x205 build/usbh_core.o
                                0xcda (size before relaxing)
 .debug_str     0x00003090       0x64 build/usbh_pipes.o
                                0xa79 (size before relaxing)
 .debug_str     0x000030f4       0x24 build/startup_stm32f407xx.o
                                 0x5a (size before relaxing)

.comment        0x00000000       0x49
 .comment       0x00000000       0x49 build/main.o
                                 0x4a (size before relaxing)
 .comment       0x00000049       0x4a build/gpio.o
 .comment       0x00000049       0x4a build/stm32f4xx_it.o
 .comment       0x00000049       0x4a build/stm32f4xx_hal_msp.o
 .comment       0x00000049       0x4a build/usbh_conf.o
 .comment       0x00000049       0x4a build/stm32f4xx_hal_hcd.o
 .comment       0x00000049       0x4a build/stm32f4xx_ll_usb.o
 .comment       0x00000049       0x4a build/stm32f4xx_hal_rcc.o
 .comment       0x00000049       0x4a build/stm32f4xx_hal_gpio.o
 .comment       0x00000049       0x4a build/stm32f4xx_hal_cortex.o
 .comment       0x00000049       0x4a build/stm32f4xx_hal.o
 .comment       0x00000049       0x4a build/system_stm32f4xx.o
 .comment       0x00000049       0x4a build/usbh_core.o
 .comment       0x00000049       0x4a build/usbh_pipes.o

.debug_frame    0x00000000     0x13f8
 .debug_frame   0x00000000       0x58 build/main.o
 .debug_frame   0x00000058       0x54 build/gpio.o
 .debug_frame   0x000000ac       0xc0 build/stm32f4xx_it.o
 .debug_frame   0x0000016c       0x2c build/stm32f4xx_hal_msp.o
 .debug_frame   0x00000198      0x24c build/usbh_conf.o
 .debug_frame   0x000003e4      0x2a8 build/stm32f4xx_hal_hcd.o
 .debug_frame   0x0000068c      0x4ac build/stm32f4xx_ll_usb.o
 .debug_frame   0x00000b38      0x16c build/stm32f4xx_hal_rcc.o
 .debug_frame   0x00000ca4       0xd8 build/stm32f4xx_hal_gpio.o
 .debug_frame   0x00000d7c      0x148 build/stm32f4xx_hal_cortex.o
 .debug_frame   0x00000ec4      0x1ec build/stm32f4xx_hal.o
 .debug_frame   0x000010b0       0x30 build/system_stm32f4xx.o
 .debug_frame   0x000010e0      0x1e8 build/usbh_core.o
 .debug_frame   0x000012c8       0x84 build/usbh_pipes.o
 .debug_frame   0x0000134c       0x2c c:/program files (x86)/gnu arm embedded toolchain/10 2021.10/bin/../lib/gcc/arm-none-eabi/10.3.1/../../../../arm-none-eabi/lib/thumb/v7e-m+fp/hard\libc_nano.a(lib_a-init.o)
 .debug_frame   0x00001378       0x20 c:/program files (x86)/gnu arm embedded toolchain/10 2021.10/bin/../lib/gcc/arm-none-eabi/10.3.1/../../../../arm-none-eabi/lib/thumb/v7e-m+fp/hard\libc_nano.a(lib_a-memset.o)
 .debug_frame   0x00001398       0x2c c:/program files (x86)/gnu arm embedded toolchain/10 2021.10/bin/../lib/gcc/arm-none-eabi/10.3.1/thumb/v7e-m+fp/hard\libgcc.a(_aeabi_uldivmod.o)
 .debug_frame   0x000013c4       0x34 c:/program files (x86)/gnu arm embedded toolchain/10 2021.10/bin/../lib/gcc/arm-none-eabi/10.3.1/thumb/v7e-m+fp/hard\libgcc.a(_udivmoddi4.o)

Cross Reference Table

Symbol                                            File
ADC_IRQHandler                                    build/startup_stm32f407xx.o
AHBPrescTable                                     build/system_stm32f4xx.o
                                                  build/stm32f4xx_hal_rcc.o
APBPrescTable                                     build/system_stm32f4xx.o
                                                  build/stm32f4xx_hal_rcc.o
Appli_state                                       build/usb_host.o
BusFault_Handler                                  build/stm32f4xx_it.o
CAN1_RX0_IRQHandler                               build/startup_stm32f407xx.o
CAN1_RX1_IRQHandler                               build/startup_stm32f407xx.o
CAN1_SCE_IRQHandler                               build/startup_stm32f407xx.o
CAN1_TX_IRQHandler                                build/startup_stm32f407xx.o
CAN2_RX0_IRQHandler                               build/startup_stm32f407xx.o
CAN2_RX1_IRQHandler                               build/startup_stm32f407xx.o
CAN2_SCE_IRQHandler                               build/startup_stm32f407xx.o
CAN2_TX_IRQHandler                                build/startup_stm32f407xx.o
CDC_Class                                         build/usbh_cdc.o
                                                  build/usb_host.o
DCMI_IRQHandler                                   build/startup_stm32f407xx.o
DMA1_Stream0_IRQHandler                           build/startup_stm32f407xx.o
DMA1_Stream1_IRQHandler                           build/startup_stm32f407xx.o
DMA1_Stream2_IRQHandler                           build/startup_stm32f407xx.o
DMA1_Stream3_IRQHandler                           build/startup_stm32f407xx.o
DMA1_Stream4_IRQHandler                           build/startup_stm32f407xx.o
DMA1_Stream5_IRQHandler                           build/startup_stm32f407xx.o
DMA1_Stream6_IRQHandler                           build/startup_stm32f407xx.o
DMA1_Stream7_IRQHandler                           build/startup_stm32f407xx.o
DMA2_Stream0_IRQHandler                           build/startup_stm32f407xx.o
DMA2_Stream1_IRQHandler                           build/startup_stm32f407xx.o
DMA2_Stream2_IRQHandler                           build/startup_stm32f407xx.o
DMA2_Stream3_IRQHandler                           build/startup_stm32f407xx.o
DMA2_Stream4_IRQHandler                           build/startup_stm32f407xx.o
DMA2_Stream5_IRQHandler                           build/startup_stm32f407xx.o
DMA2_Stream6_IRQHandler                           build/startup_stm32f407xx.o
DMA2_Stream7_IRQHandler                           build/startup_stm32f407xx.o
DebugMon_Handler                                  build/stm32f4xx_it.o
Default_Handler                                   build/startup_stm32f407xx.o
ETH_IRQHandler                                    build/startup_stm32f407xx.o
ETH_WKUP_IRQHandler                               build/startup_stm32f407xx.o
EXTI0_IRQHandler                                  build/startup_stm32f407xx.o
EXTI15_10_IRQHandler                              build/startup_stm32f407xx.o
EXTI1_IRQHandler                                  build/startup_stm32f407xx.o
EXTI2_IRQHandler                                  build/startup_stm32f407xx.o
EXTI3_IRQHandler                                  build/startup_stm32f407xx.o
EXTI4_IRQHandler                                  build/startup_stm32f407xx.o
EXTI9_5_IRQHandler                                build/startup_stm32f407xx.o
Error_Handler                                     build/main.o
                                                  build/usbh_conf.o
                                                  build/usb_host.o
                                                  build/spi.o
                                                  build/i2s.o
                                                  build/i2c.o
FLASH_Erase_Sector                                build/stm32f4xx_hal_flash_ex.o
                                                  build/stm32f4xx_hal_flash.o
FLASH_FlushCaches                                 build/stm32f4xx_hal_flash_ex.o
                                                  build/stm32f4xx_hal_flash.o
FLASH_IRQHandler                                  build/startup_stm32f407xx.o
FLASH_WaitForLastOperation                        build/stm32f4xx_hal_flash.o
                                                  build/stm32f4xx_hal_flash_ex.o
FPU_IRQHandler                                    build/startup_stm32f407xx.o
FSMC_IRQHandler                                   build/startup_stm32f407xx.o
HAL_DBGMCU_DisableDBGSleepMode                    build/stm32f4xx_hal.o
HAL_DBGMCU_DisableDBGStandbyMode                  build/stm32f4xx_hal.o
HAL_DBGMCU_DisableDBGStopMode                     build/stm32f4xx_hal.o
HAL_DBGMCU_EnableDBGSleepMode                     build/stm32f4xx_hal.o
HAL_DBGMCU_EnableDBGStandbyMode                   build/stm32f4xx_hal.o
HAL_DBGMCU_EnableDBGStopMode                      build/stm32f4xx_hal.o
HAL_DMAEx_ChangeMemory                            build/stm32f4xx_hal_dma_ex.o
HAL_DMAEx_MultiBufferStart                        build/stm32f4xx_hal_dma_ex.o
HAL_DMAEx_MultiBufferStart_IT                     build/stm32f4xx_hal_dma_ex.o
HAL_DMA_Abort                                     build/stm32f4xx_hal_dma.o
                                                  build/stm32f4xx_hal_spi.o
                                                  build/stm32f4xx_hal_i2s.o
HAL_DMA_Abort_IT                                  build/stm32f4xx_hal_dma.o
                                                  build/stm32f4xx_hal_spi.o
                                                  build/stm32f4xx_hal_i2c.o
HAL_DMA_DeInit                                    build/stm32f4xx_hal_dma.o
HAL_DMA_GetError                                  build/stm32f4xx_hal_dma.o
                                                  build/stm32f4xx_hal_i2c.o
HAL_DMA_GetState                                  build/stm32f4xx_hal_dma.o
                                                  build/stm32f4xx_hal_i2c.o
HAL_DMA_IRQHandler                                build/stm32f4xx_hal_dma.o
HAL_DMA_Init                                      build/stm32f4xx_hal_dma.o
HAL_DMA_PollForTransfer                           build/stm32f4xx_hal_dma.o
HAL_DMA_RegisterCallback                          build/stm32f4xx_hal_dma.o
HAL_DMA_Start                                     build/stm32f4xx_hal_dma.o
HAL_DMA_Start_IT                                  build/stm32f4xx_hal_dma.o
                                                  build/stm32f4xx_hal_spi.o
                                                  build/stm32f4xx_hal_i2s_ex.o
                                                  build/stm32f4xx_hal_i2s.o
                                                  build/stm32f4xx_hal_i2c.o
HAL_DMA_UnRegisterCallback                        build/stm32f4xx_hal_dma.o
HAL_DeInit                                        build/stm32f4xx_hal.o
HAL_Delay                                         build/stm32f4xx_hal.o
                                                  build/stm32f4xx_ll_usb.o
                                                  build/usbh_conf.o
HAL_DisableCompensationCell                       build/stm32f4xx_hal.o
HAL_EXTI_ClearConfigLine                          build/stm32f4xx_hal_exti.o
HAL_EXTI_ClearPending                             build/stm32f4xx_hal_exti.o
HAL_EXTI_GenerateSWI                              build/stm32f4xx_hal_exti.o
HAL_EXTI_GetConfigLine                            build/stm32f4xx_hal_exti.o
HAL_EXTI_GetHandle                                build/stm32f4xx_hal_exti.o
HAL_EXTI_GetPending                               build/stm32f4xx_hal_exti.o
HAL_EXTI_IRQHandler                               build/stm32f4xx_hal_exti.o
HAL_EXTI_RegisterCallback                         build/stm32f4xx_hal_exti.o
HAL_EXTI_SetConfigLine                            build/stm32f4xx_hal_exti.o
HAL_EnableCompensationCell                        build/stm32f4xx_hal.o
HAL_FLASHEx_Erase                                 build/stm32f4xx_hal_flash_ex.o
HAL_FLASHEx_Erase_IT                              build/stm32f4xx_hal_flash_ex.o
HAL_FLASHEx_OBGetConfig                           build/stm32f4xx_hal_flash_ex.o
HAL_FLASHEx_OBProgram                             build/stm32f4xx_hal_flash_ex.o
HAL_FLASH_EndOfOperationCallback                  build/stm32f4xx_hal_flash.o
HAL_FLASH_GetError                                build/stm32f4xx_hal_flash.o
HAL_FLASH_IRQHandler                              build/stm32f4xx_hal_flash.o
HAL_FLASH_Lock                                    build/stm32f4xx_hal_flash.o
HAL_FLASH_OB_Launch                               build/stm32f4xx_hal_flash.o
HAL_FLASH_OB_Lock                                 build/stm32f4xx_hal_flash.o
HAL_FLASH_OB_Unlock                               build/stm32f4xx_hal_flash.o
HAL_FLASH_OperationErrorCallback                  build/stm32f4xx_hal_flash.o
HAL_FLASH_Program                                 build/stm32f4xx_hal_flash.o
HAL_FLASH_Program_IT                              build/stm32f4xx_hal_flash.o
HAL_FLASH_Unlock                                  build/stm32f4xx_hal_flash.o
HAL_GPIO_DeInit                                   build/stm32f4xx_hal_gpio.o
                                                  build/usbh_conf.o
                                                  build/spi.o
                                                  build/i2s.o
                                                  build/i2c.o
HAL_GPIO_EXTI_Callback                            build/stm32f4xx_hal_gpio.o
HAL_GPIO_EXTI_IRQHandler                          build/stm32f4xx_hal_gpio.o
HAL_GPIO_Init                                     build/stm32f4xx_hal_gpio.o
                                                  build/stm32f4xx_hal_rcc.o
                                                  build/usbh_conf.o
                                                  build/spi.o
                                                  build/i2s.o
                                                  build/i2c.o
                                                  build/gpio.o
HAL_GPIO_LockPin                                  build/stm32f4xx_hal_gpio.o
HAL_GPIO_ReadPin                                  build/stm32f4xx_hal_gpio.o
HAL_GPIO_TogglePin                                build/stm32f4xx_hal_gpio.o
HAL_GPIO_WritePin                                 build/stm32f4xx_hal_gpio.o
                                                  build/usbh_platform.o
                                                  build/gpio.o
HAL_GetDEVID                                      build/stm32f4xx_hal.o
HAL_GetHalVersion                                 build/stm32f4xx_hal.o
HAL_GetREVID                                      build/stm32f4xx_hal.o
HAL_GetTick                                       build/stm32f4xx_hal.o
                                                  build/stm32f4xx_hal_spi.o
                                                  build/stm32f4xx_hal_i2s_ex.o
                                                  build/stm32f4xx_hal_i2s.o
                                                  build/stm32f4xx_hal_i2c.o
                                                  build/stm32f4xx_hal_pwr_ex.o
                                                  build/stm32f4xx_hal_dma.o
                                                  build/stm32f4xx_hal_flash.o
                                                  build/stm32f4xx_hal_rcc_ex.o
                                                  build/stm32f4xx_hal_rcc.o
HAL_GetTickFreq                                   build/stm32f4xx_hal.o
HAL_GetTickPrio                                   build/stm32f4xx_hal.o
HAL_GetUIDw0                                      build/stm32f4xx_hal.o
HAL_GetUIDw1                                      build/stm32f4xx_hal.o
HAL_GetUIDw2                                      build/stm32f4xx_hal.o
HAL_HCD_Connect_Callback                          build/usbh_conf.o
HAL_HCD_DeInit                                    build/stm32f4xx_hal_hcd.o
                                                  build/usbh_conf.o
HAL_HCD_Disconnect_Callback                       build/usbh_conf.o
HAL_HCD_GetCurrentFrame                           build/stm32f4xx_hal_hcd.o
                                                  build/usbh_conf.o
HAL_HCD_GetCurrentSpeed                           build/stm32f4xx_hal_hcd.o
                                                  build/usbh_conf.o
HAL_HCD_GetState                                  build/stm32f4xx_hal_hcd.o
HAL_HCD_HC_GetState                               build/stm32f4xx_hal_hcd.o
HAL_HCD_HC_GetURBState                            build/stm32f4xx_hal_hcd.o
                                                  build/usbh_conf.o
HAL_HCD_HC_GetXferCount                           build/stm32f4xx_hal_hcd.o
                                                  build/usbh_conf.o
HAL_HCD_HC_Halt                                   build/stm32f4xx_hal_hcd.o
                                                  build/usbh_conf.o
HAL_HCD_HC_Init                                   build/stm32f4xx_hal_hcd.o
                                                  build/usbh_conf.o
HAL_HCD_HC_NotifyURBChange_Callback               build/usbh_conf.o
HAL_HCD_HC_SubmitRequest                          build/stm32f4xx_hal_hcd.o
                                                  build/usbh_conf.o
HAL_HCD_IRQHandler                                build/stm32f4xx_hal_hcd.o
                                                  build/stm32f4xx_it.o
HAL_HCD_Init                                      build/stm32f4xx_hal_hcd.o
                                                  build/usbh_conf.o
HAL_HCD_MspDeInit                                 build/usbh_conf.o
HAL_HCD_MspInit                                   build/usbh_conf.o
HAL_HCD_PortDisabled_Callback                     build/usbh_conf.o
HAL_HCD_PortEnabled_Callback                      build/usbh_conf.o
HAL_HCD_ResetPort                                 build/stm32f4xx_hal_hcd.o
                                                  build/usbh_conf.o
HAL_HCD_SOF_Callback                              build/usbh_conf.o
HAL_HCD_Start                                     build/stm32f4xx_hal_hcd.o
                                                  build/usbh_conf.o
HAL_HCD_Stop                                      build/stm32f4xx_hal_hcd.o
                                                  build/usbh_conf.o
HAL_HCD_WKUP_IRQHandler                           build/stm32f4xx_hal_hcd.o
HAL_I2C_AbortCpltCallback                         build/stm32f4xx_hal_i2c.o
HAL_I2C_AddrCallback                              build/stm32f4xx_hal_i2c.o
HAL_I2C_DeInit                                    build/stm32f4xx_hal_i2c.o
HAL_I2C_DisableListen_IT                          build/stm32f4xx_hal_i2c.o
HAL_I2C_ER_IRQHandler                             build/stm32f4xx_hal_i2c.o
HAL_I2C_EV_IRQHandler                             build/stm32f4xx_hal_i2c.o
HAL_I2C_EnableListen_IT                           build/stm32f4xx_hal_i2c.o
HAL_I2C_ErrorCallback                             build/stm32f4xx_hal_i2c.o
HAL_I2C_GetError                                  build/stm32f4xx_hal_i2c.o
HAL_I2C_GetMode                                   build/stm32f4xx_hal_i2c.o
HAL_I2C_GetState                                  build/stm32f4xx_hal_i2c.o
HAL_I2C_Init                                      build/stm32f4xx_hal_i2c.o
                                                  build/i2c.o
HAL_I2C_IsDeviceReady                             build/stm32f4xx_hal_i2c.o
HAL_I2C_ListenCpltCallback                        build/stm32f4xx_hal_i2c.o
HAL_I2C_MasterRxCpltCallback                      build/stm32f4xx_hal_i2c.o
HAL_I2C_MasterTxCpltCallback                      build/stm32f4xx_hal_i2c.o
HAL_I2C_Master_Abort_IT                           build/stm32f4xx_hal_i2c.o
HAL_I2C_Master_Receive                            build/stm32f4xx_hal_i2c.o
HAL_I2C_Master_Receive_DMA                        build/stm32f4xx_hal_i2c.o
HAL_I2C_Master_Receive_IT                         build/stm32f4xx_hal_i2c.o
HAL_I2C_Master_Seq_Receive_DMA                    build/stm32f4xx_hal_i2c.o
HAL_I2C_Master_Seq_Receive_IT                     build/stm32f4xx_hal_i2c.o
HAL_I2C_Master_Seq_Transmit_DMA                   build/stm32f4xx_hal_i2c.o
HAL_I2C_Master_Seq_Transmit_IT                    build/stm32f4xx_hal_i2c.o
HAL_I2C_Master_Transmit                           build/stm32f4xx_hal_i2c.o
HAL_I2C_Master_Transmit_DMA                       build/stm32f4xx_hal_i2c.o
HAL_I2C_Master_Transmit_IT                        build/stm32f4xx_hal_i2c.o
HAL_I2C_MemRxCpltCallback                         build/stm32f4xx_hal_i2c.o
HAL_I2C_MemTxCpltCallback                         build/stm32f4xx_hal_i2c.o
HAL_I2C_Mem_Read                                  build/stm32f4xx_hal_i2c.o
HAL_I2C_Mem_Read_DMA                              build/stm32f4xx_hal_i2c.o
HAL_I2C_Mem_Read_IT                               build/stm32f4xx_hal_i2c.o
HAL_I2C_Mem_Write                                 build/stm32f4xx_hal_i2c.o
HAL_I2C_Mem_Write_DMA                             build/stm32f4xx_hal_i2c.o
HAL_I2C_Mem_Write_IT                              build/stm32f4xx_hal_i2c.o
HAL_I2C_MspDeInit                                 build/i2c.o
HAL_I2C_MspInit                                   build/i2c.o
HAL_I2C_SlaveRxCpltCallback                       build/stm32f4xx_hal_i2c.o
HAL_I2C_SlaveTxCpltCallback                       build/stm32f4xx_hal_i2c.o
HAL_I2C_Slave_Receive                             build/stm32f4xx_hal_i2c.o
HAL_I2C_Slave_Receive_DMA                         build/stm32f4xx_hal_i2c.o
HAL_I2C_Slave_Receive_IT                          build/stm32f4xx_hal_i2c.o
HAL_I2C_Slave_Seq_Receive_DMA                     build/stm32f4xx_hal_i2c.o
HAL_I2C_Slave_Seq_Receive_IT                      build/stm32f4xx_hal_i2c.o
HAL_I2C_Slave_Seq_Transmit_DMA                    build/stm32f4xx_hal_i2c.o
HAL_I2C_Slave_Seq_Transmit_IT                     build/stm32f4xx_hal_i2c.o
HAL_I2C_Slave_Transmit                            build/stm32f4xx_hal_i2c.o
HAL_I2C_Slave_Transmit_DMA                        build/stm32f4xx_hal_i2c.o
HAL_I2C_Slave_Transmit_IT                         build/stm32f4xx_hal_i2c.o
HAL_I2SEx_FullDuplex_IRQHandler                   build/stm32f4xx_hal_i2s_ex.o
                                                  build/stm32f4xx_hal_i2s.o
HAL_I2SEx_TransmitReceive                         build/stm32f4xx_hal_i2s_ex.o
HAL_I2SEx_TransmitReceive_DMA                     build/stm32f4xx_hal_i2s_ex.o
HAL_I2SEx_TransmitReceive_IT                      build/stm32f4xx_hal_i2s_ex.o
HAL_I2SEx_TxRxCpltCallback                        build/stm32f4xx_hal_i2s_ex.o
HAL_I2SEx_TxRxHalfCpltCallback                    build/stm32f4xx_hal_i2s_ex.o
HAL_I2S_DMAPause                                  build/stm32f4xx_hal_i2s.o
HAL_I2S_DMAResume                                 build/stm32f4xx_hal_i2s.o
HAL_I2S_DMAStop                                   build/stm32f4xx_hal_i2s.o
HAL_I2S_DeInit                                    build/stm32f4xx_hal_i2s.o
HAL_I2S_ErrorCallback                             build/stm32f4xx_hal_i2s.o
                                                  build/stm32f4xx_hal_i2s_ex.o
HAL_I2S_GetError                                  build/stm32f4xx_hal_i2s.o
HAL_I2S_GetState                                  build/stm32f4xx_hal_i2s.o
HAL_I2S_IRQHandler                                build/stm32f4xx_hal_i2s.o
HAL_I2S_Init                                      build/stm32f4xx_hal_i2s.o
                                                  build/i2s.o
HAL_I2S_MspDeInit                                 build/i2s.o
HAL_I2S_MspInit                                   build/i2s.o
HAL_I2S_Receive                                   build/stm32f4xx_hal_i2s.o
HAL_I2S_Receive_DMA                               build/stm32f4xx_hal_i2s.o
HAL_I2S_Receive_IT                                build/stm32f4xx_hal_i2s.o
HAL_I2S_RxCpltCallback                            build/stm32f4xx_hal_i2s.o
HAL_I2S_RxHalfCpltCallback                        build/stm32f4xx_hal_i2s.o
HAL_I2S_Transmit                                  build/stm32f4xx_hal_i2s.o
HAL_I2S_Transmit_DMA                              build/stm32f4xx_hal_i2s.o
HAL_I2S_Transmit_IT                               build/stm32f4xx_hal_i2s.o
HAL_I2S_TxCpltCallback                            build/stm32f4xx_hal_i2s.o
HAL_I2S_TxHalfCpltCallback                        build/stm32f4xx_hal_i2s.o
HAL_IncTick                                       build/stm32f4xx_hal.o
                                                  build/stm32f4xx_it.o
HAL_Init                                          build/stm32f4xx_hal.o
                                                  build/main.o
HAL_InitTick                                      build/stm32f4xx_hal.o
                                                  build/stm32f4xx_hal_rcc_ex.o
                                                  build/stm32f4xx_hal_rcc.o
HAL_MPU_ConfigRegion                              build/stm32f4xx_hal_cortex.o
HAL_MPU_Disable                                   build/stm32f4xx_hal_cortex.o
HAL_MPU_Enable                                    build/stm32f4xx_hal_cortex.o
HAL_MspDeInit                                     build/stm32f4xx_hal.o
HAL_MspInit                                       build/stm32f4xx_hal_msp.o
HAL_NVIC_ClearPendingIRQ                          build/stm32f4xx_hal_cortex.o
HAL_NVIC_DisableIRQ                               build/stm32f4xx_hal_cortex.o
                                                  build/usbh_conf.o
HAL_NVIC_EnableIRQ                                build/stm32f4xx_hal_cortex.o
                                                  build/usbh_conf.o
HAL_NVIC_GetActive                                build/stm32f4xx_hal_cortex.o
HAL_NVIC_GetPendingIRQ                            build/stm32f4xx_hal_cortex.o
HAL_NVIC_GetPriority                              build/stm32f4xx_hal_cortex.o
HAL_NVIC_GetPriorityGrouping                      build/stm32f4xx_hal_cortex.o
HAL_NVIC_SetPendingIRQ                            build/stm32f4xx_hal_cortex.o
HAL_NVIC_SetPriority                              build/stm32f4xx_hal_cortex.o
                                                  build/stm32f4xx_hal.o
                                                  build/usbh_conf.o
HAL_NVIC_SetPriorityGrouping                      build/stm32f4xx_hal_cortex.o
                                                  build/stm32f4xx_hal.o
                                                  build/stm32f4xx_hal_msp.o
HAL_NVIC_SystemReset                              build/stm32f4xx_hal_cortex.o
HAL_PWREx_ControlVoltageScaling                   build/stm32f4xx_hal_pwr_ex.o
HAL_PWREx_DisableBkUpReg                          build/stm32f4xx_hal_pwr_ex.o
HAL_PWREx_DisableFlashPowerDown                   build/stm32f4xx_hal_pwr_ex.o
HAL_PWREx_EnableBkUpReg                           build/stm32f4xx_hal_pwr_ex.o
HAL_PWREx_EnableFlashPowerDown                    build/stm32f4xx_hal_pwr_ex.o
HAL_PWREx_GetVoltageRange                         build/stm32f4xx_hal_pwr_ex.o
HAL_PWR_ConfigPVD                                 build/stm32f4xx_hal_pwr.o
HAL_PWR_DeInit                                    build/stm32f4xx_hal_pwr.o
HAL_PWR_DisableBkUpAccess                         build/stm32f4xx_hal_pwr.o
HAL_PWR_DisablePVD                                build/stm32f4xx_hal_pwr.o
HAL_PWR_DisableSEVOnPend                          build/stm32f4xx_hal_pwr.o
HAL_PWR_DisableSleepOnExit                        build/stm32f4xx_hal_pwr.o
HAL_PWR_DisableWakeUpPin                          build/stm32f4xx_hal_pwr.o
HAL_PWR_EnableBkUpAccess                          build/stm32f4xx_hal_pwr.o
HAL_PWR_EnablePVD                                 build/stm32f4xx_hal_pwr.o
HAL_PWR_EnableSEVOnPend                           build/stm32f4xx_hal_pwr.o
HAL_PWR_EnableSleepOnExit                         build/stm32f4xx_hal_pwr.o
HAL_PWR_EnableWakeUpPin                           build/stm32f4xx_hal_pwr.o
HAL_PWR_EnterSLEEPMode                            build/stm32f4xx_hal_pwr.o
HAL_PWR_EnterSTANDBYMode                          build/stm32f4xx_hal_pwr.o
HAL_PWR_EnterSTOPMode                             build/stm32f4xx_hal_pwr.o
HAL_PWR_PVDCallback                               build/stm32f4xx_hal_pwr.o
HAL_PWR_PVD_IRQHandler                            build/stm32f4xx_hal_pwr.o
HAL_RCCEx_DisablePLLI2S                           build/stm32f4xx_hal_rcc_ex.o
HAL_RCCEx_EnablePLLI2S                            build/stm32f4xx_hal_rcc_ex.o
HAL_RCCEx_GetPeriphCLKConfig                      build/stm32f4xx_hal_rcc_ex.o
HAL_RCCEx_GetPeriphCLKFreq                        build/stm32f4xx_hal_rcc_ex.o
                                                  build/stm32f4xx_hal_i2s.o
HAL_RCCEx_PeriphCLKConfig                         build/stm32f4xx_hal_rcc_ex.o
                                                  build/i2s.o
HAL_RCC_CSSCallback                               build/stm32f4xx_hal_rcc.o
HAL_RCC_ClockConfig                               build/stm32f4xx_hal_rcc.o
                                                  build/main.o
HAL_RCC_DeInit                                    build/stm32f4xx_hal_rcc_ex.o
                                                  build/stm32f4xx_hal_rcc.o
HAL_RCC_DisableCSS                                build/stm32f4xx_hal_rcc.o
HAL_RCC_EnableCSS                                 build/stm32f4xx_hal_rcc.o
HAL_RCC_GetClockConfig                            build/stm32f4xx_hal_rcc.o
HAL_RCC_GetHCLKFreq                               build/stm32f4xx_hal_rcc.o
HAL_RCC_GetOscConfig                              build/stm32f4xx_hal_rcc.o
HAL_RCC_GetPCLK1Freq                              build/stm32f4xx_hal_rcc.o
                                                  build/stm32f4xx_hal_i2c.o
HAL_RCC_GetPCLK2Freq                              build/stm32f4xx_hal_rcc.o
HAL_RCC_GetSysClockFreq                           build/stm32f4xx_hal_rcc.o
HAL_RCC_MCOConfig                                 build/stm32f4xx_hal_rcc.o
HAL_RCC_NMI_IRQHandler                            build/stm32f4xx_hal_rcc.o
HAL_RCC_OscConfig                                 build/stm32f4xx_hal_rcc.o
                                                  build/main.o
HAL_ResumeTick                                    build/stm32f4xx_hal.o
HAL_SPI_Abort                                     build/stm32f4xx_hal_spi.o
HAL_SPI_AbortCpltCallback                         build/stm32f4xx_hal_spi.o
HAL_SPI_Abort_IT                                  build/stm32f4xx_hal_spi.o
HAL_SPI_DMAPause                                  build/stm32f4xx_hal_spi.o
HAL_SPI_DMAResume                                 build/stm32f4xx_hal_spi.o
HAL_SPI_DMAStop                                   build/stm32f4xx_hal_spi.o
HAL_SPI_DeInit                                    build/stm32f4xx_hal_spi.o
HAL_SPI_ErrorCallback                             build/stm32f4xx_hal_spi.o
HAL_SPI_GetError                                  build/stm32f4xx_hal_spi.o
HAL_SPI_GetState                                  build/stm32f4xx_hal_spi.o
HAL_SPI_IRQHandler                                build/stm32f4xx_hal_spi.o
HAL_SPI_Init                                      build/stm32f4xx_hal_spi.o
                                                  build/spi.o
HAL_SPI_MspDeInit                                 build/spi.o
HAL_SPI_MspInit                                   build/spi.o
HAL_SPI_Receive                                   build/stm32f4xx_hal_spi.o
HAL_SPI_Receive_DMA                               build/stm32f4xx_hal_spi.o
HAL_SPI_Receive_IT                                build/stm32f4xx_hal_spi.o
HAL_SPI_RxCpltCallback                            build/stm32f4xx_hal_spi.o
HAL_SPI_RxHalfCpltCallback                        build/stm32f4xx_hal_spi.o
HAL_SPI_Transmit                                  build/stm32f4xx_hal_spi.o
HAL_SPI_TransmitReceive                           build/stm32f4xx_hal_spi.o
HAL_SPI_TransmitReceive_DMA                       build/stm32f4xx_hal_spi.o
HAL_SPI_TransmitReceive_IT                        build/stm32f4xx_hal_spi.o
HAL_SPI_Transmit_DMA                              build/stm32f4xx_hal_spi.o
HAL_SPI_Transmit_IT                               build/stm32f4xx_hal_spi.o
HAL_SPI_TxCpltCallback                            build/stm32f4xx_hal_spi.o
HAL_SPI_TxHalfCpltCallback                        build/stm32f4xx_hal_spi.o
HAL_SPI_TxRxCpltCallback                          build/stm32f4xx_hal_spi.o
HAL_SPI_TxRxHalfCpltCallback                      build/stm32f4xx_hal_spi.o
HAL_SYSTICK_CLKSourceConfig                       build/stm32f4xx_hal_cortex.o
HAL_SYSTICK_Callback                              build/stm32f4xx_hal_cortex.o
HAL_SYSTICK_Config                                build/stm32f4xx_hal_cortex.o
                                                  build/stm32f4xx_hal.o
HAL_SYSTICK_IRQHandler                            build/stm32f4xx_hal_cortex.o
HAL_SetTickFreq                                   build/stm32f4xx_hal.o
HAL_SuspendTick                                   build/stm32f4xx_hal.o
HASH_RNG_IRQHandler                               build/startup_stm32f407xx.o
HardFault_Handler                                 build/stm32f4xx_it.o
I2C1_ER_IRQHandler                                build/startup_stm32f407xx.o
I2C1_EV_IRQHandler                                build/startup_stm32f407xx.o
I2C2_ER_IRQHandler                                build/startup_stm32f407xx.o
I2C2_EV_IRQHandler                                build/startup_stm32f407xx.o
I2C3_ER_IRQHandler                                build/startup_stm32f407xx.o
I2C3_EV_IRQHandler                                build/startup_stm32f407xx.o
MX_DriverVbusFS                                   build/usbh_platform.o
                                                  build/usbh_conf.o
MX_GPIO_Init                                      build/gpio.o
                                                  build/main.o
MX_I2C1_Init                                      build/i2c.o
MX_I2S3_Init                                      build/i2s.o
MX_SPI1_Init                                      build/spi.o
MX_USB_HOST_Init                                  build/usb_host.o
MX_USB_HOST_Process                               build/usb_host.o
MemManage_Handler                                 build/stm32f4xx_it.o
NMI_Handler                                       build/stm32f4xx_it.o
OTG_FS_IRQHandler                                 build/stm32f4xx_it.o
OTG_FS_WKUP_IRQHandler                            build/startup_stm32f407xx.o
OTG_HS_EP1_IN_IRQHandler                          build/startup_stm32f407xx.o
OTG_HS_EP1_OUT_IRQHandler                         build/startup_stm32f407xx.o
OTG_HS_IRQHandler                                 build/startup_stm32f407xx.o
OTG_HS_WKUP_IRQHandler                            build/startup_stm32f407xx.o
PVD_IRQHandler                                    build/startup_stm32f407xx.o
PendSV_Handler                                    build/stm32f4xx_it.o
RCC_IRQHandler                                    build/startup_stm32f407xx.o
RTC_Alarm_IRQHandler                              build/startup_stm32f407xx.o
RTC_WKUP_IRQHandler                               build/startup_stm32f407xx.o
Reset_Handler                                     build/startup_stm32f407xx.o
SDIO_IRQHandler                                   build/startup_stm32f407xx.o
SPI1_IRQHandler                                   build/startup_stm32f407xx.o
SPI2_IRQHandler                                   build/startup_stm32f407xx.o
SPI3_IRQHandler                                   build/startup_stm32f407xx.o
SVC_Handler                                       build/stm32f4xx_it.o
SysTick_Handler                                   build/stm32f4xx_it.o
SystemClock_Config                                build/main.o
SystemCoreClock                                   build/system_stm32f4xx.o
                                                  build/stm32f4xx_hal_spi.o
                                                  build/stm32f4xx_hal_i2c.o
                                                  build/stm32f4xx_hal.o
                                                  build/stm32f4xx_hal_dma.o
                                                  build/stm32f4xx_hal_rcc_ex.o
                                                  build/stm32f4xx_hal_rcc.o
SystemCoreClockUpdate                             build/system_stm32f4xx.o
SystemInit                                        build/system_stm32f4xx.o
                                                  build/startup_stm32f407xx.o
TAMP_STAMP_IRQHandler                             build/startup_stm32f407xx.o
TIM1_BRK_TIM9_IRQHandler                          build/startup_stm32f407xx.o
TIM1_CC_IRQHandler                                build/startup_stm32f407xx.o
TIM1_TRG_COM_TIM11_IRQHandler                     build/startup_stm32f407xx.o
TIM1_UP_TIM10_IRQHandler                          build/startup_stm32f407xx.o
TIM2_IRQHandler                                   build/startup_stm32f407xx.o
TIM3_IRQHandler                                   build/startup_stm32f407xx.o
TIM4_IRQHandler                                   build/startup_stm32f407xx.o
TIM5_IRQHandler                                   build/startup_stm32f407xx.o
TIM6_DAC_IRQHandler                               build/startup_stm32f407xx.o
TIM7_IRQHandler                                   build/startup_stm32f407xx.o
TIM8_BRK_TIM12_IRQHandler                         build/startup_stm32f407xx.o
TIM8_CC_IRQHandler                                build/startup_stm32f407xx.o
TIM8_TRG_COM_TIM14_IRQHandler                     build/startup_stm32f407xx.o
TIM8_UP_TIM13_IRQHandler                          build/startup_stm32f407xx.o
UART4_IRQHandler                                  build/startup_stm32f407xx.o
UART5_IRQHandler                                  build/startup_stm32f407xx.o
USART1_IRQHandler                                 build/startup_stm32f407xx.o
USART2_IRQHandler                                 build/startup_stm32f407xx.o
USART3_IRQHandler                                 build/startup_stm32f407xx.o
USART6_IRQHandler                                 build/startup_stm32f407xx.o
USBH_AllocPipe                                    build/usbh_pipes.o
                                                  build/usbh_cdc.o
                                                  build/usbh_core.o
USBH_BulkReceiveData                              build/usbh_ioreq.o
                                                  build/usbh_cdc.o
USBH_BulkSendData                                 build/usbh_ioreq.o
                                                  build/usbh_cdc.o
USBH_CDC_GetLastReceivedDataSize                  build/usbh_cdc.o
USBH_CDC_GetLineCoding                            build/usbh_cdc.o
USBH_CDC_LineCodingChanged                        build/usbh_cdc.o
USBH_CDC_Receive                                  build/usbh_cdc.o
USBH_CDC_ReceiveCallback                          build/usbh_cdc.o
USBH_CDC_SetLineCoding                            build/usbh_cdc.o
USBH_CDC_Stop                                     build/usbh_cdc.o
USBH_CDC_Transmit                                 build/usbh_cdc.o
USBH_CDC_TransmitCallback                         build/usbh_cdc.o
USBH_ClosePipe                                    build/usbh_pipes.o
                                                  build/usbh_cdc.o
USBH_ClrFeature                                   build/usbh_ctlreq.o
                                                  build/usbh_cdc.o
USBH_CtlReceiveData                               build/usbh_ioreq.o
                                                  build/usbh_ctlreq.o
USBH_CtlReq                                       build/usbh_ctlreq.o
                                                  build/usbh_cdc.o
USBH_CtlSendData                                  build/usbh_ioreq.o
                                                  build/usbh_ctlreq.o
USBH_CtlSendSetup                                 build/usbh_ioreq.o
                                                  build/usbh_ctlreq.o
USBH_DeInit                                       build/usbh_core.o
USBH_Delay                                        build/usbh_conf.o
                                                  build/usbh_core.o
USBH_FindInterface                                build/usbh_core.o
                                                  build/usbh_cdc.o
USBH_FindInterfaceIndex                           build/usbh_core.o
USBH_FreePipe                                     build/usbh_pipes.o
                                                  build/usbh_cdc.o
                                                  build/usbh_ctlreq.o
                                                  build/usbh_core.o
USBH_GetActiveClass                               build/usbh_core.o
USBH_GetDescriptor                                build/usbh_ctlreq.o
USBH_GetNextDesc                                  build/usbh_ctlreq.o
USBH_Get_CfgDesc                                  build/usbh_ctlreq.o
                                                  build/usbh_core.o
USBH_Get_DevDesc                                  build/usbh_ctlreq.o
                                                  build/usbh_core.o
USBH_Get_StringDesc                               build/usbh_ctlreq.o
                                                  build/usbh_core.o
USBH_Get_USB_Status                               build/usbh_conf.o
USBH_Init                                         build/usbh_core.o
                                                  build/usb_host.o
USBH_InterruptReceiveData                         build/usbh_ioreq.o
USBH_InterruptSendData                            build/usbh_ioreq.o
USBH_IsPortEnabled                                build/usbh_core.o
USBH_IsocReceiveData                              build/usbh_ioreq.o
USBH_IsocSendData                                 build/usbh_ioreq.o
USBH_LL_ClosePipe                                 build/usbh_conf.o
                                                  build/usbh_pipes.o
USBH_LL_Connect                                   build/usbh_core.o
                                                  build/usbh_conf.o
USBH_LL_DeInit                                    build/usbh_conf.o
USBH_LL_Disconnect                                build/usbh_core.o
                                                  build/usbh_conf.o
USBH_LL_DriverVBUS                                build/usbh_conf.o
                                                  build/usbh_core.o
USBH_LL_GetLastXferSize                           build/usbh_conf.o
                                                  build/usbh_cdc.o
USBH_LL_GetSpeed                                  build/usbh_conf.o
                                                  build/usbh_core.o
USBH_LL_GetToggle                                 build/usbh_conf.o
USBH_LL_GetURBState                               build/usbh_conf.o
                                                  build/usbh_cdc.o
                                                  build/usbh_ctlreq.o
USBH_LL_IncTimer                                  build/usbh_core.o
                                                  build/usbh_conf.o
USBH_LL_Init                                      build/usbh_conf.o
                                                  build/usbh_core.o
USBH_LL_OpenPipe                                  build/usbh_conf.o
                                                  build/usbh_pipes.o
USBH_LL_PortDisabled                              build/usbh_core.o
                                                  build/usbh_conf.o
USBH_LL_PortEnabled                               build/usbh_core.o
                                                  build/usbh_conf.o
USBH_LL_ResetPort                                 build/usbh_conf.o
                                                  build/usbh_core.o
USBH_LL_SetTimer                                  build/usbh_core.o
                                                  build/usbh_conf.o
USBH_LL_SetToggle                                 build/usbh_conf.o
                                                  build/usbh_cdc.o
USBH_LL_Start                                     build/usbh_conf.o
                                                  build/usbh_core.o
USBH_LL_Stop                                      build/usbh_conf.o
                                                  build/usbh_core.o
USBH_LL_SubmitURB                                 build/usbh_conf.o
                                                  build/usbh_ioreq.o
USBH_OpenPipe                                     build/usbh_pipes.o
                                                  build/usbh_cdc.o
                                                  build/usbh_core.o
USBH_Process                                      build/usbh_core.o
                                                  build/usb_host.o
USBH_ReEnumerate                                  build/usbh_core.o
USBH_RegisterClass                                build/usbh_core.o
                                                  build/usb_host.o
USBH_SelectInterface                              build/usbh_core.o
                                                  build/usbh_cdc.o
USBH_SetAddress                                   build/usbh_ctlreq.o
                                                  build/usbh_core.o
USBH_SetCfg                                       build/usbh_ctlreq.o
                                                  build/usbh_core.o
USBH_SetFeature                                   build/usbh_ctlreq.o
                                                  build/usbh_core.o
USBH_SetInterface                                 build/usbh_ctlreq.o
USBH_Start                                        build/usbh_core.o
                                                  build/usb_host.o
USBH_Stop                                         build/usbh_core.o
USB_ActivateDedicatedEndpoint                     build/stm32f4xx_ll_usb.o
USB_ActivateEndpoint                              build/stm32f4xx_ll_usb.o
USB_ActivateRemoteWakeup                          build/stm32f4xx_ll_usb.o
USB_ActivateSetup                                 build/stm32f4xx_ll_usb.o
USB_ClearInterrupts                               build/stm32f4xx_ll_usb.o
USB_CoreInit                                      build/stm32f4xx_ll_usb.o
                                                  build/stm32f4xx_hal_hcd.o
USB_DeActivateRemoteWakeup                        build/stm32f4xx_ll_usb.o
USB_DeactivateDedicatedEndpoint                   build/stm32f4xx_ll_usb.o
USB_DeactivateEndpoint                            build/stm32f4xx_ll_usb.o
USB_DevConnect                                    build/stm32f4xx_ll_usb.o
USB_DevDisconnect                                 build/stm32f4xx_ll_usb.o
USB_DevInit                                       build/stm32f4xx_ll_usb.o
USB_DisableGlobalInt                              build/stm32f4xx_ll_usb.o
                                                  build/stm32f4xx_hal_hcd.o
USB_DoPing                                        build/stm32f4xx_ll_usb.o
USB_DriveVbus                                     build/stm32f4xx_ll_usb.o
                                                  build/stm32f4xx_hal_hcd.o
USB_EP0StartXfer                                  build/stm32f4xx_ll_usb.o
USB_EP0_OutStart                                  build/stm32f4xx_ll_usb.o
USB_EPClearStall                                  build/stm32f4xx_ll_usb.o
USB_EPSetStall                                    build/stm32f4xx_ll_usb.o
USB_EPStartXfer                                   build/stm32f4xx_ll_usb.o
USB_EPStopXfer                                    build/stm32f4xx_ll_usb.o
USB_EnableGlobalInt                               build/stm32f4xx_ll_usb.o
                                                  build/stm32f4xx_hal_hcd.o
USB_FlushRxFifo                                   build/stm32f4xx_ll_usb.o
                                                  build/stm32f4xx_hal_hcd.o
USB_FlushTxFifo                                   build/stm32f4xx_ll_usb.o
                                                  build/stm32f4xx_hal_hcd.o
USB_GetCurrentFrame                               build/stm32f4xx_ll_usb.o
                                                  build/stm32f4xx_hal_hcd.o
USB_GetDevSpeed                                   build/stm32f4xx_ll_usb.o
USB_GetHostSpeed                                  build/stm32f4xx_ll_usb.o
                                                  build/stm32f4xx_hal_hcd.o
USB_GetMode                                       build/stm32f4xx_ll_usb.o
                                                  build/stm32f4xx_hal_hcd.o
USB_HC_Halt                                       build/stm32f4xx_ll_usb.o
                                                  build/stm32f4xx_hal_hcd.o
USB_HC_Init                                       build/stm32f4xx_ll_usb.o
                                                  build/stm32f4xx_hal_hcd.o
USB_HC_ReadInterrupt                              build/stm32f4xx_ll_usb.o
                                                  build/stm32f4xx_hal_hcd.o
USB_HC_StartXfer                                  build/stm32f4xx_ll_usb.o
                                                  build/stm32f4xx_hal_hcd.o
USB_HostInit                                      build/stm32f4xx_ll_usb.o
                                                  build/stm32f4xx_hal_hcd.o
USB_InitFSLSPClkSel                               build/stm32f4xx_ll_usb.o
                                                  build/stm32f4xx_hal_hcd.o
USB_ReadDevAllInEpInterrupt                       build/stm32f4xx_ll_usb.o
USB_ReadDevAllOutEpInterrupt                      build/stm32f4xx_ll_usb.o
USB_ReadDevInEPInterrupt                          build/stm32f4xx_ll_usb.o
USB_ReadDevOutEPInterrupt                         build/stm32f4xx_ll_usb.o
USB_ReadInterrupts                                build/stm32f4xx_ll_usb.o
                                                  build/stm32f4xx_hal_hcd.o
USB_ReadPacket                                    build/stm32f4xx_ll_usb.o
                                                  build/stm32f4xx_hal_hcd.o
USB_ResetPort                                     build/stm32f4xx_ll_usb.o
                                                  build/stm32f4xx_hal_hcd.o
USB_SetCurrentMode                                build/stm32f4xx_ll_usb.o
                                                  build/stm32f4xx_hal_hcd.o
USB_SetDevAddress                                 build/stm32f4xx_ll_usb.o
USB_SetDevSpeed                                   build/stm32f4xx_ll_usb.o
USB_SetTurnaroundTime                             build/stm32f4xx_ll_usb.o
USB_StopDevice                                    build/stm32f4xx_ll_usb.o
USB_StopHost                                      build/stm32f4xx_ll_usb.o
                                                  build/stm32f4xx_hal_hcd.o
USB_WritePacket                                   build/stm32f4xx_ll_usb.o
UsageFault_Handler                                build/stm32f4xx_it.o
WWDG_IRQHandler                                   build/startup_stm32f407xx.o
__aeabi_idiv0                                     c:/program files (x86)/gnu arm embedded toolchain/10 2021.10/bin/../lib/gcc/arm-none-eabi/10.3.1/thumb/v7e-m+fp/hard\libgcc.a(_dvmd_tls.o)
__aeabi_ldiv0                                     c:/program files (x86)/gnu arm embedded toolchain/10 2021.10/bin/../lib/gcc/arm-none-eabi/10.3.1/thumb/v7e-m+fp/hard\libgcc.a(_dvmd_tls.o)
                                                  c:/program files (x86)/gnu arm embedded toolchain/10 2021.10/bin/../lib/gcc/arm-none-eabi/10.3.1/thumb/v7e-m+fp/hard\libgcc.a(_aeabi_uldivmod.o)
__aeabi_uldivmod                                  c:/program files (x86)/gnu arm embedded toolchain/10 2021.10/bin/../lib/gcc/arm-none-eabi/10.3.1/thumb/v7e-m+fp/hard\libgcc.a(_aeabi_uldivmod.o)
                                                  build/stm32f4xx_hal_rcc.o
__bss_end__                                       c:/program files (x86)/gnu arm embedded toolchain/10 2021.10/bin/../lib/gcc/arm-none-eabi/10.3.1/../../../../arm-none-eabi/lib/thumb/v7e-m+fp/hard/crt0.o
__bss_start__                                     c:/program files (x86)/gnu arm embedded toolchain/10 2021.10/bin/../lib/gcc/arm-none-eabi/10.3.1/../../../../arm-none-eabi/lib/thumb/v7e-m+fp/hard/crt0.o
__call_exitprocs                                  c:/program files (x86)/gnu arm embedded toolchain/10 2021.10/bin/../lib/gcc/arm-none-eabi/10.3.1/../../../../arm-none-eabi/lib/thumb/v7e-m+fp/hard\libc_nano.a(lib_a-exit.o)
__deregister_frame_info                           c:/program files (x86)/gnu arm embedded toolchain/10 2021.10/bin/../lib/gcc/arm-none-eabi/10.3.1/thumb/v7e-m+fp/hard/crtbegin.o
__dso_handle                                      c:/program files (x86)/gnu arm embedded toolchain/10 2021.10/bin/../lib/gcc/arm-none-eabi/10.3.1/thumb/v7e-m+fp/hard/crtbegin.o
__init_array_end                                  c:/program files (x86)/gnu arm embedded toolchain/10 2021.10/bin/../lib/gcc/arm-none-eabi/10.3.1/../../../../arm-none-eabi/lib/thumb/v7e-m+fp/hard\libc_nano.a(lib_a-init.o)
__init_array_start                                c:/program files (x86)/gnu arm embedded toolchain/10 2021.10/bin/../lib/gcc/arm-none-eabi/10.3.1/../../../../arm-none-eabi/lib/thumb/v7e-m+fp/hard\libc_nano.a(lib_a-init.o)
__libc_fini_array                                 c:/program files (x86)/gnu arm embedded toolchain/10 2021.10/bin/../lib/gcc/arm-none-eabi/10.3.1/../../../../arm-none-eabi/lib/thumb/v7e-m+fp/hard/crt0.o
__libc_init_array                                 c:/program files (x86)/gnu arm embedded toolchain/10 2021.10/bin/../lib/gcc/arm-none-eabi/10.3.1/../../../../arm-none-eabi/lib/thumb/v7e-m+fp/hard\libc_nano.a(lib_a-init.o)
                                                  build/startup_stm32f407xx.o
                                                  c:/program files (x86)/gnu arm embedded toolchain/10 2021.10/bin/../lib/gcc/arm-none-eabi/10.3.1/../../../../arm-none-eabi/lib/thumb/v7e-m+fp/hard/crt0.o
__lock___arc4random_mutex                         c:/program files (x86)/gnu arm embedded toolchain/10 2021.10/bin/../lib/gcc/arm-none-eabi/10.3.1/../../../../arm-none-eabi/lib/thumb/v7e-m+fp/hard\libc_nano.a(lib_a-lock.o)
__lock___at_quick_exit_mutex                      c:/program files (x86)/gnu arm embedded toolchain/10 2021.10/bin/../lib/gcc/arm-none-eabi/10.3.1/../../../../arm-none-eabi/lib/thumb/v7e-m+fp/hard\libc_nano.a(lib_a-lock.o)
__lock___atexit_recursive_mutex                   c:/program files (x86)/gnu arm embedded toolchain/10 2021.10/bin/../lib/gcc/arm-none-eabi/10.3.1/../../../../arm-none-eabi/lib/thumb/v7e-m+fp/hard\libc_nano.a(lib_a-lock.o)
__lock___dd_hash_mutex                            c:/program files (x86)/gnu arm embedded toolchain/10 2021.10/bin/../lib/gcc/arm-none-eabi/10.3.1/../../../../arm-none-eabi/lib/thumb/v7e-m+fp/hard\libc_nano.a(lib_a-lock.o)
__lock___env_recursive_mutex                      c:/program files (x86)/gnu arm embedded toolchain/10 2021.10/bin/../lib/gcc/arm-none-eabi/10.3.1/../../../../arm-none-eabi/lib/thumb/v7e-m+fp/hard\libc_nano.a(lib_a-lock.o)
__lock___malloc_recursive_mutex                   c:/program files (x86)/gnu arm embedded toolchain/10 2021.10/bin/../lib/gcc/arm-none-eabi/10.3.1/../../../../arm-none-eabi/lib/thumb/v7e-m+fp/hard\libc_nano.a(lib_a-lock.o)
                                                  c:/program files (x86)/gnu arm embedded toolchain/10 2021.10/bin/../lib/gcc/arm-none-eabi/10.3.1/../../../../arm-none-eabi/lib/thumb/v7e-m+fp/hard\libc_nano.a(lib_a-mlock.o)
__lock___sfp_recursive_mutex                      c:/program files (x86)/gnu arm embedded toolchain/10 2021.10/bin/../lib/gcc/arm-none-eabi/10.3.1/../../../../arm-none-eabi/lib/thumb/v7e-m+fp/hard\libc_nano.a(lib_a-lock.o)
__lock___sinit_recursive_mutex                    c:/program files (x86)/gnu arm embedded toolchain/10 2021.10/bin/../lib/gcc/arm-none-eabi/10.3.1/../../../../arm-none-eabi/lib/thumb/v7e-m+fp/hard\libc_nano.a(lib_a-lock.o)
__lock___tz_mutex                                 c:/program files (x86)/gnu arm embedded toolchain/10 2021.10/bin/../lib/gcc/arm-none-eabi/10.3.1/../../../../arm-none-eabi/lib/thumb/v7e-m+fp/hard\libc_nano.a(lib_a-lock.o)
__malloc_free_list                                c:/program files (x86)/gnu arm embedded toolchain/10 2021.10/bin/../lib/gcc/arm-none-eabi/10.3.1/../../../../arm-none-eabi/lib/thumb/v7e-m+fp/hard\libc_nano.a(lib_a-nano-mallocr.o)
                                                  c:/program files (x86)/gnu arm embedded toolchain/10 2021.10/bin/../lib/gcc/arm-none-eabi/10.3.1/../../../../arm-none-eabi/lib/thumb/v7e-m+fp/hard\libc_nano.a(lib_a-nano-freer.o)
__malloc_lock                                     c:/program files (x86)/gnu arm embedded toolchain/10 2021.10/bin/../lib/gcc/arm-none-eabi/10.3.1/../../../../arm-none-eabi/lib/thumb/v7e-m+fp/hard\libc_nano.a(lib_a-mlock.o)
                                                  c:/program files (x86)/gnu arm embedded toolchain/10 2021.10/bin/../lib/gcc/arm-none-eabi/10.3.1/../../../../arm-none-eabi/lib/thumb/v7e-m+fp/hard\libc_nano.a(lib_a-nano-mallocr.o)
                                                  c:/program files (x86)/gnu arm embedded toolchain/10 2021.10/bin/../lib/gcc/arm-none-eabi/10.3.1/../../../../arm-none-eabi/lib/thumb/v7e-m+fp/hard\libc_nano.a(lib_a-nano-freer.o)
__malloc_sbrk_start                               c:/program files (x86)/gnu arm embedded toolchain/10 2021.10/bin/../lib/gcc/arm-none-eabi/10.3.1/../../../../arm-none-eabi/lib/thumb/v7e-m+fp/hard\libc_nano.a(lib_a-nano-mallocr.o)
__malloc_unlock                                   c:/program files (x86)/gnu arm embedded toolchain/10 2021.10/bin/../lib/gcc/arm-none-eabi/10.3.1/../../../../arm-none-eabi/lib/thumb/v7e-m+fp/hard\libc_nano.a(lib_a-mlock.o)
                                                  c:/program files (x86)/gnu arm embedded toolchain/10 2021.10/bin/../lib/gcc/arm-none-eabi/10.3.1/../../../../arm-none-eabi/lib/thumb/v7e-m+fp/hard\libc_nano.a(lib_a-nano-mallocr.o)
                                                  c:/program files (x86)/gnu arm embedded toolchain/10 2021.10/bin/../lib/gcc/arm-none-eabi/10.3.1/../../../../arm-none-eabi/lib/thumb/v7e-m+fp/hard\libc_nano.a(lib_a-nano-freer.o)
__preinit_array_end                               c:/program files (x86)/gnu arm embedded toolchain/10 2021.10/bin/../lib/gcc/arm-none-eabi/10.3.1/../../../../arm-none-eabi/lib/thumb/v7e-m+fp/hard\libc_nano.a(lib_a-init.o)
__preinit_array_start                             c:/program files (x86)/gnu arm embedded toolchain/10 2021.10/bin/../lib/gcc/arm-none-eabi/10.3.1/../../../../arm-none-eabi/lib/thumb/v7e-m+fp/hard\libc_nano.a(lib_a-init.o)
__register_frame_info                             c:/program files (x86)/gnu arm embedded toolchain/10 2021.10/bin/../lib/gcc/arm-none-eabi/10.3.1/thumb/v7e-m+fp/hard/crtbegin.o
__retarget_lock_acquire                           c:/program files (x86)/gnu arm embedded toolchain/10 2021.10/bin/../lib/gcc/arm-none-eabi/10.3.1/../../../../arm-none-eabi/lib/thumb/v7e-m+fp/hard\libc_nano.a(lib_a-lock.o)