Archive member included to satisfy reference by file (symbol)

c:/program files (x86)/gnu arm embedded toolchain/10 2021.10/bin/../lib/gcc/arm-none-eabi/10.3.1/../../../../arm-none-eabi/lib/thumb/v7e-m+fp/hard\libc_nano.a(lib_a-exit.o)
                              c:/program files (x86)/gnu arm embedded toolchain/10 2021.10/bin/../lib/gcc/arm-none-eabi/10.3.1/../../../../arm-none-eabi/lib/thumb/v7e-m+fp/hard/crt0.o (exit)
c:/program files (x86)/gnu arm embedded toolchain/10 2021.10/bin/../lib/gcc/arm-none-eabi/10.3.1/../../../../arm-none-eabi/lib/thumb/v7e-m+fp/hard\libc_nano.a(lib_a-impure.o)
                              c:/program files (x86)/gnu arm embedded toolchain/10 2021.10/bin/../lib/gcc/arm-none-eabi/10.3.1/../../../../arm-none-eabi/lib/thumb/v7e-m+fp/hard\libc_nano.a(lib_a-exit.o) (_global_impure_ptr)
c:/program files (x86)/gnu arm embedded toolchain/10 2021.10/bin/../lib/gcc/arm-none-eabi/10.3.1/../../../../arm-none-eabi/lib/thumb/v7e-m+fp/hard\libc_nano.a(lib_a-init.o)
                              c:/program files (x86)/gnu arm embedded toolchain/10 2021.10/bin/../lib/gcc/arm-none-eabi/10.3.1/../../../../arm-none-eabi/lib/thumb/v7e-m+fp/hard/crt0.o (__libc_init_array)
c:/program files (x86)/gnu arm embedded toolchain/10 2021.10/bin/../lib/gcc/arm-none-eabi/10.3.1/../../../../arm-none-eabi/lib/thumb/v7e-m+fp/hard\libc_nano.a(lib_a-malloc.o)
                              build/usbh_cdc.o (malloc)
c:/program files (x86)/gnu arm embedded toolchain/10 2021.10/bin/../lib/gcc/arm-none-eabi/10.3.1/../../../../arm-none-eabi/lib/thumb/v7e-m+fp/hard\libc_nano.a(lib_a-memset.o)
                              c:/program files (x86)/gnu arm embedded toolchain/10 2021.10/bin/../lib/gcc/arm-none-eabi/10.3.1/../../../../arm-none-eabi/lib/thumb/v7e-m+fp/hard/crt0.o (memset)
c:/program files (x86)/gnu arm embedded toolchain/10 2021.10/bin/../lib/gcc/arm-none-eabi/10.3.1/../../../../arm-none-eabi/lib/thumb/v7e-m+fp/hard\libc_nano.a(lib_a-nano-freer.o)
                              c:/program files (x86)/gnu arm embedded toolchain/10 2021.10/bin/../lib/gcc/arm-none-eabi/10.3.1/../../../../arm-none-eabi/lib/thumb/v7e-m+fp/hard\libc_nano.a(lib_a-malloc.o) (_free_r)
c:/program files (x86)/gnu arm embedded toolchain/10 2021.10/bin/../lib/gcc/arm-none-eabi/10.3.1/../../../../arm-none-eabi/lib/thumb/v7e-m+fp/hard\libc_nano.a(lib_a-nano-mallocr.o)
                              c:/program files (x86)/gnu arm embedded toolchain/10 2021.10/bin/../lib/gcc/arm-none-eabi/10.3.1/../../../../arm-none-eabi/lib/thumb/v7e-m+fp/hard\libc_nano.a(lib_a-malloc.o) (_malloc_r)
c:/program files (x86)/gnu arm embedded toolchain/10 2021.10/bin/../lib/gcc/arm-none-eabi/10.3.1/../../../../arm-none-eabi/lib/thumb/v7e-m+fp/hard\libc_nano.a(lib_a-sbrkr.o)
                              c:/program files (x86)/gnu arm embedded toolchain/10 2021.10/bin/../lib/gcc/arm-none-eabi/10.3.1/../../../../arm-none-eabi/lib/thumb/v7e-m+fp/hard\libc_nano.a(lib_a-nano-mallocr.o) (_sbrk_r)
c:/program files (x86)/gnu arm embedded toolchain/10 2021.10/bin/../lib/gcc/arm-none-eabi/10.3.1/../../../../arm-none-eabi/lib/thumb/v7e-m+fp/hard\libc_nano.a(lib_a-mlock.o)
                              c:/program files (x86)/gnu arm embedded toolchain/10 2021.10/bin/../lib/gcc/arm-none-eabi/10.3.1/../../../../arm-none-eabi/lib/thumb/v7e-m+fp/hard\libc_nano.a(lib_a-nano-freer.o) (__malloc_lock)
c:/program files (x86)/gnu arm embedded toolchain/10 2021.10/bin/../lib/gcc/arm-none-eabi/10.3.1/../../../../arm-none-eabi/lib/thumb/v7e-m+fp/hard\libc_nano.a(lib_a-reent.o)
                              c:/program files (x86)/gnu arm embedded toolchain/10 2021.10/bin/../lib/gcc/arm-none-eabi/10.3.1/../../../../arm-none-eabi/lib/thumb/v7e-m+fp/hard\libc_nano.a(lib_a-sbrkr.o) (errno)
c:/program files (x86)/gnu arm embedded toolchain/10 2021.10/bin/../lib/gcc/arm-none-eabi/10.3.1/../../../../arm-none-eabi/lib/thumb/v7e-m+fp/hard\libc_nano.a(lib_a-lock.o)
                              c:/program files (x86)/gnu arm embedded toolchain/10 2021.10/bin/../lib/gcc/arm-none-eabi/10.3.1/../../../../arm-none-eabi/lib/thumb/v7e-m+fp/hard\libc_nano.a(lib_a-mlock.o) (__retarget_lock_acquire_recursive)
c:/program files (x86)/gnu arm embedded toolchain/10 2021.10/bin/../lib/gcc/arm-none-eabi/10.3.1/../../../../arm-none-eabi/lib/thumb/v7e-m+fp/hard\libnosys.a(sbrk.o)
                              c:/program files (x86)/gnu arm embedded toolchain/10 2021.10/bin/../lib/gcc/arm-none-eabi/10.3.1/../../../../arm-none-eabi/lib/thumb/v7e-m+fp/hard\libc_nano.a(lib_a-sbrkr.o) (_sbrk)
c:/program files (x86)/gnu arm embedded toolchain/10 2021.10/bin/../lib/gcc/arm-none-eabi/10.3.1/../../../../arm-none-eabi/lib/thumb/v7e-m+fp/hard\libnosys.a(_exit.o)
                              c:/program files (x86)/gnu arm embedded toolchain/10 2021.10/bin/../lib/gcc/arm-none-eabi/10.3.1/../../../../arm-none-eabi/lib/thumb/v7e-m+fp/hard\libc_nano.a(lib_a-exit.o) (_exit)
[...]
Memory Configuration

Name             Origin             Length             Attributes
RAM              0x20000000         0x00020000         xrw
CCMRAM           0x10000000         0x00010000         xrw
FLASH            0x08000000         0x00100000         xr
*default*        0x00000000         0xffffffff

Linker script and memory map

LOAD c:/program files (x86)/gnu arm embedded toolchain/10 2021.10/bin/../lib/gcc/arm-none-eabi/10.3.1/thumb/v7e-m+fp/hard/crti.o
LOAD c:/program files (x86)/gnu arm embedded toolchain/10 2021.10/bin/../lib/gcc/arm-none-eabi/10.3.1/thumb/v7e-m+fp/hard/crtbegin.o
LOAD c:/program files (x86)/gnu arm embedded toolchain/10 2021.10/bin/../lib/gcc/arm-none-eabi/10.3.1/../../../../arm-none-eabi/lib/thumb/v7e-m+fp/hard/crt0.o
LOAD build/main.o
LOAD build/gpio.o
LOAD build/i2c.o
LOAD build/i2s.o
LOAD build/spi.o
LOAD build/stm32f4xx_it.o
LOAD build/stm32f4xx_hal_msp.o
LOAD build/usb_host.o
LOAD build/usbh_conf.o
LOAD build/usbh_platform.o
LOAD build/stm32f4xx_hal_hcd.o
LOAD build/stm32f4xx_ll_usb.o
LOAD build/stm32f4xx_hal_rcc.o
LOAD build/stm32f4xx_hal_rcc_ex.o
LOAD build/stm32f4xx_hal_flash.o
LOAD build/stm32f4xx_hal_flash_ex.o
LOAD build/stm32f4xx_hal_flash_ramfunc.o
LOAD build/stm32f4xx_hal_gpio.o
LOAD build/stm32f4xx_hal_dma_ex.o
LOAD build/stm32f4xx_hal_dma.o
LOAD build/stm32f4xx_hal_pwr.o
LOAD build/stm32f4xx_hal_pwr_ex.o
LOAD build/stm32f4xx_hal_cortex.o
LOAD build/stm32f4xx_hal.o
LOAD build/stm32f4xx_hal_exti.o
LOAD build/stm32f4xx_hal_i2c.o
LOAD build/stm32f4xx_hal_i2c_ex.o
LOAD build/stm32f4xx_hal_i2s.o
LOAD build/stm32f4xx_hal_i2s_ex.o
LOAD build/stm32f4xx_hal_spi.o
LOAD build/stm32f4xx_hal_tim.o
LOAD build/stm32f4xx_hal_tim_ex.o
LOAD build/system_stm32f4xx.o
LOAD build/usbh_core.o
LOAD build/usbh_ctlreq.o
LOAD build/usbh_ioreq.o
LOAD build/usbh_pipes.o
LOAD build/usbh_cdc.o
LOAD build/tim.o
LOAD build/startup_stm32f407xx.o
LOAD c:/program files (x86)/gnu arm embedded toolchain/10 2021.10/bin/../lib/gcc/arm-none-eabi/10.3.1/../../../../arm-none-eabi/lib/thumb/v7e-m+fp/hard\libc_nano.a
LOAD c:/program files (x86)/gnu arm embedded toolchain/10 2021.10/bin/../lib/gcc/arm-none-eabi/10.3.1/../../../../arm-none-eabi/lib/thumb/v7e-m+fp/hard\libm.a
LOAD c:/program files (x86)/gnu arm embedded toolchain/10 2021.10/bin/../lib/gcc/arm-none-eabi/10.3.1/../../../../arm-none-eabi/lib/thumb/v7e-m+fp/hard\libnosys.a
START GROUP
LOAD c:/program files (x86)/gnu arm embedded toolchain/10 2021.10/bin/../lib/gcc/arm-none-eabi/10.3.1/thumb/v7e-m+fp/hard\libgcc.a
LOAD c:/program files (x86)/gnu arm embedded toolchain/10 2021.10/bin/../lib/gcc/arm-none-eabi/10.3.1/../../../../arm-none-eabi/lib/thumb/v7e-m+fp/hard\libc_nano.a
END GROUP
START GROUP
LOAD c:/program files (x86)/gnu arm embedded toolchain/10 2021.10/bin/../lib/gcc/arm-none-eabi/10.3.1/thumb/v7e-m+fp/hard\libgcc.a
LOAD c:/program files (x86)/gnu arm embedded toolchain/10 2021.10/bin/../lib/gcc/arm-none-eabi/10.3.1/../../../../arm-none-eabi/lib/thumb/v7e-m+fp/hard\libc_nano.a
END GROUP
LOAD c:/program files (x86)/gnu arm embedded toolchain/10 2021.10/bin/../lib/gcc/arm-none-eabi/10.3.1/thumb/v7e-m+fp/hard/crtend.o
LOAD c:/program files (x86)/gnu arm embedded toolchain/10 2021.10/bin/../lib/gcc/arm-none-eabi/10.3.1/thumb/v7e-m+fp/hard/crtn.o
                0x20020000                _estack = (ORIGIN (RAM) + LENGTH (RAM))
                0x00000200                _Min_Heap_Size = 0x200
                0x00000400                _Min_Stack_Size = 0x400

.isr_vector     0x08000000      0x188
                0x08000000                . = ALIGN (0x4)
 *(.isr_vector)
 .isr_vector    0x08000000      0x188 build/startup_stm32f407xx.o
                0x08000000                g_pfnVectors
                0x08000188                . = ALIGN (0x4)

.text           0x08000188     0x23ac
                0x08000188                . = ALIGN (0x4)
 *(.text)
 .text          0x08000188       0x40 c:/program files (x86)/gnu arm embedded toolchain/10 2021.10/bin/../lib/gcc/arm-none-eabi/10.3.1/thumb/v7e-m+fp/hard/crtbegin.o
 .text          0x080001c8       0x30 c:/program files (x86)/gnu arm embedded toolchain/10 2021.10/bin/../lib/gcc/arm-none-eabi/10.3.1/thumb/v7e-m+fp/hard\libgcc.a(_aeabi_uldivmod.o)
                0x080001c8                __aeabi_uldivmod
 .text          0x080001f8      0x2d0 c:/program files (x86)/gnu arm embedded toolchain/10 2021.10/bin/../lib/gcc/arm-none-eabi/10.3.1/thumb/v7e-m+fp/hard\libgcc.a(_udivmoddi4.o)
                0x080001f8                __udivmoddi4
 .text          0x080004c8        0x4 c:/program files (x86)/gnu arm embedded toolchain/10 2021.10/bin/../lib/gcc/arm-none-eabi/10.3.1/thumb/v7e-m+fp/hard\libgcc.a(_dvmd_tls.o)
                0x080004c8                __aeabi_idiv0
                0x080004c8                __aeabi_ldiv0
 *(.text*)
 .text.Error_Handler
                0x080004cc        0x4 build/main.o
                0x080004cc                Error_Handler
 .text.SystemClock_Config
                0x080004d0       0xa4 build/main.o
                0x080004d0                SystemClock_Config
 .text.main     0x08000574       0x70 build/main.o
                0x08000574                main
 .text.gpio_led_state
                0x080005e4       0x4c build/gpio.o
                0x080005e4                gpio_led_state
 .text.MX_GPIO_Init
                0x08000630      0x1a8 build/gpio.o
                0x08000630                MX_GPIO_Init
 .text.NMI_Handler
                0x080007d8        0x2 build/stm32f4xx_it.o
                0x080007d8                NMI_Handler
 .text.HardFault_Handler
                0x080007da        0x2 build/stm32f4xx_it.o
                0x080007da                HardFault_Handler
 .text.MemManage_Handler
                0x080007dc        0x2 build/stm32f4xx_it.o
                0x080007dc                MemManage_Handler
 .text.BusFault_Handler
                0x080007de        0x2 build/stm32f4xx_it.o
                0x080007de                BusFault_Handler
 .text.UsageFault_Handler
                0x080007e0        0x2 build/stm32f4xx_it.o
                0x080007e0                UsageFault_Handler
 .text.SVC_Handler
                0x080007e2        0x2 build/stm32f4xx_it.o
                0x080007e2                SVC_Handler
 .text.DebugMon_Handler
                0x080007e4        0x2 build/stm32f4xx_it.o
                0x080007e4                DebugMon_Handler
 .text.PendSV_Handler
                0x080007e6        0x2 build/stm32f4xx_it.o
                0x080007e6                PendSV_Handler
 .text.SysTick_Handler
                0x080007e8        0x8 build/stm32f4xx_it.o
                0x080007e8                SysTick_Handler
 .text.TIM2_IRQHandler
                0x080007f0       0x10 build/stm32f4xx_it.o
                0x080007f0                TIM2_IRQHandler
 .text.OTG_FS_IRQHandler
                0x08000800       0x10 build/stm32f4xx_it.o
                0x08000800                OTG_FS_IRQHandler
 .text.HAL_MspInit
                0x08000810       0x40 build/stm32f4xx_hal_msp.o
                0x08000810                HAL_MspInit
 .text.HAL_HCD_SOF_Callback
                0x08000850        0xc build/usbh_conf.o
                0x08000850                HAL_HCD_SOF_Callback
 .text.HAL_HCD_Connect_Callback
                0x0800085c        0xc build/usbh_conf.o
                0x0800085c                HAL_HCD_Connect_Callback
 .text.HAL_HCD_Disconnect_Callback
                0x08000868        0xc build/usbh_conf.o
                0x08000868                HAL_HCD_Disconnect_Callback
 .text.HAL_HCD_HC_NotifyURBChange_Callback
                0x08000874        0x2 build/usbh_conf.o
                0x08000874                HAL_HCD_HC_NotifyURBChange_Callback
 .text.HAL_HCD_PortEnabled_Callback
                0x08000876        0xc build/usbh_conf.o
                0x08000876                HAL_HCD_PortEnabled_Callback
 .text.HAL_HCD_PortDisabled_Callback
                0x08000882        0xc build/usbh_conf.o
                0x08000882                HAL_HCD_PortDisabled_Callback
 .text.USBH_Get_USB_Status
                0x0800088e       0x14 build/usbh_conf.o
                0x0800088e                USBH_Get_USB_Status
 .text.USBH_LL_Stop
                0x080008a2       0x10 build/usbh_conf.o
                0x080008a2                USBH_LL_Stop
 .text.HCD_RXQLVL_IRQHandler
                0x080008b2       0x9e build/stm32f4xx_hal_hcd.o
 .text.HCD_Port_IRQHandler
                0x08000950       0xb0 build/stm32f4xx_hal_hcd.o
 .text.HCD_HC_IN_IRQHandler
                0x08000a00      0x2b6 build/stm32f4xx_hal_hcd.o
 .text.HCD_HC_OUT_IRQHandler
                0x08000cb6      0x2c2 build/stm32f4xx_hal_hcd.o
 .text.HAL_HCD_IRQHandler
                0x08000f78      0x154 build/stm32f4xx_hal_hcd.o
                0x08000f78                HAL_HCD_IRQHandler
 .text.HAL_HCD_Stop
                0x080010cc       0x24 build/stm32f4xx_hal_hcd.o
                0x080010cc                HAL_HCD_Stop
 .text.USB_EnableGlobalInt
                0x080010f0        0xc build/stm32f4xx_ll_usb.o
                0x080010f0                USB_EnableGlobalInt
 .text.USB_DisableGlobalInt
                0x080010fc        0xc build/stm32f4xx_ll_usb.o
                0x080010fc                USB_DisableGlobalInt
 .text.USB_FlushTxFifo
                0x08001108       0x50 build/stm32f4xx_ll_usb.o
                0x08001108                USB_FlushTxFifo
 .text.USB_FlushRxFifo
                0x08001158       0x4c build/stm32f4xx_ll_usb.o
                0x08001158                USB_FlushRxFifo
 .text.USB_ReadPacket
                0x080011a4       0x54 build/stm32f4xx_ll_usb.o
                0x080011a4                USB_ReadPacket
 .text.USB_ReadInterrupts
                0x080011f8        0x8 build/stm32f4xx_ll_usb.o
                0x080011f8                USB_ReadInterrupts
 .text.USB_GetMode
                0x08001200        0x8 build/stm32f4xx_ll_usb.o
                0x08001200                USB_GetMode
 .text.USB_InitFSLSPClkSel
                0x08001208       0x3e build/stm32f4xx_ll_usb.o
                0x08001208                USB_InitFSLSPClkSel
 .text.USB_HC_ReadInterrupt
                0x08001246        0xa build/stm32f4xx_ll_usb.o
                0x08001246                USB_HC_ReadInterrupt
 .text.USB_HC_Halt
                0x08001250       0xe6 build/stm32f4xx_ll_usb.o
                0x08001250                USB_HC_Halt
 .text.USB_StopHost
                0x08001336       0x92 build/stm32f4xx_ll_usb.o
                0x08001336                USB_StopHost
 .text.HAL_RCC_OscConfig
                0x080013c8      0x3f8 build/stm32f4xx_hal_rcc.o
                0x080013c8                HAL_RCC_OscConfig
 .text.HAL_RCC_GetSysClockFreq
                0x080017c0       0xd4 build/stm32f4xx_hal_rcc.o
                0x080017c0                HAL_RCC_GetSysClockFreq
 .text.HAL_RCC_ClockConfig
                0x08001894      0x160 build/stm32f4xx_hal_rcc.o
                0x08001894                HAL_RCC_ClockConfig
 .text.HAL_GPIO_Init
                0x080019f4      0x1e4 build/stm32f4xx_hal_gpio.o
                0x080019f4                HAL_GPIO_Init
 .text.HAL_GPIO_WritePin
                0x08001bd8        0xc build/stm32f4xx_hal_gpio.o
                0x08001bd8                HAL_GPIO_WritePin
 .text.HAL_NVIC_SetPriorityGrouping
                0x08001be4       0x24 build/stm32f4xx_hal_cortex.o
                0x08001be4                HAL_NVIC_SetPriorityGrouping
 .text.HAL_NVIC_SetPriority
                0x08001c08       0x70 build/stm32f4xx_hal_cortex.o
                0x08001c08                HAL_NVIC_SetPriority
 .text.HAL_NVIC_EnableIRQ
                0x08001c78       0x1c build/stm32f4xx_hal_cortex.o
                0x08001c78                HAL_NVIC_EnableIRQ
 .text.HAL_SYSTICK_Config
                0x08001c94       0x28 build/stm32f4xx_hal_cortex.o
                0x08001c94                HAL_SYSTICK_Config
 .text.HAL_InitTick
                0x08001cbc       0x4c build/stm32f4xx_hal.o
                0x08001cbc                HAL_InitTick
 .text.HAL_Init
                0x08001d08       0x34 build/stm32f4xx_hal.o
                0x08001d08                HAL_Init
 .text.HAL_IncTick
                0x08001d3c       0x18 build/stm32f4xx_hal.o
                0x08001d3c                HAL_IncTick
 .text.HAL_GetTick
                0x08001d54        0xc build/stm32f4xx_hal.o
                0x08001d54                HAL_GetTick
 .text.TIM_TI1_ConfigInputStage
                0x08001d60       0x26 build/stm32f4xx_hal_tim.o
 .text.TIM_TI2_ConfigInputStage
                0x08001d86       0x28 build/stm32f4xx_hal_tim.o
 .text.TIM_ITRx_SetConfig
                0x08001dae       0x10 build/stm32f4xx_hal_tim.o
 *fill*         0x08001dbe        0x2 
 .text.HAL_TIM_Base_Start_IT
                0x08001dc0       0x88 build/stm32f4xx_hal_tim.o
                0x08001dc0                HAL_TIM_Base_Start_IT
 .text.HAL_TIM_OC_DelayElapsedCallback
                0x08001e48        0x2 build/stm32f4xx_hal_tim.o
                0x08001e48                HAL_TIM_OC_DelayElapsedCallback
 .text.HAL_TIM_IC_CaptureCallback
                0x08001e4a        0x2 build/stm32f4xx_hal_tim.o
                0x08001e4a                HAL_TIM_IC_CaptureCallback
 .text.HAL_TIM_PWM_PulseFinishedCallback
                0x08001e4c        0x2 build/stm32f4xx_hal_tim.o
                0x08001e4c                HAL_TIM_PWM_PulseFinishedCallback
 .text.HAL_TIM_TriggerCallback
                0x08001e4e        0x2 build/stm32f4xx_hal_tim.o
                0x08001e4e                HAL_TIM_TriggerCallback
 .text.HAL_TIM_IRQHandler
                0x08001e50      0x17a build/stm32f4xx_hal_tim.o
                0x08001e50                HAL_TIM_IRQHandler
 *fill*         0x08001fca        0x2 
 .text.TIM_Base_SetConfig
                0x08001fcc       0xc8 build/stm32f4xx_hal_tim.o
                0x08001fcc                TIM_Base_SetConfig
 .text.HAL_TIM_Base_Init
                0x08002094       0x58 build/stm32f4xx_hal_tim.o
                0x08002094                HAL_TIM_Base_Init
 .text.TIM_ETR_SetConfig
                0x080020ec       0x1a build/stm32f4xx_hal_tim.o
                0x080020ec                TIM_ETR_SetConfig
 .text.HAL_TIM_ConfigClockSource
                0x08002106       0xfe build/stm32f4xx_hal_tim.o
                0x08002106                HAL_TIM_ConfigClockSource
 .text.HAL_TIMEx_MasterConfigSynchronization
                0x08002204       0x8c build/stm32f4xx_hal_tim_ex.o
                0x08002204                HAL_TIMEx_MasterConfigSynchronization
 .text.HAL_TIMEx_CommutCallback
                0x08002290        0x2 build/stm32f4xx_hal_tim_ex.o
                0x08002290                HAL_TIMEx_CommutCallback
 .text.HAL_TIMEx_BreakCallback
                0x08002292        0x2 build/stm32f4xx_hal_tim_ex.o
                0x08002292                HAL_TIMEx_BreakCallback
 .text.SystemInit
                0x08002294       0x14 build/system_stm32f4xx.o
                0x08002294                SystemInit
 .text.USBH_HandleSof
                0x080022a8       0x1a build/usbh_core.o
 .text.USBH_LL_IncTimer
                0x080022c2       0x12 build/usbh_core.o
                0x080022c2                USBH_LL_IncTimer
 .text.USBH_LL_PortEnabled
                0x080022d4        0x8 build/usbh_core.o
                0x080022d4                USBH_LL_PortEnabled
 .text.USBH_LL_PortDisabled
                0x080022dc        0x8 build/usbh_core.o
                0x080022dc                USBH_LL_PortDisabled
 .text.USBH_LL_Connect
                0x080022e4       0x14 build/usbh_core.o
                0x080022e4                USBH_LL_Connect
 .text.USBH_LL_Disconnect
                0x080022f8       0x2c build/usbh_core.o
                0x080022f8                USBH_LL_Disconnect
 .text.USBH_FreePipe
                0x08002324       0x16 build/usbh_pipes.o
                0x08002324                USBH_FreePipe
 *fill*         0x0800233a        0x2 
 .text.MX_TIM2_Init
                0x0800233c       0xa0 build/tim.o
                0x0800233c                MX_TIM2_Init
 .text.HAL_TIM_Base_MspInit
                0x080023dc       0x3c build/tim.o
                0x080023dc                HAL_TIM_Base_MspInit
 .text.HAL_TIM_PeriodElapsedCallback
                0x08002418       0x18 build/tim.o
                0x08002418                HAL_TIM_PeriodElapsedCallback
 .text.timer2_get_millisec
                0x08002430       0x24 build/tim.o
                0x08002430                timer2_get_millisec
 .text.timer2_wait_millisec
                0x08002454       0x1a build/tim.o
                0x08002454                timer2_wait_millisec
 *fill*         0x0800246e        0x2 
 .text.Reset_Handler
                0x08002470       0x50 build/startup_stm32f407xx.o
                0x08002470                Reset_Handler
 .text.Default_Handler
                0x080024c0        0x2 build/startup_stm32f407xx.o
                0x080024c0                RTC_Alarm_IRQHandler
                0x080024c0                HASH_RNG_IRQHandler
                0x080024c0                EXTI2_IRQHandler
                0x080024c0                TIM8_CC_IRQHandler
                0x080024c0                TIM1_CC_IRQHandler
                0x080024c0                DMA2_Stream5_IRQHandler
                0x080024c0                DMA1_Stream5_IRQHandler
                0x080024c0                PVD_IRQHandler
                0x080024c0                SDIO_IRQHandler
                0x080024c0                TAMP_STAMP_IRQHandler
                0x080024c0                CAN2_RX1_IRQHandler
                0x080024c0                EXTI3_IRQHandler
                0x080024c0                TIM8_TRG_COM_TIM14_IRQHandler
                0x080024c0                TIM1_UP_TIM10_IRQHandler
                0x080024c0                TIM8_UP_TIM13_IRQHandler
                0x080024c0                I2C3_ER_IRQHandler
                0x080024c0                EXTI0_IRQHandler
                0x080024c0                I2C2_EV_IRQHandler
                0x080024c0                DMA1_Stream2_IRQHandler
                0x080024c0                CAN1_RX0_IRQHandler
                0x080024c0                FPU_IRQHandler
                0x080024c0                OTG_HS_WKUP_IRQHandler
                0x080024c0                CAN2_SCE_IRQHandler
                0x080024c0                DMA2_Stream2_IRQHandler
                0x080024c0                SPI1_IRQHandler
                0x080024c0                TIM6_DAC_IRQHandler
                0x080024c0                TIM1_BRK_TIM9_IRQHandler
                0x080024c0                DCMI_IRQHandler
                0x080024c0                CAN2_RX0_IRQHandler
                0x080024c0                DMA2_Stream3_IRQHandler
                0x080024c0                USART6_IRQHandler
                0x080024c0                USART3_IRQHandler
                0x080024c0                CAN1_RX1_IRQHandler
                0x080024c0                UART5_IRQHandler
                0x080024c0                DMA2_Stream0_IRQHandler
                0x080024c0                TIM4_IRQHandler
                0x080024c0                I2C1_EV_IRQHandler
                0x080024c0                DMA1_Stream6_IRQHandler
                0x080024c0                DMA1_Stream1_IRQHandler
                0x080024c0                UART4_IRQHandler
                0x080024c0                TIM3_IRQHandler
                0x080024c0                RCC_IRQHandler
                0x080024c0                TIM8_BRK_TIM12_IRQHandler
                0x080024c0                Default_Handler
                0x080024c0                EXTI15_10_IRQHandler
                0x080024c0                ADC_IRQHandler
                0x080024c0                DMA1_Stream7_IRQHandler
                0x080024c0                TIM7_IRQHandler
                0x080024c0                CAN2_TX_IRQHandler
                0x080024c0                TIM5_IRQHandler
                0x080024c0                DMA2_Stream7_IRQHandler
                0x080024c0                I2C3_EV_IRQHandler
                0x080024c0                EXTI9_5_IRQHandler
                0x080024c0                RTC_WKUP_IRQHandler
                0x080024c0                ETH_WKUP_IRQHandler
                0x080024c0                SPI2_IRQHandler
                0x080024c0                OTG_HS_EP1_IN_IRQHandler
                0x080024c0                DMA1_Stream0_IRQHandler
                0x080024c0                CAN1_TX_IRQHandler
                0x080024c0                EXTI4_IRQHandler
                0x080024c0                FSMC_IRQHandler
                0x080024c0                ETH_IRQHandler
                0x080024c0                OTG_HS_EP1_OUT_IRQHandler
                0x080024c0                WWDG_IRQHandler
                0x080024c0                OTG_FS_WKUP_IRQHandler
                0x080024c0                TIM1_TRG_COM_TIM11_IRQHandler
                0x080024c0                OTG_HS_IRQHandler
                0x080024c0                EXTI1_IRQHandler
                0x080024c0                USART2_IRQHandler
                0x080024c0                I2C2_ER_IRQHandler
                0x080024c0                DMA2_Stream1_IRQHandler
                0x080024c0                CAN1_SCE_IRQHandler
                0x080024c0                FLASH_IRQHandler
                0x080024c0                DMA2_Stream4_IRQHandler
                0x080024c0                USART1_IRQHandler
                0x080024c0                SPI3_IRQHandler
                0x080024c0                DMA1_Stream4_IRQHandler
                0x080024c0                I2C1_ER_IRQHandler
                0x080024c0                DMA2_Stream6_IRQHandler
                0x080024c0                DMA1_Stream3_IRQHandler
 *fill*         0x080024c2        0x2 
 .text.__libc_init_array
                0x080024c4       0x48 c:/program files (x86)/gnu arm embedded toolchain/10 2021.10/bin/../lib/gcc/arm-none-eabi/10.3.1/../../../../arm-none-eabi/lib/thumb/v7e-m+fp/hard\libc_nano.a(lib_a-init.o)
                0x080024c4                __libc_init_array
 .text.memset   0x0800250c       0x10 c:/program files (x86)/gnu arm embedded toolchain/10 2021.10/bin/../lib/gcc/arm-none-eabi/10.3.1/../../../../arm-none-eabi/lib/thumb/v7e-m+fp/hard\libc_nano.a(lib_a-memset.o)
                0x0800250c                memset
 *(.glue_7)
 .glue_7        0x0800251c        0x0 linker stubs
 *(.glue_7t)
 .glue_7t       0x0800251c        0x0 linker stubs
 *(.eh_frame)
 .eh_frame      0x0800251c        0x0 c:/program files (x86)/gnu arm embedded toolchain/10 2021.10/bin/../lib/gcc/arm-none-eabi/10.3.1/thumb/v7e-m+fp/hard/crtbegin.o
 *(.init)
 .init          0x0800251c        0x4 c:/program files (x86)/gnu arm embedded toolchain/10 2021.10/bin/../lib/gcc/arm-none-eabi/10.3.1/thumb/v7e-m+fp/hard/crti.o
                0x0800251c                _init
 .init          0x08002520        0x8 c:/program files (x86)/gnu arm embedded toolchain/10 2021.10/bin/../lib/gcc/arm-none-eabi/10.3.1/thumb/v7e-m+fp/hard/crtn.o
 *(.fini)
 .fini          0x08002528        0x4 c:/program files (x86)/gnu arm embedded toolchain/10 2021.10/bin/../lib/gcc/arm-none-eabi/10.3.1/thumb/v7e-m+fp/hard/crti.o
                0x08002528                _fini
 .fini          0x0800252c        0x8 c:/program files (x86)/gnu arm embedded toolchain/10 2021.10/bin/../lib/gcc/arm-none-eabi/10.3.1/thumb/v7e-m+fp/hard/crtn.o
                0x08002534                . = ALIGN (0x4)
                0x08002534                _etext = .

.vfp11_veneer   0x08002534        0x0
 .vfp11_veneer  0x08002534        0x0 linker stubs

.v4_bx          0x08002534        0x0
 .v4_bx         0x08002534        0x0 linker stubs

.iplt           0x08002534        0x0
 .iplt          0x08002534        0x0 c:/program files (x86)/gnu arm embedded toolchain/10 2021.10/bin/../lib/gcc/arm-none-eabi/10.3.1/thumb/v7e-m+fp/hard/crtbegin.o

.rodata         0x08002534       0x10
                0x08002534                . = ALIGN (0x4)
 *(.rodata)
 *(.rodata*)
 .rodata.AHBPrescTable
                0x08002534       0x10 build/system_stm32f4xx.o
                0x08002534                AHBPrescTable
                0x08002544                . = ALIGN (0x4)

.ARM.extab
 *(.ARM.extab* .gnu.linkonce.armextab.*)

.ARM            0x08002544        0x8
                0x08002544                __exidx_start = .
 *(.ARM.exidx*)
 .ARM.exidx     0x08002544        0x8 c:/program files (x86)/gnu arm embedded toolchain/10 2021.10/bin/../lib/gcc/arm-none-eabi/10.3.1/thumb/v7e-m+fp/hard\libgcc.a(_udivmoddi4.o)
                0x0800254c                __exidx_end = .

.rel.dyn        0x0800254c        0x0
 .rel.iplt      0x0800254c        0x0 c:/program files (x86)/gnu arm embedded toolchain/10 2021.10/bin/../lib/gcc/arm-none-eabi/10.3.1/thumb/v7e-m+fp/hard/crtbegin.o

.preinit_array  0x0800254c        0x0
                0x0800254c                PROVIDE (__preinit_array_start = .)
 *(.preinit_array*)
                0x0800254c                PROVIDE (__preinit_array_end = .)

.init_array     0x0800254c        0x4
                0x0800254c                PROVIDE (__init_array_start = .)
 *(SORT_BY_NAME(.init_array.*))
 *(.init_array*)
 .init_array    0x0800254c        0x4 c:/program files (x86)/gnu arm embedded toolchain/10 2021.10/bin/../lib/gcc/arm-none-eabi/10.3.1/thumb/v7e-m+fp/hard/crtbegin.o
                0x08002550                PROVIDE (__init_array_end = .)

.fini_array     0x08002550        0x4
                [!provide]                PROVIDE (__fini_array_start = .)
 *(SORT_BY_NAME(.fini_array.*))
 *(.fini_array*)
 .fini_array    0x08002550        0x4 c:/program files (x86)/gnu arm embedded toolchain/10 2021.10/bin/../lib/gcc/arm-none-eabi/10.3.1/thumb/v7e-m+fp/hard/crtbegin.o
                [!provide]                PROVIDE (__fini_array_end = .)
                0x08002554                _sidata = LOADADDR (.data)

.data           0x20000000        0xc load address 0x08002554
                0x20000000                . = ALIGN (0x4)
                0x20000000                _sdata = .
 *(.data)
 *(.data*)
 .data.uwTickFreq
                0x20000000        0x1 build/stm32f4xx_hal.o
                0x20000000                uwTickFreq
 *fill*         0x20000001        0x3 
 .data.uwTickPrio
                0x20000004        0x4 build/stm32f4xx_hal.o
                0x20000004                uwTickPrio
 .data.SystemCoreClock
                0x20000008        0x4 build/system_stm32f4xx.o
                0x20000008                SystemCoreClock
                0x2000000c                . = ALIGN (0x4)
                0x2000000c                _edata = .
                0x08002560                _siccmram = LOADADDR (.ccmram)

.igot.plt       0x2000000c        0x0 load address 0x08002560
 .igot.plt      0x2000000c        0x0 c:/program files (x86)/gnu arm embedded toolchain/10 2021.10/bin/../lib/gcc/arm-none-eabi/10.3.1/thumb/v7e-m+fp/hard/crtbegin.o

.ccmram         0x10000000        0x0 load address 0x08002560
                0x10000000                . = ALIGN (0x4)
                0x10000000                _sccmram = .
 *(.ccmram)
 *(.ccmram*)
                0x10000000                . = ALIGN (0x4)
                0x10000000                _eccmram = .
                0x10000000                . = ALIGN (0x4)

.bss            0x2000000c      0x370
                0x2000000c                _sbss = .
                0x2000000c                __bss_start__ = _sbss
 *(.bss)
 .bss           0x2000000c       0x1c c:/program files (x86)/gnu arm embedded toolchain/10 2021.10/bin/../lib/gcc/arm-none-eabi/10.3.1/thumb/v7e-m+fp/hard/crtbegin.o
 *(.bss*)
 .bss.hhcd_USB_OTG_FS
                0x20000028      0x304 build/usbh_conf.o
                0x20000028                hhcd_USB_OTG_FS
 .bss.uwTick    0x2000032c        0x4 build/stm32f4xx_hal.o
                0x2000032c                uwTick
 .bss.htim2     0x20000330       0x48 build/tim.o
                0x20000330                htim2
 .bss.timer2_Ticks_Millisec
                0x20000378        0x4 build/tim.o
                0x20000378                timer2_Ticks_Millisec
 *(COMMON)
                0x2000037c                . = ALIGN (0x4)
                0x2000037c                _ebss = .
                0x2000037c                __bss_end__ = _ebss

._user_heap_stack
                0x2000037c      0x604
                0x20000380                . = ALIGN (0x8)
 *fill*         0x2000037c        0x4 
                0x20000380                PROVIDE (end = .)
                [!provide]                PROVIDE (_end = .)
                0x20000580                . = (. + _Min_Heap_Size)
 *fill*         0x20000380      0x200 
                0x20000980                . = (. + _Min_Stack_Size)
 *fill*         0x20000580      0x400 
                0x20000980                . = ALIGN (0x8)

/DISCARD/
 libc.a(*)
 libm.a(*)
 libgcc.a(*)

.ARM.attributes
                0x00000000       0x30
 *(.ARM.attributes)
 .ARM.attributes
                0x00000000       0x1e c:/program files (x86)/gnu arm embedded toolchain/10 2021.10/bin/../lib/gcc/arm-none-eabi/10.3.1/thumb/v7e-m+fp/hard/crti.o
 .ARM.attributes
                0x0000001e       0x34 c:/program files (x86)/gnu arm embedded toolchain/10 2021.10/bin/../lib/gcc/arm-none-eabi/10.3.1/thumb/v7e-m+fp/hard/crtbegin.o
 .ARM.attributes
                0x00000052       0x34 build/main.o
 .ARM.attributes
                0x00000086       0x34 build/gpio.o
 .ARM.attributes
                0x000000ba       0x34 build/stm32f4xx_it.o
 .ARM.attributes
                0x000000ee       0x34 build/stm32f4xx_hal_msp.o
 .ARM.attributes
                0x00000122       0x34 build/usbh_conf.o
 .ARM.attributes
                0x00000156       0x34 build/stm32f4xx_hal_hcd.o
 .ARM.attributes
                0x0000018a       0x34 build/stm32f4xx_ll_usb.o
 .ARM.attributes
                0x000001be       0x34 build/stm32f4xx_hal_rcc.o
 .ARM.attributes
                0x000001f2       0x34 build/stm32f4xx_hal_gpio.o
 .ARM.attributes
                0x00000226       0x34 build/stm32f4xx_hal_cortex.o
 .ARM.attributes
                0x0000025a       0x34 build/stm32f4xx_hal.o
 .ARM.attributes
                0x0000028e       0x34 build/stm32f4xx_hal_tim.o
 .ARM.attributes
                0x000002c2       0x34 build/stm32f4xx_hal_tim_ex.o
 .ARM.attributes
                0x000002f6       0x34 build/system_stm32f4xx.o
 .ARM.attributes
                0x0000032a       0x34 build/usbh_core.o
 .ARM.attributes
                0x0000035e       0x34 build/usbh_pipes.o
 .ARM.attributes
                0x00000392       0x34 build/tim.o
 .ARM.attributes
                0x000003c6       0x21 build/startup_stm32f407xx.o
 .ARM.attributes
                0x000003e7       0x34 c:/program files (x86)/gnu arm embedded toolchain/10 2021.10/bin/../lib/gcc/arm-none-eabi/10.3.1/../../../../arm-none-eabi/lib/thumb/v7e-m+fp/hard\libc_nano.a(lib_a-init.o)
 .ARM.attributes
                0x0000041b       0x34 c:/program files (x86)/gnu arm embedded toolchain/10 2021.10/bin/../lib/gcc/arm-none-eabi/10.3.1/../../../../arm-none-eabi/lib/thumb/v7e-m+fp/hard\libc_nano.a(lib_a-memset.o)
 .ARM.attributes
                0x0000044f       0x1e c:/program files (x86)/gnu arm embedded toolchain/10 2021.10/bin/../lib/gcc/arm-none-eabi/10.3.1/thumb/v7e-m+fp/hard\libgcc.a(_aeabi_uldivmod.o)
 .ARM.attributes
                0x0000046d       0x34 c:/program files (x86)/gnu arm embedded toolchain/10 2021.10/bin/../lib/gcc/arm-none-eabi/10.3.1/thumb/v7e-m+fp/hard\libgcc.a(_udivmoddi4.o)
 .ARM.attributes
                0x000004a1       0x1e c:/program files (x86)/gnu arm embedded toolchain/10 2021.10/bin/../lib/gcc/arm-none-eabi/10.3.1/thumb/v7e-m+fp/hard\libgcc.a(_dvmd_tls.o)
 .ARM.attributes
                0x000004bf       0x1e c:/program files (x86)/gnu arm embedded toolchain/10 2021.10/bin/../lib/gcc/arm-none-eabi/10.3.1/thumb/v7e-m+fp/hard/crtn.o
OUTPUT(build/Labos_zadaca_GPIO.elf elf32-littlearm)
LOAD linker stubs
LOAD c:/program files (x86)/gnu arm embedded toolchain/10 2021.10/bin/../lib/gcc/arm-none-eabi/10.3.1/../../../../arm-none-eabi/lib/thumb/v7e-m+fp/hard\libc.a
LOAD c:/program files (x86)/gnu arm embedded toolchain/10 2021.10/bin/../lib/gcc/arm-none-eabi/10.3.1/../../../../arm-none-eabi/lib/thumb/v7e-m+fp/hard\libm.a
LOAD c:/program files (x86)/gnu arm embedded toolchain/10 2021.10/bin/../lib/gcc/arm-none-eabi/10.3.1/thumb/v7e-m+fp/hard\libgcc.a

.debug_info     0x00000000    0x14475
 .debug_info    0x00000000      0xd7e build/main.o
 .debug_info    0x00000d7e      0x739 build/gpio.o
 .debug_info    0x000014b7      0xd90 build/stm32f4xx_it.o
 .debug_info    0x00002247      0x311 build/stm32f4xx_hal_msp.o
 .debug_info    0x00002558     0x212a build/usbh_conf.o
 .debug_info    0x00004682     0x15ae build/stm32f4xx_hal_hcd.o
 .debug_info    0x00005c30     0x2164 build/stm32f4xx_ll_usb.o
 .debug_info    0x00007d94      0xbe6 build/stm32f4xx_hal_rcc.o
 .debug_info    0x0000897a      0x848 build/stm32f4xx_hal_gpio.o
 .debug_info    0x000091c2     0x1174 build/stm32f4xx_hal_cortex.o
 .debug_info    0x0000a336      0xacf build/stm32f4xx_hal.o
 .debug_info    0x0000ae05     0x4061 build/stm32f4xx_hal_tim.o
 .debug_info    0x0000ee66     0x1c6a build/stm32f4xx_hal_tim_ex.o
 .debug_info    0x00010ad0      0x5b3 build/system_stm32f4xx.o
 .debug_info    0x00011083     0x1658 build/usbh_core.o
 .debug_info    0x000126db      0xc5d build/usbh_pipes.o
 .debug_info    0x00013338     0x111b build/tim.o
 .debug_info    0x00014453       0x22 build/startup_stm32f407xx.o

.debug_abbrev   0x00000000     0x2935
 .debug_abbrev  0x00000000      0x23a build/main.o
 .debug_abbrev  0x0000023a      0x179 build/gpio.o
 .debug_abbrev  0x000003b3      0x1bf build/stm32f4xx_it.o
 .debug_abbrev  0x00000572       0xf7 build/stm32f4xx_hal_msp.o
 .debug_abbrev  0x00000669      0x380 build/usbh_conf.o
 .debug_abbrev  0x000009e9      0x2b8 build/stm32f4xx_hal_hcd.o
 .debug_abbrev  0x00000ca1      0x2f9 build/stm32f4xx_ll_usb.o
 .debug_abbrev  0x00000f9a      0x2aa build/stm32f4xx_hal_rcc.o
 .debug_abbrev  0x00001244      0x22b build/stm32f4xx_hal_gpio.o
 .debug_abbrev  0x0000146f      0x382 build/stm32f4xx_hal_cortex.o
 .debug_abbrev  0x000017f1      0x209 build/stm32f4xx_hal.o
 .debug_abbrev  0x000019fa      0x282 build/stm32f4xx_hal_tim.o
 .debug_abbrev  0x00001c7c      0x298 build/stm32f4xx_hal_tim_ex.o
 .debug_abbrev  0x00001f14      0x11b build/system_stm32f4xx.o
 .debug_abbrev  0x0000202f      0x359 build/usbh_core.o
 .debug_abbrev  0x00002388      0x284 build/usbh_pipes.o
 .debug_abbrev  0x0000260c      0x317 build/tim.o
 .debug_abbrev  0x00002923       0x12 build/startup_stm32f407xx.o

.debug_loc      0x00000000     0xf049
 .debug_loc     0x00000000       0x66 build/main.o
 .debug_loc     0x00000066      0x136 build/gpio.o
 .debug_loc     0x0000019c       0x60 build/stm32f4xx_it.o
 .debug_loc     0x000001fc       0x38 build/stm32f4xx_hal_msp.o
 .debug_loc     0x00000234      0xba3 build/usbh_conf.o
 .debug_loc     0x00000dd7     0x1454 build/stm32f4xx_hal_hcd.o
 .debug_loc     0x0000222b     0x2abe build/stm32f4xx_ll_usb.o
 .debug_loc     0x00004ce9      0x6e4 build/stm32f4xx_hal_rcc.o
 .debug_loc     0x000053cd      0x5e8 build/stm32f4xx_hal_gpio.o
 .debug_loc     0x000059b5      0x7a4 build/stm32f4xx_hal_cortex.o
 .debug_loc     0x00006159      0x1e1 build/stm32f4xx_hal.o
 .debug_loc     0x0000633a     0x5ba0 build/stm32f4xx_hal_tim.o
 .debug_loc     0x0000beda     0x2137 build/stm32f4xx_hal_tim_ex.o
 .debug_loc     0x0000e011      0x158 build/system_stm32f4xx.o
 .debug_loc     0x0000e169      0xac2 build/usbh_core.o
 .debug_loc     0x0000ec2b      0x26e build/usbh_pipes.o
 .debug_loc     0x0000ee99      0x1b0 build/tim.o

.debug_aranges  0x00000000      0xda0
 .debug_aranges
                0x00000000       0x30 build/main.o
 .debug_aranges
                0x00000030       0x28 build/gpio.o
 .debug_aranges
                0x00000058       0x70 build/stm32f4xx_it.o
 .debug_aranges
                0x000000c8       0x20 build/stm32f4xx_hal_msp.o
 .debug_aranges
                0x000000e8       0xd8 build/usbh_conf.o
 .debug_aranges
                0x000001c0       0xf8 build/stm32f4xx_hal_hcd.o
 .debug_aranges
                0x000002b8      0x1a0 build/stm32f4xx_ll_usb.o
 .debug_aranges
                0x00000458       0x88 build/stm32f4xx_hal_rcc.o
 .debug_aranges
                0x000004e0       0x58 build/stm32f4xx_hal_gpio.o
 .debug_aranges
                0x00000538       0xa8 build/stm32f4xx_hal_cortex.o
 .debug_aranges
                0x000005e0       0xf0 build/stm32f4xx_hal.o
 .debug_aranges
                0x000006d0      0x3d0 build/stm32f4xx_hal_tim.o
 .debug_aranges
                0x00000aa0      0x168 build/stm32f4xx_hal_tim_ex.o
 .debug_aranges
                0x00000c08       0x28 build/system_stm32f4xx.o
 .debug_aranges
                0x00000c30       0xc0 build/usbh_core.o
 .debug_aranges
                0x00000cf0       0x40 build/usbh_pipes.o
 .debug_aranges
                0x00000d30       0x48 build/tim.o
 .debug_aranges
                0x00000d78       0x28 build/startup_stm32f407xx.o

.debug_ranges   0x00000000      0xd00
 .debug_ranges  0x00000000       0x20 build/main.o
 .debug_ranges  0x00000020       0x18 build/gpio.o
 .debug_ranges  0x00000038       0x60 build/stm32f4xx_it.o
 .debug_ranges  0x00000098       0x10 build/stm32f4xx_hal_msp.o
 .debug_ranges  0x000000a8       0xc8 build/usbh_conf.o
 .debug_ranges  0x00000170       0xe8 build/stm32f4xx_hal_hcd.o
 .debug_ranges  0x00000258      0x190 build/stm32f4xx_ll_usb.o
 .debug_ranges  0x000003e8       0x90 build/stm32f4xx_hal_rcc.o
 .debug_ranges  0x00000478       0x48 build/stm32f4xx_hal_gpio.o
 .debug_ranges  0x000004c0       0xf8 build/stm32f4xx_hal_cortex.o
 .debug_ranges  0x000005b8       0xe0 build/stm32f4xx_hal.o
 .debug_ranges  0x00000698      0x3c0 build/stm32f4xx_hal_tim.o
 .debug_ranges  0x00000a58      0x158 build/stm32f4xx_hal_tim_ex.o
 .debug_ranges  0x00000bb0       0x18 build/system_stm32f4xx.o
 .debug_ranges  0x00000bc8       0xb0 build/usbh_core.o
 .debug_ranges  0x00000c78       0x30 build/usbh_pipes.o
 .debug_ranges  0x00000ca8       0x38 build/tim.o
 .debug_ranges  0x00000ce0       0x20 build/startup_stm32f407xx.o

.debug_line     0x00000000     0xdfa2
 .debug_line    0x00000000      0x379 build/main.o
 .debug_line    0x00000379      0x33f build/gpio.o
 .debug_line    0x000006b8      0x329 build/stm32f4xx_it.o
 .debug_line    0x000009e1      0x1ab build/stm32f4xx_hal_msp.o
 .debug_line    0x00000b8c      0x6f6 build/usbh_conf.o
 .debug_line    0x00001282     0x10cf build/stm32f4xx_hal_hcd.o
 .debug_line    0x00002351     0x1e46 build/stm32f4xx_ll_usb.o
 .debug_line    0x00004197      0xb24 build/stm32f4xx_hal_rcc.o
 .debug_line    0x00004cbb      0x6f5 build/stm32f4xx_hal_gpio.o
 .debug_line    0x000053b0      0x78c build/stm32f4xx_hal_cortex.o
 .debug_line    0x00005b3c      0x579 build/stm32f4xx_hal.o
 .debug_line    0x000060b5     0x4ab6 build/stm32f4xx_hal_tim.o
 .debug_line    0x0000ab6b     0x1cda build/stm32f4xx_hal_tim_ex.o
 .debug_line    0x0000c845      0x264 build/system_stm32f4xx.o
 .debug_line    0x0000caa9      0xdf5 build/usbh_core.o
 .debug_line    0x0000d89e      0x286 build/usbh_pipes.o
 .debug_line    0x0000db24      0x408 build/tim.o
 .debug_line    0x0000df2c       0x76 build/startup_stm32f407xx.o

.debug_str      0x00000000     0x4ac1
 .debug_str     0x00000000      0x923 build/main.o
                                0x9da (size before relaxing)
 .debug_str     0x00000923       0xd7 build/gpio.o
                                0x3a1 (size before relaxing)
 .debug_str     0x000009fa      0x46a build/stm32f4xx_it.o
                                0xb88 (size before relaxing)
 .debug_str     0x00000e64       0x46 build/stm32f4xx_hal_msp.o
                                0x2c8 (size before relaxing)
 .debug_str     0x00000eaa     0x1172 build/usbh_conf.o
                               0x193b (size before relaxing)
 .debug_str     0x0000201c      0x33b build/stm32f4xx_hal_hcd.o
                                0xb2e (size before relaxing)
 .debug_str     0x00002357      0x531 build/stm32f4xx_ll_usb.o
                                0xc8f (size before relaxing)
 .debug_str     0x00002888      0x22f build/stm32f4xx_hal_rcc.o
                                0x6f6 (size before relaxing)
 .debug_str     0x00002ab7      0x117 build/stm32f4xx_hal_gpio.o
                                0x4d0 (size before relaxing)
 .debug_str     0x00002bce      0x4b1 build/stm32f4xx_hal_cortex.o
                                0xc1c (size before relaxing)
 .debug_str     0x0000307f      0x295 build/stm32f4xx_hal.o
                                0xb4a (size before relaxing)
 .debug_str     0x00003314      0xf00 build/stm32f4xx_hal_tim.o
                               0x16a9 (size before relaxing)
 .debug_str     0x00004214      0x591 build/stm32f4xx_hal_tim_ex.o
                                0xeaa (size before relaxing)
 .debug_str     0x000047a5       0x47 build/system_stm32f4xx.o
                                0x365 (size before relaxing)
 .debug_str     0x000047ec      0x205 build/usbh_core.o
                                0xcda (size before relaxing)
 .debug_str     0x000049f1       0x64 build/usbh_pipes.o
                                0xa79 (size before relaxing)
 .debug_str     0x00004a55       0x48 build/tim.o
                                0xf54 (size before relaxing)
 .debug_str     0x00004a9d       0x24 build/startup_stm32f407xx.o
                                 0x5a (size before relaxing)

.comment        0x00000000       0x49
 .comment       0x00000000       0x49 build/main.o
                                 0x4a (size before relaxing)
 .comment       0x00000049       0x4a build/gpio.o
 .comment       0x00000049       0x4a build/stm32f4xx_it.o
 .comment       0x00000049       0x4a build/stm32f4xx_hal_msp.o
 .comment       0x00000049       0x4a build/usbh_conf.o
 .comment       0x00000049       0x4a build/stm32f4xx_hal_hcd.o
 .comment       0x00000049       0x4a build/stm32f4xx_ll_usb.o
 .comment       0x00000049       0x4a build/stm32f4xx_hal_rcc.o
 .comment       0x00000049       0x4a build/stm32f4xx_hal_gpio.o
 .comment       0x00000049       0x4a build/stm32f4xx_hal_cortex.o
 .comment       0x00000049       0x4a build/stm32f4xx_hal.o
 .comment       0x00000049       0x4a build/stm32f4xx_hal_tim.o
 .comment       0x00000049       0x4a build/stm32f4xx_hal_tim_ex.o
 .comment       0x00000049       0x4a build/system_stm32f4xx.o
 .comment       0x00000049       0x4a build/usbh_core.o
 .comment       0x00000049       0x4a build/usbh_pipes.o
 .comment       0x00000049       0x4a build/tim.o

.debug_frame    0x00000000     0x23c8
 .debug_frame   0x00000000       0x58 build/main.o
 .debug_frame   0x00000058       0x54 build/gpio.o
 .debug_frame   0x000000ac       0xd8 build/stm32f4xx_it.o
 .debug_frame   0x00000184       0x2c build/stm32f4xx_hal_msp.o
 .debug_frame   0x000001b0      0x24c build/usbh_conf.o
 .debug_frame   0x000003fc      0x2a8 build/stm32f4xx_hal_hcd.o
 .debug_frame   0x000006a4      0x4ac build/stm32f4xx_ll_usb.o
 .debug_frame   0x00000b50      0x16c build/stm32f4xx_hal_rcc.o
 .debug_frame   0x00000cbc       0xd8 build/stm32f4xx_hal_gpio.o
 .debug_frame   0x00000d94      0x148 build/stm32f4xx_hal_cortex.o
 .debug_frame   0x00000edc      0x1ec build/stm32f4xx_hal.o
 .debug_frame   0x000010c8      0xb0c build/stm32f4xx_hal_tim.o
 .debug_frame   0x00001bd4      0x40c build/stm32f4xx_hal_tim_ex.o
 .debug_frame   0x00001fe0       0x30 build/system_stm32f4xx.o
 .debug_frame   0x00002010      0x1e8 build/usbh_core.o
 .debug_frame   0x000021f8       0x84 build/usbh_pipes.o
 .debug_frame   0x0000227c       0xa0 build/tim.o
 .debug_frame   0x0000231c       0x2c c:/program files (x86)/gnu arm embedded toolchain/10 2021.10/bin/../lib/gcc/arm-none-eabi/10.3.1/../../../../arm-none-eabi/lib/thumb/v7e-m+fp/hard\libc_nano.a(lib_a-init.o)
 .debug_frame   0x00002348       0x20 c:/program files (x86)/gnu arm embedded toolchain/10 2021.10/bin/../lib/gcc/arm-none-eabi/10.3.1/../../../../arm-none-eabi/lib/thumb/v7e-m+fp/hard\libc_nano.a(lib_a-memset.o)
 .debug_frame   0x00002368       0x2c c:/program files (x86)/gnu arm embedded toolchain/10 2021.10/bin/../lib/gcc/arm-none-eabi/10.3.1/thumb/v7e-m+fp/hard\libgcc.a(_aeabi_uldivmod.o)
 .debug_frame   0x00002394       0x34 c:/program files (x86)/gnu arm embedded toolchain/10 2021.10/bin/../lib/gcc/arm-none-eabi/10.3.1/thumb/v7e-m+fp/hard\libgcc.a(_udivmoddi4.o)

Cross Reference Table

Symbol                                            File
ADC_IRQHandler                                    build/startup_stm32f407xx.o
AHBPrescTable                                     build/system_stm32f4xx.o
                                                  build/stm32f4xx_hal_rcc.o
APBPrescTable                                     build/system_stm32f4xx.o
                                                  build/stm32f4xx_hal_rcc.o
Appli_state                                       build/usb_host.o
BusFault_Handler                                  build/stm32f4xx_it.o
CAN1_RX0_IRQHandler                               build/startup_stm32f407xx.o
CAN1_RX1_IRQHandler                               build/startup_stm32f407xx.o
CAN1_SCE_IRQHandler                               build/startup_stm32f407xx.o
CAN1_TX_IRQHandler                                build/startup_stm32f407xx.o
CAN2_RX0_IRQHandler                               build/startup_stm32f407xx.o
CAN2_RX1_IRQHandler                               build/startup_stm32f407xx.o
CAN2_SCE_IRQHandler                               build/startup_stm32f407xx.o
CAN2_TX_IRQHandler                                build/startup_stm32f407xx.o
CDC_Class                                         build/usbh_cdc.o
                                                  build/usb_host.o
DCMI_IRQHandler                                   build/startup_stm32f407xx.o
DMA1_Stream0_IRQHandler                           build/startup_stm32f407xx.o
DMA1_Stream1_IRQHandler                           build/startup_stm32f407xx.o
DMA1_Stream2_IRQHandler                           build/startup_stm32f407xx.o
DMA1_Stream3_IRQHandler                           build/startup_stm32f407xx.o
DMA1_Stream4_IRQHandler                           build/startup_stm32f407xx.o
DMA1_Stream5_IRQHandler                           build/startup_stm32f407xx.o
DMA1_Stream6_IRQHandler                           build/startup_stm32f407xx.o
DMA1_Stream7_IRQHandler                           build/startup_stm32f407xx.o
DMA2_Stream0_IRQHandler                           build/startup_stm32f407xx.o
DMA2_Stream1_IRQHandler                           build/startup_stm32f407xx.o
DMA2_Stream2_IRQHandler                           build/startup_stm32f407xx.o
DMA2_Stream3_IRQHandler                           build/startup_stm32f407xx.o
DMA2_Stream4_IRQHandler                           build/startup_stm32f407xx.o
DMA2_Stream5_IRQHandler                           build/startup_stm32f407xx.o
DMA2_Stream6_IRQHandler                           build/startup_stm32f407xx.o
DMA2_Stream7_IRQHandler                           build/startup_stm32f407xx.o
DebugMon_Handler                                  build/stm32f4xx_it.o
Default_Handler                                   build/startup_stm32f407xx.o
ETH_IRQHandler                                    build/startup_stm32f407xx.o
ETH_WKUP_IRQHandler                               build/startup_stm32f407xx.o
EXTI0_IRQHandler                                  build/startup_stm32f407xx.o
EXTI15_10_IRQHandler                              build/startup_stm32f407xx.o
EXTI1_IRQHandler                                  build/startup_stm32f407xx.o
EXTI2_IRQHandler                                  build/startup_stm32f407xx.o
EXTI3_IRQHandler                                  build/startup_stm32f407xx.o
EXTI4_IRQHandler                                  build/startup_stm32f407xx.o
EXTI9_5_IRQHandler                                build/startup_stm32f407xx.o
Error_Handler                                     build/main.o
                                                  build/tim.o
                                                  build/usbh_conf.o
                                                  build/usb_host.o
                                                  build/spi.o
                                                  build/i2s.o
                                                  build/i2c.o
FLASH_Erase_Sector                                build/stm32f4xx_hal_flash_ex.o
                                                  build/stm32f4xx_hal_flash.o
FLASH_FlushCaches                                 build/stm32f4xx_hal_flash_ex.o
                                                  build/stm32f4xx_hal_flash.o
FLASH_IRQHandler                                  build/startup_stm32f407xx.o
FLASH_WaitForLastOperation                        build/stm32f4xx_hal_flash.o
                                                  build/stm32f4xx_hal_flash_ex.o
FPU_IRQHandler                                    build/startup_stm32f407xx.o
FSMC_IRQHandler                                   build/startup_stm32f407xx.o
HAL_DBGMCU_DisableDBGSleepMode                    build/stm32f4xx_hal.o
HAL_DBGMCU_DisableDBGStandbyMode                  build/stm32f4xx_hal.o
HAL_DBGMCU_DisableDBGStopMode                     build/stm32f4xx_hal.o
HAL_DBGMCU_EnableDBGSleepMode                     build/stm32f4xx_hal.o
HAL_DBGMCU_EnableDBGStandbyMode                   build/stm32f4xx_hal.o
HAL_DBGMCU_EnableDBGStopMode                      build/stm32f4xx_hal.o
HAL_DMAEx_ChangeMemory                            build/stm32f4xx_hal_dma_ex.o
HAL_DMAEx_MultiBufferStart                        build/stm32f4xx_hal_dma_ex.o
HAL_DMAEx_MultiBufferStart_IT                     build/stm32f4xx_hal_dma_ex.o
HAL_DMA_Abort                                     build/stm32f4xx_hal_dma.o
                                                  build/stm32f4xx_hal_spi.o
                                                  build/stm32f4xx_hal_i2s.o
HAL_DMA_Abort_IT                                  build/stm32f4xx_hal_dma.o
                                                  build/stm32f4xx_hal_tim_ex.o
                                                  build/stm32f4xx_hal_tim.o
                                                  build/stm32f4xx_hal_spi.o
                                                  build/stm32f4xx_hal_i2c.o
HAL_DMA_DeInit                                    build/stm32f4xx_hal_dma.o
HAL_DMA_GetError                                  build/stm32f4xx_hal_dma.o
                                                  build/stm32f4xx_hal_i2c.o
HAL_DMA_GetState                                  build/stm32f4xx_hal_dma.o
                                                  build/stm32f4xx_hal_i2c.o
HAL_DMA_IRQHandler                                build/stm32f4xx_hal_dma.o
HAL_DMA_Init                                      build/stm32f4xx_hal_dma.o
HAL_DMA_PollForTransfer                           build/stm32f4xx_hal_dma.o
HAL_DMA_RegisterCallback                          build/stm32f4xx_hal_dma.o
HAL_DMA_Start                                     build/stm32f4xx_hal_dma.o
HAL_DMA_Start_IT                                  build/stm32f4xx_hal_dma.o
                                                  build/stm32f4xx_hal_tim_ex.o
                                                  build/stm32f4xx_hal_tim.o
                                                  build/stm32f4xx_hal_spi.o
                                                  build/stm32f4xx_hal_i2s_ex.o
                                                  build/stm32f4xx_hal_i2s.o
                                                  build/stm32f4xx_hal_i2c.o
HAL_DMA_UnRegisterCallback                        build/stm32f4xx_hal_dma.o
HAL_DeInit                                        build/stm32f4xx_hal.o
HAL_Delay                                         build/stm32f4xx_hal.o
                                                  build/stm32f4xx_ll_usb.o
                                                  build/usbh_conf.o
HAL_DisableCompensationCell                       build/stm32f4xx_hal.o
HAL_EXTI_ClearConfigLine                          build/stm32f4xx_hal_exti.o
HAL_EXTI_ClearPending                             build/stm32f4xx_hal_exti.o
HAL_EXTI_GenerateSWI                              build/stm32f4xx_hal_exti.o
HAL_EXTI_GetConfigLine                            build/stm32f4xx_hal_exti.o
HAL_EXTI_GetHandle                                build/stm32f4xx_hal_exti.o
HAL_EXTI_GetPending                               build/stm32f4xx_hal_exti.o
HAL_EXTI_IRQHandler                               build/stm32f4xx_hal_exti.o
HAL_EXTI_RegisterCallback                         build/stm32f4xx_hal_exti.o
HAL_EXTI_SetConfigLine                            build/stm32f4xx_hal_exti.o
HAL_EnableCompensationCell                        build/stm32f4xx_hal.o
HAL_FLASHEx_Erase                                 build/stm32f4xx_hal_flash_ex.o
HAL_FLASHEx_Erase_IT                              build/stm32f4xx_hal_flash_ex.o
HAL_FLASHEx_OBGetConfig                           build/stm32f4xx_hal_flash_ex.o
HAL_FLASHEx_OBProgram                             build/stm32f4xx_hal_flash_ex.o
HAL_FLASH_EndOfOperationCallback                  build/stm32f4xx_hal_flash.o
HAL_FLASH_GetError                                build/stm32f4xx_hal_flash.o
HAL_FLASH_IRQHandler                              build/stm32f4xx_hal_flash.o
HAL_FLASH_Lock                                    build/stm32f4xx_hal_flash.o
HAL_FLASH_OB_Launch                               build/stm32f4xx_hal_flash.o
HAL_FLASH_OB_Lock                                 build/stm32f4xx_hal_flash.o
HAL_FLASH_OB_Unlock                               build/stm32f4xx_hal_flash.o
HAL_FLASH_OperationErrorCallback                  build/stm32f4xx_hal_flash.o
HAL_FLASH_Program                                 build/stm32f4xx_hal_flash.o
HAL_FLASH_Program_IT                              build/stm32f4xx_hal_flash.o
HAL_FLASH_Unlock                                  build/stm32f4xx_hal_flash.o
HAL_GPIO_DeInit                                   build/stm32f4xx_hal_gpio.o
                                                  build/usbh_conf.o
                                                  build/spi.o
                                                  build/i2s.o
                                                  build/i2c.o
HAL_GPIO_EXTI_Callback                            build/stm32f4xx_hal_gpio.o
HAL_GPIO_EXTI_IRQHandler                          build/stm32f4xx_hal_gpio.o
HAL_GPIO_Init                                     build/stm32f4xx_hal_gpio.o
                                                  build/stm32f4xx_hal_rcc.o
                                                  build/usbh_conf.o
                                                  build/spi.o
                                                  build/i2s.o
                                                  build/i2c.o
                                                  build/gpio.o
HAL_GPIO_LockPin                                  build/stm32f4xx_hal_gpio.o
HAL_GPIO_ReadPin                                  build/stm32f4xx_hal_gpio.o
HAL_GPIO_TogglePin                                build/stm32f4xx_hal_gpio.o
HAL_GPIO_WritePin                                 build/stm32f4xx_hal_gpio.o
                                                  build/usbh_platform.o
                                                  build/gpio.o
HAL_GetDEVID                                      build/stm32f4xx_hal.o
HAL_GetHalVersion                                 build/stm32f4xx_hal.o
HAL_GetREVID                                      build/stm32f4xx_hal.o
HAL_GetTick                                       build/stm32f4xx_hal.o
                                                  build/stm32f4xx_hal_spi.o
                                                  build/stm32f4xx_hal_i2s_ex.o
                                                  build/stm32f4xx_hal_i2s.o
                                                  build/stm32f4xx_hal_i2c.o
                                                  build/stm32f4xx_hal_pwr_ex.o
                                                  build/stm32f4xx_hal_dma.o
                                                  build/stm32f4xx_hal_flash.o
                                                  build/stm32f4xx_hal_rcc_ex.o
                                                  build/stm32f4xx_hal_rcc.o
HAL_GetTickFreq                                   build/stm32f4xx_hal.o
HAL_GetTickPrio                                   build/stm32f4xx_hal.o
HAL_GetUIDw0                                      build/stm32f4xx_hal.o
HAL_GetUIDw1                                      build/stm32f4xx_hal.o
HAL_GetUIDw2                                      build/stm32f4xx_hal.o
HAL_HCD_Connect_Callback                          build/usbh_conf.o
HAL_HCD_DeInit                                    build/stm32f4xx_hal_hcd.o
                                                  build/usbh_conf.o
HAL_HCD_Disconnect_Callback                       build/usbh_conf.o
HAL_HCD_GetCurrentFrame                           build/stm32f4xx_hal_hcd.o
                                                  build/usbh_conf.o
HAL_HCD_GetCurrentSpeed                           build/stm32f4xx_hal_hcd.o
                                                  build/usbh_conf.o
HAL_HCD_GetState                                  build/stm32f4xx_hal_hcd.o
HAL_HCD_HC_GetState                               build/stm32f4xx_hal_hcd.o
HAL_HCD_HC_GetURBState                            build/stm32f4xx_hal_hcd.o
                                                  build/usbh_conf.o
HAL_HCD_HC_GetXferCount                           build/stm32f4xx_hal_hcd.o
                                                  build/usbh_conf.o
HAL_HCD_HC_Halt                                   build/stm32f4xx_hal_hcd.o
                                                  build/usbh_conf.o
HAL_HCD_HC_Init                                   build/stm32f4xx_hal_hcd.o
                                                  build/usbh_conf.o
HAL_HCD_HC_NotifyURBChange_Callback               build/usbh_conf.o
HAL_HCD_HC_SubmitRequest                          build/stm32f4xx_hal_hcd.o
                                                  build/usbh_conf.o
HAL_HCD_IRQHandler                                build/stm32f4xx_hal_hcd.o
                                                  build/stm32f4xx_it.o
HAL_HCD_Init                                      build/stm32f4xx_hal_hcd.o
                                                  build/usbh_conf.o
HAL_HCD_MspDeInit                                 build/usbh_conf.o
HAL_HCD_MspInit                                   build/usbh_conf.o
HAL_HCD_PortDisabled_Callback                     build/usbh_conf.o
HAL_HCD_PortEnabled_Callback                      build/usbh_conf.o
HAL_HCD_ResetPort                                 build/stm32f4xx_hal_hcd.o
                                                  build/usbh_conf.o
HAL_HCD_SOF_Callback                              build/usbh_conf.o
HAL_HCD_Start                                     build/stm32f4xx_hal_hcd.o
                                                  build/usbh_conf.o
HAL_HCD_Stop                                      build/stm32f4xx_hal_hcd.o
                                                  build/usbh_conf.o
HAL_HCD_WKUP_IRQHandler                           build/stm32f4xx_hal_hcd.o
HAL_I2C_AbortCpltCallback                         build/stm32f4xx_hal_i2c.o
HAL_I2C_AddrCallback                              build/stm32f4xx_hal_i2c.o
HAL_I2C_DeInit                                    build/stm32f4xx_hal_i2c.o
HAL_I2C_DisableListen_IT                          build/stm32f4xx_hal_i2c.o
HAL_I2C_ER_IRQHandler                             build/stm32f4xx_hal_i2c.o
HAL_I2C_EV_IRQHandler                             build/stm32f4xx_hal_i2c.o
HAL_I2C_EnableListen_IT                           build/stm32f4xx_hal_i2c.o
HAL_I2C_ErrorCallback                             build/stm32f4xx_hal_i2c.o
HAL_I2C_GetError                                  build/stm32f4xx_hal_i2c.o
HAL_I2C_GetMode                                   build/stm32f4xx_hal_i2c.o
HAL_I2C_GetState                                  build/stm32f4xx_hal_i2c.o
HAL_I2C_Init                                      build/stm32f4xx_hal_i2c.o
                                                  build/i2c.o
HAL_I2C_IsDeviceReady                             build/stm32f4xx_hal_i2c.o
HAL_I2C_ListenCpltCallback                        build/stm32f4xx_hal_i2c.o
HAL_I2C_MasterRxCpltCallback                      build/stm32f4xx_hal_i2c.o
HAL_I2C_MasterTxCpltCallback                      build/stm32f4xx_hal_i2c.o
HAL_I2C_Master_Abort_IT                           build/stm32f4xx_hal_i2c.o
HAL_I2C_Master_Receive                            build/stm32f4xx_hal_i2c.o
HAL_I2C_Master_Receive_DMA                        build/stm32f4xx_hal_i2c.o
HAL_I2C_Master_Receive_IT                         build/stm32f4xx_hal_i2c.o
HAL_I2C_Master_Seq_Receive_DMA                    build/stm32f4xx_hal_i2c.o
HAL_I2C_Master_Seq_Receive_IT                     build/stm32f4xx_hal_i2c.o
HAL_I2C_Master_Seq_Transmit_DMA                   build/stm32f4xx_hal_i2c.o
HAL_I2C_Master_Seq_Transmit_IT                    build/stm32f4xx_hal_i2c.o
HAL_I2C_Master_Transmit                           build/stm32f4xx_hal_i2c.o
HAL_I2C_Master_Transmit_DMA                       build/stm32f4xx_hal_i2c.o
HAL_I2C_Master_Transmit_IT                        build/stm32f4xx_hal_i2c.o
HAL_I2C_MemRxCpltCallback                         build/stm32f4xx_hal_i2c.o
HAL_I2C_MemTxCpltCallback                         build/stm32f4xx_hal_i2c.o
HAL_I2C_Mem_Read                                  build/stm32f4xx_hal_i2c.o
HAL_I2C_Mem_Read_DMA                              build/stm32f4xx_hal_i2c.o
HAL_I2C_Mem_Read_IT                               build/stm32f4xx_hal_i2c.o
HAL_I2C_Mem_Write                                 build/stm32f4xx_hal_i2c.o
HAL_I2C_Mem_Write_DMA                             build/stm32f4xx_hal_i2c.o
HAL_I2C_Mem_Write_IT                              build/stm32f4xx_hal_i2c.o
HAL_I2C_MspDeInit                                 build/i2c.o
HAL_I2C_MspInit                                   build/i2c.o
HAL_I2C_SlaveRxCpltCallback                       build/stm32f4xx_hal_i2c.o
HAL_I2C_SlaveTxCpltCallback                       build/stm32f4xx_hal_i2c.o
HAL_I2C_Slave_Receive                             build/stm32f4xx_hal_i2c.o
HAL_I2C_Slave_Receive_DMA                         build/stm32f4xx_hal_i2c.o
HAL_I2C_Slave_Receive_IT                          build/stm32f4xx_hal_i2c.o
HAL_I2C_Slave_Seq_Receive_DMA                     build/stm32f4xx_hal_i2c.o
HAL_I2C_Slave_Seq_Receive_IT                      build/stm32f4xx_hal_i2c.o
HAL_I2C_Slave_Seq_Transmit_DMA                    build/stm32f4xx_hal_i2c.o
HAL_I2C_Slave_Seq_Transmit_IT                     build/stm32f4xx_hal_i2c.o
HAL_I2C_Slave_Transmit                            build/stm32f4xx_hal_i2c.o
HAL_I2C_Slave_Transmit_DMA                        build/stm32f4xx_hal_i2c.o
HAL_I2C_Slave_Transmit_IT                         build/stm32f4xx_hal_i2c.o
HAL_I2SEx_FullDuplex_IRQHandler                   build/stm32f4xx_hal_i2s_ex.o
                                                  build/stm32f4xx_hal_i2s.o
HAL_I2SEx_TransmitReceive                         build/stm32f4xx_hal_i2s_ex.o
HAL_I2SEx_TransmitReceive_DMA                     build/stm32f4xx_hal_i2s_ex.o
HAL_I2SEx_TransmitReceive_IT                      build/stm32f4xx_hal_i2s_ex.o
HAL_I2SEx_TxRxCpltCallback                        build/stm32f4xx_hal_i2s_ex.o
HAL_I2SEx_TxRxHalfCpltCallback                    build/stm32f4xx_hal_i2s_ex.o
HAL_I2S_DMAPause                                  build/stm32f4xx_hal_i2s.o
HAL_I2S_DMAResume                                 build/stm32f4xx_hal_i2s.o
HAL_I2S_DMAStop                                   build/stm32f4xx_hal_i2s.o
HAL_I2S_DeInit                                    build/stm32f4xx_hal_i2s.o
HAL_I2S_ErrorCallback                             build/stm32f4xx_hal_i2s.o
                                                  build/stm32f4xx_hal_i2s_ex.o
HAL_I2S_GetError                                  build/stm32f4xx_hal_i2s.o
HAL_I2S_GetState                                  build/stm32f4xx_hal_i2s.o
HAL_I2S_IRQHandler                                build/stm32f4xx_hal_i2s.o
HAL_I2S_Init                                      build/stm32f4xx_hal_i2s.o
                                                  build/i2s.o
HAL_I2S_MspDeInit                                 build/i2s.o
HAL_I2S_MspInit                                   build/i2s.o
HAL_I2S_Receive                                   build/stm32f4xx_hal_i2s.o
HAL_I2S_Receive_DMA                               build/stm32f4xx_hal_i2s.o
HAL_I2S_Receive_IT                                build/stm32f4xx_hal_i2s.o
HAL_I2S_RxCpltCallback                            build/stm32f4xx_hal_i2s.o
HAL_I2S_RxHalfCpltCallback                        build/stm32f4xx_hal_i2s.o
HAL_I2S_Transmit                                  build/stm32f4xx_hal_i2s.o
HAL_I2S_Transmit_DMA                              build/stm32f4xx_hal_i2s.o
HAL_I2S_Transmit_IT                               build/stm32f4xx_hal_i2s.o
HAL_I2S_TxCpltCallback                            build/stm32f4xx_hal_i2s.o
HAL_I2S_TxHalfCpltCallback                        build/stm32f4xx_hal_i2s.o
HAL_IncTick                                       build/stm32f4xx_hal.o
                                                  build/stm32f4xx_it.o
HAL_Init                                          build/stm32f4xx_hal.o
                                                  build/main.o
HAL_InitTick                                      build/stm32f4xx_hal.o
                                                  build/stm32f4xx_hal_rcc_ex.o
                                                  build/stm32f4xx_hal_rcc.o
HAL_MPU_ConfigRegion                              build/stm32f4xx_hal_cortex.o
HAL_MPU_Disable                                   build/stm32f4xx_hal_cortex.o
HAL_MPU_Enable                                    build/stm32f4xx_hal_cortex.o
HAL_MspDeInit                                     build/stm32f4xx_hal.o
HAL_MspInit                                       build/stm32f4xx_hal_msp.o
HAL_NVIC_ClearPendingIRQ                          build/stm32f4xx_hal_cortex.o
HAL_NVIC_DisableIRQ                               build/stm32f4xx_hal_cortex.o
                                                  build/tim.o
                                                  build/usbh_conf.o
HAL_NVIC_EnableIRQ                                build/stm32f4xx_hal_cortex.o
                                                  build/tim.o
                                                  build/usbh_conf.o
HAL_NVIC_GetActive                                build/stm32f4xx_hal_cortex.o
HAL_NVIC_GetPendingIRQ                            build/stm32f4xx_hal_cortex.o
HAL_NVIC_GetPriority                              build/stm32f4xx_hal_cortex.o
HAL_NVIC_GetPriorityGrouping                      build/stm32f4xx_hal_cortex.o
HAL_NVIC_SetPendingIRQ                            build/stm32f4xx_hal_cortex.o
HAL_NVIC_SetPriority                              build/stm32f4xx_hal_cortex.o
                                                  build/tim.o
                                                  build/stm32f4xx_hal.o
                                                  build/usbh_conf.o
HAL_NVIC_SetPriorityGrouping                      build/stm32f4xx_hal_cortex.o
                                                  build/stm32f4xx_hal.o
                                                  build/stm32f4xx_hal_msp.o
HAL_NVIC_SystemReset                              build/stm32f4xx_hal_cortex.o
HAL_PWREx_ControlVoltageScaling                   build/stm32f4xx_hal_pwr_ex.o
HAL_PWREx_DisableBkUpReg                          build/stm32f4xx_hal_pwr_ex.o
HAL_PWREx_DisableFlashPowerDown                   build/stm32f4xx_hal_pwr_ex.o
HAL_PWREx_EnableBkUpReg                           build/stm32f4xx_hal_pwr_ex.o
HAL_PWREx_EnableFlashPowerDown                    build/stm32f4xx_hal_pwr_ex.o
HAL_PWREx_GetVoltageRange                         build/stm32f4xx_hal_pwr_ex.o
HAL_PWR_ConfigPVD                                 build/stm32f4xx_hal_pwr.o
HAL_PWR_DeInit                                    build/stm32f4xx_hal_pwr.o
HAL_PWR_DisableBkUpAccess                         build/stm32f4xx_hal_pwr.o
HAL_PWR_DisablePVD                                build/stm32f4xx_hal_pwr.o
HAL_PWR_DisableSEVOnPend                          build/stm32f4xx_hal_pwr.o
HAL_PWR_DisableSleepOnExit                        build/stm32f4xx_hal_pwr.o
HAL_PWR_DisableWakeUpPin                          build/stm32f4xx_hal_pwr.o
HAL_PWR_EnableBkUpAccess                          build/stm32f4xx_hal_pwr.o
HAL_PWR_EnablePVD                                 build/stm32f4xx_hal_pwr.o
HAL_PWR_EnableSEVOnPend                           build/stm32f4xx_hal_pwr.o
HAL_PWR_EnableSleepOnExit                         build/stm32f4xx_hal_pwr.o
HAL_PWR_EnableWakeUpPin                           build/stm32f4xx_hal_pwr.o
HAL_PWR_EnterSLEEPMode                            build/stm32f4xx_hal_pwr.o
HAL_PWR_EnterSTANDBYMode                          build/stm32f4xx_hal_pwr.o
HAL_PWR_EnterSTOPMode                             build/stm32f4xx_hal_pwr.o
HAL_PWR_PVDCallback                               build/stm32f4xx_hal_pwr.o
HAL_PWR_PVD_IRQHandler                            build/stm32f4xx_hal_pwr.o
HAL_RCCEx_DisablePLLI2S                           build/stm32f4xx_hal_rcc_ex.o
HAL_RCCEx_EnablePLLI2S                            build/stm32f4xx_hal_rcc_ex.o
HAL_RCCEx_GetPeriphCLKConfig                      build/stm32f4xx_hal_rcc_ex.o
HAL_RCCEx_GetPeriphCLKFreq                        build/stm32f4xx_hal_rcc_ex.o
                                                  build/stm32f4xx_hal_i2s.o
HAL_RCCEx_PeriphCLKConfig                         build/stm32f4xx_hal_rcc_ex.o
                                                  build/i2s.o
HAL_RCC_CSSCallback                               build/stm32f4xx_hal_rcc.o
HAL_RCC_ClockConfig                               build/stm32f4xx_hal_rcc.o
                                                  build/main.o
HAL_RCC_DeInit                                    build/stm32f4xx_hal_rcc_ex.o
                                                  build/stm32f4xx_hal_rcc.o
HAL_RCC_DisableCSS                                build/stm32f4xx_hal_rcc.o
HAL_RCC_EnableCSS                                 build/stm32f4xx_hal_rcc.o
HAL_RCC_GetClockConfig                            build/stm32f4xx_hal_rcc.o
HAL_RCC_GetHCLKFreq                               build/stm32f4xx_hal_rcc.o
HAL_RCC_GetOscConfig                              build/stm32f4xx_hal_rcc.o
HAL_RCC_GetPCLK1Freq                              build/stm32f4xx_hal_rcc.o
                                                  build/stm32f4xx_hal_i2c.o
HAL_RCC_GetPCLK2Freq                              build/stm32f4xx_hal_rcc.o
HAL_RCC_GetSysClockFreq                           build/stm32f4xx_hal_rcc.o
HAL_RCC_MCOConfig                                 build/stm32f4xx_hal_rcc.o
HAL_RCC_NMI_IRQHandler                            build/stm32f4xx_hal_rcc.o
HAL_RCC_OscConfig                                 build/stm32f4xx_hal_rcc.o
                                                  build/main.o
HAL_ResumeTick                                    build/stm32f4xx_hal.o
HAL_SPI_Abort                                     build/stm32f4xx_hal_spi.o
HAL_SPI_AbortCpltCallback                         build/stm32f4xx_hal_spi.o
HAL_SPI_Abort_IT                                  build/stm32f4xx_hal_spi.o
HAL_SPI_DMAPause                                  build/stm32f4xx_hal_spi.o
HAL_SPI_DMAResume                                 build/stm32f4xx_hal_spi.o
HAL_SPI_DMAStop                                   build/stm32f4xx_hal_spi.o
HAL_SPI_DeInit                                    build/stm32f4xx_hal_spi.o
HAL_SPI_ErrorCallback                             build/stm32f4xx_hal_spi.o
HAL_SPI_GetError                                  build/stm32f4xx_hal_spi.o
HAL_SPI_GetState                                  build/stm32f4xx_hal_spi.o
HAL_SPI_IRQHandler                                build/stm32f4xx_hal_spi.o
HAL_SPI_Init                                      build/stm32f4xx_hal_spi.o
                                                  build/spi.o
HAL_SPI_MspDeInit                                 build/spi.o
HAL_SPI_MspInit                                   build/spi.o
HAL_SPI_Receive                                   build/stm32f4xx_hal_spi.o
HAL_SPI_Receive_DMA                               build/stm32f4xx_hal_spi.o
HAL_SPI_Receive_IT                                build/stm32f4xx_hal_spi.o
HAL_SPI_RxCpltCallback                            build/stm32f4xx_hal_spi.o
HAL_SPI_RxHalfCpltCallback                        build/stm32f4xx_hal_spi.o
HAL_SPI_Transmit                                  build/stm32f4xx_hal_spi.o
HAL_SPI_TransmitReceive                           build/stm32f4xx_hal_spi.o
HAL_SPI_TransmitReceive_DMA                       build/stm32f4xx_hal_spi.o
HAL_SPI_TransmitReceive_IT                        build/stm32f4xx_hal_spi.o
HAL_SPI_Transmit_DMA                              build/stm32f4xx_hal_spi.o
HAL_SPI_Transmit_IT                               build/stm32f4xx_hal_spi.o
HAL_SPI_TxCpltCallback                            build/stm32f4xx_hal_spi.o
HAL_SPI_TxHalfCpltCallback                        build/stm32f4xx_hal_spi.o
HAL_SPI_TxRxCpltCallback                          build/stm32f4xx_hal_spi.o
HAL_SPI_TxRxHalfCpltCallback                      build/stm32f4xx_hal_spi.o
HAL_SYSTICK_CLKSourceConfig                       build/stm32f4xx_hal_cortex.o
HAL_SYSTICK_Callback                              build/stm32f4xx_hal_cortex.o
HAL_SYSTICK_Config                                build/stm32f4xx_hal_cortex.o
                                                  build/stm32f4xx_hal.o
HAL_SYSTICK_IRQHandler                            build/stm32f4xx_hal_cortex.o
HAL_SetTickFreq                                   build/stm32f4xx_hal.o
HAL_SuspendTick                                   build/stm32f4xx_hal.o
HAL_TIMEx_BreakCallback                           build/stm32f4xx_hal_tim_ex.o
                                                  build/stm32f4xx_hal_tim.o
HAL_TIMEx_CommutCallback                          build/stm32f4xx_hal_tim_ex.o
                                                  build/stm32f4xx_hal_tim.o
HAL_TIMEx_CommutHalfCpltCallback                  build/stm32f4xx_hal_tim_ex.o
HAL_TIMEx_ConfigBreakDeadTime                     build/stm32f4xx_hal_tim_ex.o
HAL_TIMEx_ConfigCommutEvent                       build/stm32f4xx_hal_tim_ex.o
HAL_TIMEx_ConfigCommutEvent_DMA                   build/stm32f4xx_hal_tim_ex.o
HAL_TIMEx_ConfigCommutEvent_IT                    build/stm32f4xx_hal_tim_ex.o
HAL_TIMEx_GetChannelNState                        build/stm32f4xx_hal_tim_ex.o
HAL_TIMEx_HallSensor_DeInit                       build/stm32f4xx_hal_tim_ex.o
HAL_TIMEx_HallSensor_GetState                     build/stm32f4xx_hal_tim_ex.o
HAL_TIMEx_HallSensor_Init                         build/stm32f4xx_hal_tim_ex.o
HAL_TIMEx_HallSensor_MspDeInit                    build/stm32f4xx_hal_tim_ex.o
HAL_TIMEx_HallSensor_MspInit                      build/stm32f4xx_hal_tim_ex.o
HAL_TIMEx_HallSensor_Start                        build/stm32f4xx_hal_tim_ex.o
HAL_TIMEx_HallSensor_Start_DMA                    build/stm32f4xx_hal_tim_ex.o
HAL_TIMEx_HallSensor_Start_IT                     build/stm32f4xx_hal_tim_ex.o
HAL_TIMEx_HallSensor_Stop                         build/stm32f4xx_hal_tim_ex.o
HAL_TIMEx_HallSensor_Stop_DMA                     build/stm32f4xx_hal_tim_ex.o
HAL_TIMEx_HallSensor_Stop_IT                      build/stm32f4xx_hal_tim_ex.o
HAL_TIMEx_MasterConfigSynchronization             build/stm32f4xx_hal_tim_ex.o
                                                  build/tim.o
HAL_TIMEx_OCN_Start                               build/stm32f4xx_hal_tim_ex.o
HAL_TIMEx_OCN_Start_DMA                           build/stm32f4xx_hal_tim_ex.o
HAL_TIMEx_OCN_Start_IT                            build/stm32f4xx_hal_tim_ex.o
HAL_TIMEx_OCN_Stop                                build/stm32f4xx_hal_tim_ex.o
HAL_TIMEx_OCN_Stop_DMA                            build/stm32f4xx_hal_tim_ex.o
HAL_TIMEx_OCN_Stop_IT                             build/stm32f4xx_hal_tim_ex.o
HAL_TIMEx_OnePulseN_Start                         build/stm32f4xx_hal_tim_ex.o
HAL_TIMEx_OnePulseN_Start_IT                      build/stm32f4xx_hal_tim_ex.o
HAL_TIMEx_OnePulseN_Stop                          build/stm32f4xx_hal_tim_ex.o
HAL_TIMEx_OnePulseN_Stop_IT                       build/stm32f4xx_hal_tim_ex.o
HAL_TIMEx_PWMN_Start                              build/stm32f4xx_hal_tim_ex.o
HAL_TIMEx_PWMN_Start_DMA                          build/stm32f4xx_hal_tim_ex.o
HAL_TIMEx_PWMN_Start_IT                           build/stm32f4xx_hal_tim_ex.o
HAL_TIMEx_PWMN_Stop                               build/stm32f4xx_hal_tim_ex.o
HAL_TIMEx_PWMN_Stop_DMA                           build/stm32f4xx_hal_tim_ex.o
HAL_TIMEx_PWMN_Stop_IT                            build/stm32f4xx_hal_tim_ex.o
HAL_TIMEx_RemapConfig                             build/stm32f4xx_hal_tim_ex.o
HAL_TIM_Base_DeInit                               build/stm32f4xx_hal_tim.o
HAL_TIM_Base_GetState                             build/stm32f4xx_hal_tim.o
HAL_TIM_Base_Init                                 build/stm32f4xx_hal_tim.o
                                                  build/tim.o
HAL_TIM_Base_MspDeInit                            build/tim.o
                                                  build/stm32f4xx_hal_tim.o
HAL_TIM_Base_MspInit                              build/tim.o
                                                  build/stm32f4xx_hal_tim.o
HAL_TIM_Base_Start                                build/stm32f4xx_hal_tim.o
HAL_TIM_Base_Start_DMA                            build/stm32f4xx_hal_tim.o
HAL_TIM_Base_Start_IT                             build/stm32f4xx_hal_tim.o
                                                  build/main.o
HAL_TIM_Base_Stop                                 build/stm32f4xx_hal_tim.o
HAL_TIM_Base_Stop_DMA                             build/stm32f4xx_hal_tim.o
HAL_TIM_Base_Stop_IT                              build/stm32f4xx_hal_tim.o
HAL_TIM_ConfigClockSource                         build/stm32f4xx_hal_tim.o
                                                  build/tim.o
HAL_TIM_ConfigOCrefClear                          build/stm32f4xx_hal_tim.o
HAL_TIM_ConfigTI1Input                            build/stm32f4xx_hal_tim.o
HAL_TIM_DMABurstState                             build/stm32f4xx_hal_tim.o
HAL_TIM_DMABurst_MultiReadStart                   build/stm32f4xx_hal_tim.o
HAL_TIM_DMABurst_MultiWriteStart                  build/stm32f4xx_hal_tim.o
HAL_TIM_DMABurst_ReadStart                        build/stm32f4xx_hal_tim.o
HAL_TIM_DMABurst_ReadStop                         build/stm32f4xx_hal_tim.o
HAL_TIM_DMABurst_WriteStart                       build/stm32f4xx_hal_tim.o
HAL_TIM_DMABurst_WriteStop                        build/stm32f4xx_hal_tim.o
HAL_TIM_Encoder_DeInit                            build/stm32f4xx_hal_tim.o
HAL_TIM_Encoder_GetState                          build/stm32f4xx_hal_tim.o
HAL_TIM_Encoder_Init                              build/stm32f4xx_hal_tim.o
HAL_TIM_Encoder_MspDeInit                         build/stm32f4xx_hal_tim.o
HAL_TIM_Encoder_MspInit                           build/stm32f4xx_hal_tim.o
HAL_TIM_Encoder_Start                             build/stm32f4xx_hal_tim.o
HAL_TIM_Encoder_Start_DMA                         build/stm32f4xx_hal_tim.o
HAL_TIM_Encoder_Start_IT                          build/stm32f4xx_hal_tim.o
HAL_TIM_Encoder_Stop                              build/stm32f4xx_hal_tim.o
HAL_TIM_Encoder_Stop_DMA                          build/stm32f4xx_hal_tim.o
HAL_TIM_Encoder_Stop_IT                           build/stm32f4xx_hal_tim.o
HAL_TIM_ErrorCallback                             build/stm32f4xx_hal_tim.o
                                                  build/stm32f4xx_hal_tim_ex.o
HAL_TIM_GenerateEvent                             build/stm32f4xx_hal_tim.o
HAL_TIM_GetActiveChannel                          build/stm32f4xx_hal_tim.o
HAL_TIM_GetChannelState                           build/stm32f4xx_hal_tim.o
HAL_TIM_IC_CaptureCallback                        build/stm32f4xx_hal_tim.o
HAL_TIM_IC_CaptureHalfCpltCallback                build/stm32f4xx_hal_tim.o
HAL_TIM_IC_ConfigChannel                          build/stm32f4xx_hal_tim.o
HAL_TIM_IC_DeInit                                 build/stm32f4xx_hal_tim.o
HAL_TIM_IC_GetState                               build/stm32f4xx_hal_tim.o
HAL_TIM_IC_Init                                   build/stm32f4xx_hal_tim.o
HAL_TIM_IC_MspDeInit                              build/stm32f4xx_hal_tim.o
HAL_TIM_IC_MspInit                                build/stm32f4xx_hal_tim.o
HAL_TIM_IC_Start                                  build/stm32f4xx_hal_tim.o
HAL_TIM_IC_Start_DMA                              build/stm32f4xx_hal_tim.o
HAL_TIM_IC_Start_IT                               build/stm32f4xx_hal_tim.o
HAL_TIM_IC_Stop                                   build/stm32f4xx_hal_tim.o
HAL_TIM_IC_Stop_DMA                               build/stm32f4xx_hal_tim.o
HAL_TIM_IC_Stop_IT                                build/stm32f4xx_hal_tim.o
HAL_TIM_IRQHandler                                build/stm32f4xx_hal_tim.o
                                                  build/stm32f4xx_it.o
HAL_TIM_OC_ConfigChannel                          build/stm32f4xx_hal_tim.o
HAL_TIM_OC_DeInit                                 build/stm32f4xx_hal_tim.o
HAL_TIM_OC_DelayElapsedCallback                   build/stm32f4xx_hal_tim.o
HAL_TIM_OC_GetState                               build/stm32f4xx_hal_tim.o
HAL_TIM_OC_Init                                   build/stm32f4xx_hal_tim.o
HAL_TIM_OC_MspDeInit                              build/stm32f4xx_hal_tim.o
HAL_TIM_OC_MspInit                                build/stm32f4xx_hal_tim.o
HAL_TIM_OC_Start                                  build/stm32f4xx_hal_tim.o
HAL_TIM_OC_Start_DMA                              build/stm32f4xx_hal_tim.o
HAL_TIM_OC_Start_IT                               build/stm32f4xx_hal_tim.o
HAL_TIM_OC_Stop                                   build/stm32f4xx_hal_tim.o
HAL_TIM_OC_Stop_DMA                               build/stm32f4xx_hal_tim.o
HAL_TIM_OC_Stop_IT                                build/stm32f4xx_hal_tim.o
HAL_TIM_OnePulse_ConfigChannel                    build/stm32f4xx_hal_tim.o
HAL_TIM_OnePulse_DeInit                           build/stm32f4xx_hal_tim.o
HAL_TIM_OnePulse_GetState                         build/stm32f4xx_hal_tim.o
HAL_TIM_OnePulse_Init                             build/stm32f4xx_hal_tim.o
HAL_TIM_OnePulse_MspDeInit                        build/stm32f4xx_hal_tim.o
HAL_TIM_OnePulse_MspInit                          build/stm32f4xx_hal_tim.o
HAL_TIM_OnePulse_Start                            build/stm32f4xx_hal_tim.o
HAL_TIM_OnePulse_Start_IT                         build/stm32f4xx_hal_tim.o
HAL_TIM_OnePulse_Stop                             build/stm32f4xx_hal_tim.o
HAL_TIM_OnePulse_Stop_IT                          build/stm32f4xx_hal_tim.o
HAL_TIM_PWM_ConfigChannel                         build/stm32f4xx_hal_tim.o
HAL_TIM_PWM_DeInit                                build/stm32f4xx_hal_tim.o
HAL_TIM_PWM_GetState                              build/stm32f4xx_hal_tim.o
HAL_TIM_PWM_Init                                  build/stm32f4xx_hal_tim.o
HAL_TIM_PWM_MspDeInit                             build/stm32f4xx_hal_tim.o
HAL_TIM_PWM_MspInit                               build/stm32f4xx_hal_tim.o
HAL_TIM_PWM_PulseFinishedCallback                 build/stm32f4xx_hal_tim.o
                                                  build/stm32f4xx_hal_tim_ex.o
HAL_TIM_PWM_PulseFinishedHalfCpltCallback         build/stm32f4xx_hal_tim.o
HAL_TIM_PWM_Start                                 build/stm32f4xx_hal_tim.o
HAL_TIM_PWM_Start_DMA                             build/stm32f4xx_hal_tim.o
HAL_TIM_PWM_Start_IT                              build/stm32f4xx_hal_tim.o
HAL_TIM_PWM_Stop                                  build/stm32f4xx_hal_tim.o
HAL_TIM_PWM_Stop_DMA                              build/stm32f4xx_hal_tim.o
HAL_TIM_PWM_Stop_IT                               build/stm32f4xx_hal_tim.o
HAL_TIM_PeriodElapsedCallback                     build/tim.o
                                                  build/stm32f4xx_hal_tim.o
HAL_TIM_PeriodElapsedHalfCpltCallback             build/stm32f4xx_hal_tim.o
HAL_TIM_ReadCapturedValue                         build/stm32f4xx_hal_tim.o
HAL_TIM_SlaveConfigSynchro                        build/stm32f4xx_hal_tim.o
HAL_TIM_SlaveConfigSynchro_IT                     build/stm32f4xx_hal_tim.o
HAL_TIM_TriggerCallback                           build/stm32f4xx_hal_tim.o
HAL_TIM_TriggerHalfCpltCallback                   build/stm32f4xx_hal_tim.o
HASH_RNG_IRQHandler                               build/startup_stm32f407xx.o
HardFault_Handler                                 build/stm32f4xx_it.o
I2C1_ER_IRQHandler                                build/startup_stm32f407xx.o
I2C1_EV_IRQHandler                                build/startup_stm32f407xx.o
I2C2_ER_IRQHandler                                build/startup_stm32f407xx.o
I2C2_EV_IRQHandler                                build/startup_stm32f407xx.o
I2C3_ER_IRQHandler                                build/startup_stm32f407xx.o
I2C3_EV_IRQHandler                                build/startup_stm32f407xx.o
MX_DriverVbusFS                                   build/usbh_platform.o
                                                  build/usbh_conf.o
MX_GPIO_Init                                      build/gpio.o
                                                  build/main.o
MX_I2C1_Init                                      build/i2c.o
MX_I2S3_Init                                      build/i2s.o
MX_SPI1_Init                                      build/spi.o
MX_TIM2_Init                                      build/tim.o
                                                  build/main.o
MX_USB_HOST_Init                                  build/usb_host.o
MX_USB_HOST_Process                               build/usb_host.o
MemManage_Handler                                 build/stm32f4xx_it.o
NMI_Handler                                       build/stm32f4xx_it.o
OTG_FS_IRQHandler                                 build/stm32f4xx_it.o
OTG_FS_WKUP_IRQHandler                            build/startup_stm32f407xx.o
OTG_HS_EP1_IN_IRQHandler                          build/startup_stm32f407xx.o
OTG_HS_EP1_OUT_IRQHandler                         build/startup_stm32f407xx.o
OTG_HS_IRQHandler                                 build/startup_stm32f407xx.o
OTG_HS_WKUP_IRQHandler                            build/startup_stm32f407xx.o
PVD_IRQHandler                                    build/startup_stm32f407xx.o
PendSV_Handler                                    build/stm32f4xx_it.o
RCC_IRQHandler                                    build/startup_stm32f407xx.o
RTC_Alarm_IRQHandler                              build/startup_stm32f407xx.o
RTC_WKUP_IRQHandler                               build/startup_stm32f407xx.o
Reset_Handler                                     build/startup_stm32f407xx.o
SDIO_IRQHandler                                   build/startup_stm32f407xx.o
SPI1_IRQHandler                                   build/startup_stm32f407xx.o
SPI2_IRQHandler                                   build/startup_stm32f407xx.o
SPI3_IRQHandler                                   build/startup_stm32f407xx.o
SVC_Handler                                       build/stm32f4xx_it.o
SysTick_Handler                                   build/stm32f4xx_it.o
SystemClock_Config                                build/main.o
SystemCoreClock                                   build/system_stm32f4xx.o
                                                  build/stm32f4xx_hal_spi.o
                                                  build/stm32f4xx_hal_i2c.o
                                                  build/stm32f4xx_hal.o
                                                  build/stm32f4xx_hal_dma.o
                                                  build/stm32f4xx_hal_rcc_ex.o
                                                  build/stm32f4xx_hal_rcc.o
SystemCoreClockUpdate                             build/system_stm32f4xx.o
SystemInit                                        build/system_stm32f4xx.o
                                                  build/startup_stm32f407xx.o
TAMP_STAMP_IRQHandler                             build/startup_stm32f407xx.o
TIM1_BRK_TIM9_IRQHandler                          build/startup_stm32f407xx.o
TIM1_CC_IRQHandler                                build/startup_stm32f407xx.o
TIM1_TRG_COM_TIM11_IRQHandler                     build/startup_stm32f407xx.o
TIM1_UP_TIM10_IRQHandler                          build/startup_stm32f407xx.o
TIM2_IRQHandler                                   build/stm32f4xx_it.o
TIM3_IRQHandler                                   build/startup_stm32f407xx.o
TIM4_IRQHandler                                   build/startup_stm32f407xx.o
TIM5_IRQHandler                                   build/startup_stm32f407xx.o
TIM6_DAC_IRQHandler                               build/startup_stm32f407xx.o
TIM7_IRQHandler                                   build/startup_stm32f407xx.o
TIM8_BRK_TIM12_IRQHandler                         build/startup_stm32f407xx.o
TIM8_CC_IRQHandler                                build/startup_stm32f407xx.o
TIM8_TRG_COM_TIM14_IRQHandler                     build/startup_stm32f407xx.o
TIM8_UP_TIM13_IRQHandler                          build/startup_stm32f407xx.o
TIMEx_DMACommutationCplt                          build/stm32f4xx_hal_tim_ex.o
                                                  build/stm32f4xx_hal_tim.o
TIMEx_DMACommutationHalfCplt                      build/stm32f4xx_hal_tim_ex.o
                                                  build/stm32f4xx_hal_tim.o
TIM_Base_SetConfig                                build/stm32f4xx_hal_tim.o
                                                  build/stm32f4xx_hal_tim_ex.o
TIM_CCxChannelCmd                                 build/stm32f4xx_hal_tim.o
                                                  build/stm32f4xx_hal_tim_ex.o
TIM_DMACaptureCplt                                build/stm32f4xx_hal_tim.o
                                                  build/stm32f4xx_hal_tim_ex.o
TIM_DMACaptureHalfCplt                            build/stm32f4xx_hal_tim.o
                                                  build/stm32f4xx_hal_tim_ex.o
TIM_DMADelayPulseHalfCplt                         build/stm32f4xx_hal_tim.o
                                                  build/stm32f4xx_hal_tim_ex.o
TIM_DMAError                                      build/stm32f4xx_hal_tim.o
                                                  build/stm32f4xx_hal_tim_ex.o
TIM_ETR_SetConfig                                 build/stm32f4xx_hal_tim.o
TIM_OC2_SetConfig                                 build/stm32f4xx_hal_tim.o
                                                  build/stm32f4xx_hal_tim_ex.o
TIM_TI1_SetConfig                                 build/stm32f4xx_hal_tim.o
                                                  build/stm32f4xx_hal_tim_ex.o
UART4_IRQHandler                                  build/startup_stm32f407xx.o
UART5_IRQHandler                                  build/startup_stm32f407xx.o
USART1_IRQHandler                                 build/startup_stm32f407xx.o
USART2_IRQHandler                                 build/startup_stm32f407xx.o
USART3_IRQHandler                                 build/startup_stm32f407xx.o
USART6_IRQHandler                                 build/startup_stm32f407xx.o
USBH_AllocPipe                                    build/usbh_pipes.o
                                                  build/usbh_cdc.o
                                                  build/usbh_core.o
USBH_BulkReceiveData                              build/usbh_ioreq.o
                                                  build/usbh_cdc.o
USBH_BulkSendData                                 build/usbh_ioreq.o
                                                  build/usbh_cdc.o
USBH_CDC_GetLastReceivedDataSize                  build/usbh_cdc.o
USBH_CDC_GetLineCoding                            build/usbh_cdc.o
USBH_CDC_LineCodingChanged                        build/usbh_cdc.o
USBH_CDC_Receive                                  build/usbh_cdc.o
USBH_CDC_ReceiveCallback                          build/usbh_cdc.o
USBH_CDC_SetLineCoding                            build/usbh_cdc.o
USBH_CDC_Stop                                     build/usbh_cdc.o
USBH_CDC_Transmit                                 build/usbh_cdc.o
USBH_CDC_TransmitCallback                         build/usbh_cdc.o
USBH_ClosePipe                                    build/usbh_pipes.o
                                                  build/usbh_cdc.o
USBH_ClrFeature                                   build/usbh_ctlreq.o
                                                  build/usbh_cdc.o
USBH_CtlReceiveData                               build/usbh_ioreq.o
                                                  build/usbh_ctlreq.o
USBH_CtlReq                                       build/usbh_ctlreq.o
                                                  build/usbh_cdc.o
USBH_CtlSendData                                  build/usbh_ioreq.o
                                                  build/usbh_ctlreq.o
USBH_CtlSendSetup                                 build/usbh_ioreq.o
                                                  build/usbh_ctlreq.o
USBH_DeInit                                       build/usbh_core.o
USBH_Delay                                        build/usbh_conf.o
                                                  build/usbh_core.o